11-28 00:47:42.439   679  1715 W ActivityTaskManager:   Force finishing activity com.app.rokys/.MainActivity
11-28 00:47:42.440 32496 32496 I Module  : DeviceLockedStatusModuleProvider$Module.updateDeviceLockedStatus():103 repeatCheckTimes = 1, locked = false
11-28 00:47:42.441   933   996 V WindowManagerShell: Transition requested (#202): android.os.BinderProxy@d818028 TransitionRequestInfo { type = CLOSE, triggerTask = TaskInfo{userId=0 taskId=388 effectiveUid=10221 displayId=0 isRunning=true baseIntent=Intent { act=android.intent.action.MAIN cat=[android.intent.category.LAUNCHER] flg=0x10200000 cmp=com.app.rokys/.MainActivity } baseActivity=ComponentInfo{com.app.rokys/com.app.rokys.MainActivity} topActivity=ComponentInfo{com.app.rokys/com.app.rokys.MainActivity} origActivity=null realActivity=ComponentInfo{com.app.rokys/com.app.rokys.MainActivity} numActivities=1 lastActiveTime=13214359 supportsMultiWindow=true resizeMode=1 isResizeable=true minWidth=-1 minHeight=-1 defaultMinSize=220 token=WCT{android.window.IWindowContainerToken$Stub$Proxy@c1ff141} topActivityType=1 pictureInPictureParams=null shouldDockBigOverlays=false launchIntoPipHostTaskId=-1 lastParentTaskIdBeforePip=-1 displayCutoutSafeInsets=Rect(0, 0 - 0, 0) topActivityInfo=ActivityInfo{e61b6e6 com.app.rokys.MainActivity} launchCookies=[android.os.BinderProxy@e13c329] positionInParent=Point(0, 0) parentTaskId=-1 isFocused=true isVisible=true isVisibleRequested=true isTopActivityNoDisplay=false isSleeping=false locusId=null displayAreaFeatureId=1 isTopActivityTransparent=false isActivityStackTransparent=false lastNonFullscreenBounds=Rect(278, 711 - 803, 1791) capturedLink=null capturedLinkTimestamp=0 requestedVisibleTypes=-9 topActivityRequestOpenInBrowserEducationTimestamp=0 appCompatTaskInfo=AppCompatTaskInfo { topActivityInSizeCompat=false eligibleForLetterboxEducation= false isLetterboxEducationEnabled= true isLetterboxDoubleTapEnabled= false eligibleForUserAspectRatioButton= false topActivityBoundsLetterboxed= false isFromLetterboxDoubleTap= false topActivityLetterboxVerticalPosition= -1 topActivityLetterboxHorizontalPosition= -1 topActivityLetterboxWidth=-1 topActivityLetterboxHeight=-1 topActivityAppBounds=Rect(0, 0 - 1080, 2424) isUserFullscreenOverrideEnabled=false isSystemFullscreenOverrideEnabled=false hasMinAspectRatioOverride=false topActivityLetterboxBounds=null cameraCompatTaskInfo=CameraCompatTaskInfo { freeformCameraCompatMode=inactive}} topActivityMainWindowFrame=null}, pipChange = null, remoteTransition = null, displayChange = null, flags = 16, debugId = 202 }
11-28 00:47:42.445   679   751 I DropBoxManagerService: add tag=data_app_crash isTagEnabled=true flags=0x2
11-28 00:47:42.447   539   547 I BpBinder: onLastStrongRef automatically unlinking death recipients: 
11-28 00:47:42.457   640   694 I Process : Sending signal. PID: 640 SIG: 9
11-28 00:47:42.475   679  1676 W PackageConfigPersister: App-specific configuration not found for packageName: com.app.rokys and userId: 0
11-28 00:47:42.479   539   539 I BpBinder: onLastStrongRef automatically unlinking death recipients: 
11-28 00:47:42.480   679   798 W InputDispatcher: channel '12e0834 com.app.rokys/com.app.rokys.MainActivity' ~ Consumer closed input channel or an error occurred.  events=0x9
11-28 00:47:42.481   679   798 E InputDispatcher: channel '12e0834 com.app.rokys/com.app.rokys.MainActivity' ~ Channel is unrecoverably broken and will be disposed!
11-28 00:47:42.481   679   798 I WindowManager: WINDOW DIED Window{12e0834 u0 com.app.rokys/com.app.rokys.MainActivity}
11-28 00:47:42.485   465   465 I Zygote  : Process 640 exited due to signal 9 (Killed)
11-28 00:47:42.487   679  1739 I ActivityManager: Process com.app.rokys (pid 640) has died: fg  TOP 
11-28 00:47:42.489   679  2076 I ImeTracker: com.app.rokys:77efa0a3: onRequestHide at ORIGIN_SERVER reason HIDE_REMOVE_CLIENT fromUser false
11-28 00:47:42.492   679  2076 I ImeTracker: com.app.rokys:77efa0a3: onCancelled at PHASE_SERVER_SHOULD_HIDE
11-28 00:47:42.492   679   723 I libprocessgroup: Removed cgroup /sys/fs/cgroup/apps/uid_10221/pid_640
11-28 00:47:42.493   679   716 E IPCThreadState: Binder transaction failure. id: 1894107, BR_*: 29189, error: -3 (No such process)
11-28 00:47:42.493   679   716 W ActivityManager: pid 679 system sent binder code 54 with flags 1 to frozen apps and got error -32
11-28 00:47:42.500   679   716 W ClientLifecycleManager: Failed to deliver transaction for ProcessRecord{fbf241a 640:com.app.rokys/u0a221}
11-28 00:47:42.500   679   716 W ClientLifecycleManager: transaction=com.android.server.wm.ClientLifecycleManager@1eadd37
11-28 00:47:42.500   679   716 W ClientLifecycleManager: android.os.DeadObjectException
11-28 00:47:42.500   679   716 W ClientLifecycleManager: 	at android.os.BinderProxy.transactNative(Native Method)
11-28 00:47:42.500   679   716 W ClientLifecycleManager: 	at android.os.BinderProxy.transact(BinderProxy.java:592)
11-28 00:47:42.500   679   716 W ClientLifecycleManager: 	at android.app.IApplicationThread$Stub$Proxy.scheduleTransaction(IApplicationThread.java:2308)
11-28 00:47:42.500   679   716 W ClientLifecycleManager: 	at android.app.IApplicationThread$Delegator.scheduleTransaction(IApplicationThread.java:439)
11-28 00:47:42.500   679   716 W ClientLifecycleManager: 	at android.app.servertransaction.ClientTransaction.schedule(ClientTransaction.java:245)
11-28 00:47:42.500   679   716 W ClientLifecycleManager: 	at com.android.server.wm.ClientLifecycleManager.scheduleTransaction(ClientLifecycleManager.java:75)
11-28 00:47:42.500   679   716 W ClientLifecycleManager: 	at com.android.server.wm.ClientLifecycleManager.onClientTransactionItemScheduled(ClientLifecycleManager.java:240)
11-28 00:47:42.500   679   716 W ClientLifecycleManager: 	at com.android.server.wm.ClientLifecycleManager.scheduleTransactionItem(ClientLifecycleManager.java:119)
11-28 00:47:42.500   679   716 W ClientLifecycleManager: 	at com.android.server.wm.WindowProcessController.scheduleClientTransactionItem(WindowProcessController.java:1803)
11-28 00:47:42.500   679   716 W ClientLifecycleManager: 	at com.android.server.wm.WindowProcessController.scheduleClientTransactionItem(WindowProcessController.java:1796)
11-28 00:47:42.500   679   716 W ClientLifecycleManager: 	at com.android.server.wm.WindowState.notifyInsetsControlChanged(WindowState.java:3708)
11-28 00:47:42.500   679   716 W ClientLifecycleManager: 	at com.android.server.wm.InsetsStateController.lambda$notifyPendingInsetsControlChanged$4(InsetsStateController.java:442)
11-28 00:47:42.500   679   716 W ClientLifecycleManager: 	at com.android.server.wm.InsetsStateController.$r8$lambda$a0HV9ad2Wd_wQT3ba_TprluaiHw(InsetsStateController.java:0)
11-28 00:47:42.500   679   716 W ClientLifecycleManager: 	at com.android.server.wm.InsetsStateController$$ExternalSyntheticLambda1.run(R8$$SyntheticClass:0)
11-28 00:47:42.500   679   716 W ClientLifecycleManager: 	at com.android.server.wm.WindowAnimator.lambda$animate$2(WindowAnimator.java:209)
11-28 00:47:42.500   679   716 W ClientLifecycleManager: 	at com.android.server.wm.WindowAnimator.$r8$lambda$YA-_zT1Nyp9vmAAkWN_rtDVYlnE(WindowAnimator.java:0)
11-28 00:47:42.500   679   716 W ClientLifecycleManager: 	at com.android.server.wm.WindowAnimator$$ExternalSyntheticLambda2.onTransactionCommitted(R8$$SyntheticClass:0)
11-28 00:47:42.500   679   716 W ClientLifecycleManager: 	at android.view.SurfaceControl$Transaction$$ExternalSyntheticLambda4.run(D8$$SyntheticClass:0)
11-28 00:47:42.500   679   716 W ClientLifecycleManager: 	at android.os.Handler.handleCallback(Handler.java:995)
11-28 00:47:42.500   679   716 W ClientLifecycleManager: 	at android.os.Handler.dispatchMessage(Handler.java:103)
11-28 00:47:42.500   679   716 W ClientLifecycleManager: 	at android.os.Looper.loopOnce(Looper.java:248)
11-28 00:47:42.500   679   716 W ClientLifecycleManager: 	at android.os.Looper.loop(Looper.java:338)
11-28 00:47:42.500   679   716 W ClientLifecycleManager: 	at android.os.HandlerThread.run(HandlerThread.java:85)
11-28 00:47:42.500   679   716 W ClientLifecycleManager: 	at com.android.server.ServiceThread.run(ServiceThread.java:49)
11-28 00:47:42.501   679   716 W ActivityTaskManager: Failed for dead process. ClientTransactionItem=WindowStateInsetsControlChangeItem{mWindow=android.view.IWindow$Stub$Proxy@3c950f5} owner=ProcessRecord{fbf241a 640:com.app.rokys/u0a221}
11-28 00:47:42.504   679  1572 I WindowManager: WIN DEATH: Window{12e0834 u0 com.app.rokys/com.app.rokys.MainActivity EXITING}
11-28 00:47:42.516   679   840 D InetDiagMessage: Destroyed 0 sockets, proto=IPPROTO_TCP, family=AF_INET, states=14
11-28 00:47:42.518   679   840 D InetDiagMessage: Destroyed 0 sockets, proto=IPPROTO_TCP, family=AF_INET6, states=14
11-28 00:47:42.518   679   840 D InetDiagMessage: Destroyed live tcp sockets for uids={10221} in 3ms
11-28 00:47:42.519   679   840 D InetDiagMessage: Destroyed 0 sockets, proto=IPPROTO_TCP, family=AF_INET, states=14
11-28 00:47:42.521   679   840 D InetDiagMessage: Destroyed 0 sockets, proto=IPPROTO_TCP, family=AF_INET6, states=14
11-28 00:47:42.524   679   840 D InetDiagMessage: Destroyed live tcp sockets for uids={20221} in 4ms
11-28 00:47:42.526   679   715 W ActivityManager: setHasOverlayUi called on unknown pid: 640
11-28 00:47:42.528   679   890 D BackgroundInstallControlService: Package event received: 0
11-28 00:47:42.530   679   890 D BackgroundInstallControlService: Package event received: 0
11-28 00:47:42.530   679   890 D BackgroundInstallControlService: Package event received: 0
11-28 00:47:42.534 29882 29882 D NexusLauncherModelDelegate: notifySmartspaceEvent: SmartspaceTargetEvent{mSmartspaceTarget=null, mSmartspaceActionId='null', mEventType=6}
11-28 00:47:42.538 29882 29882 D BaseDepthController: mSurface is null and mCurrentBlur is: 0
11-28 00:47:42.547   679   715 V WindowManager: Unknown focus tokens, dropping reportFocusChanged
11-28 00:47:42.549 29882 29882 D BaseDepthController: setSurface:
11-28 00:47:42.549 29882 29882 D BaseDepthController: 	mWaitingOnSurfaceValidity: false
11-28 00:47:42.549 29882 29882 D BaseDepthController: 	mBaseSurface: Surface(name=com.google.android.apps.nexuslauncher/com.google.android.apps.nexuslauncher.NexusLauncherActivity)/@0xd02f991
11-28 00:47:42.694 29882 29882 D StatsLog: LAUNCHER_ONRESUME
11-28 00:47:42.698 29882 29882 I NotificationListener: Handling notification state refresh for com.android.systemui#0
11-28 00:47:42.699 29882 29944 D QuickstepModelDelegate: notifyAppTargetEvent action=1 launchLocation=
11-28 00:47:42.724   933  1230 V WindowManagerShell: onTransitionReady(transaction=2916282801345)
11-28 00:47:42.725   933   996 V WindowManagerShell: onTransitionReady (#202) android.os.BinderProxy@d818028: {id=202 t=CLOSE f=0x10 trk=0 r=[0@Point(0, 0)] c=[
11-28 00:47:42.725   933   996 V WindowManagerShell:         {m=TO_FRONT f=SHOW_WALLPAPER|MOVE_TO_TOP leash=Surface(name=Task=336)/@0x1392427 sb=Rect(0, 0 - 1080, 2424) eb=Rect(0, 0 - 1080, 2424) epz=Point(1080, 2424) d=0 taskParent=-1},
11-28 00:47:42.725   933   996 V WindowManagerShell:         {m=CLOSE f=NONE leash=Surface(name=Task=388)/@0xb8276d4 sb=Rect(0, 0 - 1080, 2424) eb=Rect(0, 0 - 1080, 2424) epz=Point(1080, 2424) d=0 taskParent=-1},
11-28 00:47:42.725   933   996 V WindowManagerShell:         {m=TO_FRONT f=IS_WALLPAPER leash=Surface(name=WallpaperWindowToken{dad9d3a showWhenLocked=false})/@0x2b9607d sb=Rect(0, 0 - 1080, 2424) eb=Rect(0, 0 - 1080, 2424) epz=Point(1080, 2424) d=0}
11-28 00:47:42.725   933   996 V WindowManagerShell:     ]}
11-28 00:47:42.726   933   996 V WindowManagerShell: Playing animation for (#202) android.os.BinderProxy@d818028@0
11-28 00:47:42.726   933   996 V ShellRecents: RecentsTransitionHandler.startAnimation: no controller found
11-28 00:47:42.726   933   996 V WindowManagerShell: Transition doesn't have explicit remote, search filters for match for {id=202 t=CLOSE f=0x10 trk=0 r=[0@Point(0, 0)] c=[{m=TO_FRONT f=SHOW_WALLPAPER|MOVE_TO_TOP leash=Surface(name=Task=336)/@0x1392427 sb=Rect(0, 0 - 1080, 2424) eb=Rect(0, 0 - 1080, 2424) epz=Point(1080, 2424) d=0 taskParent=-1},{m=CLOSE f=NONE leash=Surface(name=Task=388)/@0xb8276d4 sb=Rect(0, 0 - 1080, 2424) eb=Rect(0, 0 - 1080, 2424) epz=Point(1080, 2424) d=0 taskParent=-1},{m=TO_FRONT f=IS_WALLPAPER leash=Surface(name=WallpaperWindowToken{dad9d3a showWhenLocked=false})/@0x2b9607d sb=Rect(0, 0 - 1080, 2424) eb=Rect(0, 0 - 1080, 2424) epz=Point(1080, 2424) d=0}]}
11-28 00:47:42.726   933   996 V WindowManagerShell:  Checking filter Pair{{types=[] flags=0x0] notFlags=0x0 checks=[{atype=undefined independent=true modes=[CLOSE,TO_BACK] flags=IN_TASK_WITH_EMBEDDED_ACTIVITY mustBeTask=false order=ANY topActivity=null launchCookie=null taskFragmentToken=android.os.BinderProxy@2410950 windowingMode=undefined}]} RemoteTransition { remoteTransition = android.window.IRemoteTransition$Stub$Proxy@a678749, appThread = android.app.IApplicationThread$Stub$Proxy@4c3084e, debugName = overlayBackTransition }}
11-28 00:47:42.726   933   996 V WindowManagerShell:  Checking filter Pair{{types=[] flags=0x0] notFlags=0x0 checks=[{atype=dream independent=true modes=[OPEN,TO_FRONT] flags=NONE mustBeTask=false order=ANY topActivity=null launchCookie=null windowingMode=undefined},{atype=home independent=true modes=[CLOSE,TO_BACK] flags=NONE mustBeTask=false order=ANY topActivity=null launchCookie=null windowingMode=undefined}]} RemoteTransition { remoteTransition = android.window.IRemoteTransition$Stub$Proxy@de67d6f, appThread = android.app.IApplicationThread$Stub$Proxy@8356a7c, debugName = LauncherToDream }}
11-28 00:47:42.726   933   996 V WindowManagerShell:  Checking filter Pair{{types=[] flags=0x0] notFlags=0x100 checks=[{atype=home independent=true modes=[OPEN,TO_FRONT] flags=NONE mustBeTask=false order=TOP topActivity=ComponentInfo{com.google.android.apps.nexuslauncher/com.google.android.apps.nexuslauncher.NexusLauncherActivity} launchCookie=null windowingMode=undefined},{atype=standard independent=true modes=[CLOSE,TO_BACK] flags=NONE mustBeTask=false order=ANY topActivity=null launchCookie=null windowingMode=undefined},{NOT atype=undefined independent=true modes=[] flags=NONE mustBeTask=true order=ANY topActivity=null launchCookie=null customAnim=true windowingMode=undefined}]} RemoteTransition { remoteTransition = android.window.IRemoteTransition$Stub$Proxy@d184f05, appThread = android.app.IApplicationThread$Stub$Proxy@e4b5b5a, debugName = QuickstepLaunchHome }}
11-28 00:47:42.726   933   996 D RemoteTransitionHandler: Found filterPair{{types=[] flags=0x0] notFlags=0x100 checks=[{atype=home independent=true modes=[OPEN,TO_FRONT] flags=NONE mustBeTask=false order=TOP topActivity=ComponentInfo{com.google.android.apps.nexuslauncher/com.google.android.apps.nexuslauncher.NexusLauncherActivity} launchCookie=null windowingMode=undefined},{atype=standard independent=true modes=[CLOSE,TO_BACK] flags=NONE mustBeTask=false order=ANY topActivity=null launchCookie=null windowingMode=undefined},{NOT atype=undefined independent=true modes=[] flags=NONE mustBeTask=true order=ANY topActivity=null launchCookie=null customAnim=true windowingMode=undefined}]} RemoteTransition { remoteTransition = android.window.IRemoteTransition$Stub$Proxy@d184f05, appThread = android.app.IApplicationThread$Stub$Proxy@e4b5b5a, debugName = QuickstepLaunchHome }}
11-28 00:47:42.726   933   996 V WindowManagerShell:  Delegate animation for (#202) to RemoteTransition { remoteTransition = android.window.IRemoteTransition$Stub$Proxy@d184f05, appThread = android.app.IApplicationThread$Stub$Proxy@e4b5b5a, debugName = QuickstepLaunchHome }
11-28 00:47:42.731   585 21614 W IPCThreadState: Sending oneway calls to frozen process.
11-28 00:47:42.732 32483 32509 I AiAiEcho: Predicting[0]:  [CONTEXT sampling_count=5 ]
11-28 00:47:42.732 29882 29882 D b/311077782: LauncherAnimationRunner.setAnimation
11-28 00:47:42.733 32483 32509 I AiAiEcho: EchoTargets: 
11-28 00:47:42.733 32483 32509 I AiAiEcho: Filtered by AiAi flag check: 
11-28 00:47:42.733 32483 32509 I AiAiEcho: [CONTEXT ratelimit_period="10 SECONDS" ]
11-28 00:47:42.733 32483 32509 I AiAiEcho: #remoteViewsTwiddler: feature disabled.
11-28 00:47:42.737 32483 32509 I AiAiEcho: #postPredictionTargets: Sending updates to UISurface home with targets# 0 (types=[])
11-28 00:47:42.740 29882 29944 W HWUI    : Image decoding logging dropped!
11-28 00:47:42.821   494   494 I RanchuHwc: logCompositionFallbackIfChanged: layer 284 CompositionType fallback from 2 to 1
11-28 00:47:42.823   679   712 V WindowManager: Sent Transition (#202) createdAt=11-28 00:47:42.439 via request=TransitionRequestInfo { type = CLOSE, triggerTask = TaskInfo{userId=0 taskId=388 effectiveUid=10221 displayId=0 isRunning=true baseIntent=Intent { act=android.intent.action.MAIN cat=[android.intent.category.LAUNCHER] flg=0x10200000 cmp=com.app.rokys/.MainActivity } baseActivity=ComponentInfo{com.app.rokys/com.app.rokys.MainActivity} topActivity=ComponentInfo{com.app.rokys/com.app.rokys.MainActivity} origActivity=null realActivity=ComponentInfo{com.app.rokys/com.app.rokys.MainActivity} numActivities=1 lastActiveTime=13214359 supportsMultiWindow=true resizeMode=1 isResizeable=true minWidth=-1 minHeight=-1 defaultMinSize=220 token=WCT{RemoteToken{e839696 Task{ced5b2f #388 type=standard A=10221:com.app.rokys}}} topActivityType=1 pictureInPictureParams=null shouldDockBigOverlays=false launchIntoPipHostTaskId=-1 lastParentTaskIdBeforePip=-1 displayCutoutSafeInsets=Rect(0, 0 - 0, 0) topActivityInfo=ActivityInfo{3ed0217 com.app.rokys.MainActivity} launchCookies=[android.os.BinderProxy@7571604] positionInParent=Point(0, 0) parentTaskId=-1 isFocused=true isVisible=true isVisibleRequested=true isTopActivityNoDisplay=false isSleeping=false locusId=null displayAreaFeatureId=1 isTopActivityTransparent=false isActivityStackTransparent=false lastNonFullscreenBounds=Rect(278, 711 - 803, 1791) capturedLink=null capturedLinkTimestamp=0 requestedVisibleTypes=-9 topActivityRequestOpenInBrowserEducationTimestamp=0 appCompatTaskInfo=AppCompatTaskInfo { topActivityInSizeCompat=false eligibleForLetterboxEducation= false isLetterboxEducationEnabled= true isLetterboxDoubleTapEnabled= false eligibleForUserAspectRatioButton= false topActivityBoundsLetterboxed= false isFromLetterboxDoubleTap= false topActivityLetterboxVerticalPosition= -1 topActivityLetterboxHorizontalPosition= -1 topActivityLetterboxWidth=-1 topActivityLetterboxHeight=-1 topActivityAppBounds=Rect(0, 0 - 1080, 2424) isUserFullscreenOverrideEnabled=false isSystemFullscreenOverrideEnabled=false hasMinAspectRatioOverride=false topActivityLetterboxBounds=null cameraCompatTaskInfo=CameraCompatTaskInfo { freeformCameraCompatMode=inactive}} topActivityMainWindowFrame=null}, pipChange = null, remoteTransition = null, displayChange = null, flags = 16, debugId = 202 }
11-28 00:47:42.824   679   712 V WindowManager:     startWCT=WindowContainerTransaction { changes= {} hops= [] errorCallbackToken=null taskFragmentOrganizer=null }
11-28 00:47:42.824   679   712 V WindowManager:     info={id=202 t=CLOSE f=0x10 trk=0 r=[0@Point(0, 0)] c=[
11-28 00:47:42.824   679   712 V WindowManager:         {WCT{RemoteToken{4b6cca8 Task{6b7729c #336 type=home}}} m=TO_FRONT f=SHOW_WALLPAPER|MOVE_TO_TOP leash=Surface(name=Task=336)/@0x1aee451 sb=Rect(0, 0 - 1080, 2424) eb=Rect(0, 0 - 1080, 2424) epz=Point(1080, 2424) d=0 taskParent=-1},
11-28 00:47:42.824   679   712 V WindowManager:         {WCT{RemoteToken{e839696 Task{ced5b2f #388 type=standard A=10221:com.app.rokys}}} m=CLOSE f=NONE leash=Surface(name=Task=388)/@0xc53856c sb=Rect(0, 0 - 1080, 2424) eb=Rect(0, 0 - 1080, 2424) epz=Point(1080, 2424) d=0 taskParent=-1},
11-28 00:47:42.824   679   712 V WindowManager:         {m=TO_FRONT f=IS_WALLPAPER leash=Surface(name=WallpaperWindowToken{dad9d3a showWhenLocked=false})/@0x2f1367 sb=Rect(0, 0 - 1080, 2424) eb=Rect(0, 0 - 1080, 2424) epz=Point(1080, 2424) d=0}
11-28 00:47:42.824   679   712 V WindowManager:     ]}
11-28 00:47:42.832   933  1132 W WindowOnBackDispatcher: sendCancelIfRunning: isInProgress=false callback=android.view.ViewRootImpl$$ExternalSyntheticLambda13@620385b
11-28 00:47:42.833   679  2076 D CoreBackPreview: Window{85dc641 u0 Splash Screen com.app.rokys EXITING}: Setting back callback null
11-28 00:47:42.834   933   996 V WindowManagerShell:  animated by com.android.wm.shell.transition.RemoteTransitionHandler@d2f88a9
11-28 00:47:42.859   679   806 I ImeTracker: com.google.android.apps.nexuslauncher:8e39d5b6: onRequestHide at ORIGIN_SERVER reason HIDE_UNSPECIFIED_WINDOW fromUser false
11-28 00:47:42.861 32496 32496 I GoogleInputMethodService: GoogleInputMethodService.onFinishInput():2097 
11-28 00:47:42.862 32496 32496 I Module  : DeviceLockedStatusModuleProvider$Module.updateDeviceLockedStatus():103 repeatCheckTimes = 0, locked = false
11-28 00:47:42.862 32496 32496 I GoogleInputMethodService: GoogleInputMethodService.onStartInput():1347 onStartInput(EditorInfo{EditorInfo{packageName=com.google.android.apps.nexuslauncher, inputType=0, inputTypeString=NULL, enableLearning=false, autoCorrection=false, autoComplete=false, imeOptions=0, privateImeOptions=null, actionName=UNSPECIFIED, actionLabel=null, initialSelStart=-1, initialSelEnd=-1, initialCapsMode=0, label=null, fieldId=0, fieldName=null, extras=null, hintText=null, hintLocales=[]}}, false)
11-28 00:47:42.863 32496 32496 I Module  : DeviceLockedStatusModuleProvider$Module.updateDeviceLockedStatus():103 repeatCheckTimes = 1, locked = false
11-28 00:47:42.863   679  2099 I ImeTracker: system_server:9b2ec3b2: onRequestHide at ORIGIN_SERVER reason IME_REQUESTED_CHANGED_LISTENER fromUser false
11-28 00:47:42.864   679  1739 W PackageConfigPersister: App-specific configuration not found for packageName: com.google.android.apps.nexuslauncher and userId: 0
11-28 00:47:42.866   679   715 I ImeTracker: system_server:9b2ec3b2: onCancelled at PHASE_SERVER_SHOULD_HIDE
11-28 00:47:42.874 29882 29882 D InsetsController: hide(ime(), fromIme=false)
11-28 00:47:42.875 29882 29882 I ImeTracker: com.google.android.apps.nexuslauncher:8e39d5b6: onCancelled at PHASE_CLIENT_ALREADY_HIDDEN
11-28 00:47:42.964   679   715 W ActivityTaskManager: Activity top resumed state loss timeout for ActivityRecord{264750350 u0 com.app.rokys/.MainActivity t388 f} isExiting}
11-28 00:47:43.066 29882 29882 D SsBaseTemplateCard: No text view can be set up
11-28 00:47:43.066 29882 29882 D SsBaseTemplateCard: Passed-in item info is null
11-28 00:47:43.066 29882 29882 D SsBaseTemplateCard: Passed-in item info is null
11-28 00:47:43.066 29882 29882 D SsBaseTemplateCard: Passed-in item info is null
11-28 00:47:43.066 29882 29882 I SsBaseTemplateCard: Secondary card pane is null
11-28 00:47:43.071   933   996 V WindowManagerShell: Transition animation finished (aborted=false), notifying core (#202) android.os.BinderProxy@d818028@0
11-28 00:47:43.073   679   712 V WindowManager: Finish Transition (#202): created at 11-28 00:47:42.439 collect-started=0.044ms request-sent=0.269ms started=16.984ms ready=80.336ms sent=284.134ms commit=23.945ms finished=633.436ms
11-28 00:47:43.076   679  1739 E IPCThreadState: Binder transaction failure. id: 1894790, BR_*: 29189, error: -22 (Invalid argument)
11-28 00:47:43.076   679  1739 W ActivityManager: pid 679 system sent binder code 7 with flags 1 to frozen apps and got error -32
11-28 00:47:43.076   679  1739 D ActivityManager: Too many transaction errors, throttling freezer binder callback.
11-28 00:47:43.080   679  1739 W WindowManager: Exception thrown during dispatchAppVisibility Window{12e0834 u0 com.app.rokys/com.app.rokys.MainActivity EXITING}
11-28 00:47:43.080   679  1739 W WindowManager: android.os.DeadObjectException
11-28 00:47:43.080   679  1739 W WindowManager: 	at android.os.BinderProxy.transactNative(Native Method)
11-28 00:47:43.080   679  1739 W WindowManager: 	at android.os.BinderProxy.transact(BinderProxy.java:592)
11-28 00:47:43.080   679  1739 W WindowManager: 	at android.view.IWindow$Stub$Proxy.dispatchAppVisibility(IWindow.java:557)
11-28 00:47:43.080   679  1739 W WindowManager: 	at com.android.server.wm.WindowState.sendAppVisibilityToClients(WindowState.java:3151)
11-28 00:47:43.080   679  1739 W WindowManager: 	at com.android.server.wm.WindowContainer.sendAppVisibilityToClients(WindowContainer.java:1311)
11-28 00:47:43.080   679  1739 W WindowManager: 	at com.android.server.wm.WindowToken.setClientVisible(WindowToken.java:389)
11-28 00:47:43.080   679  1739 W WindowManager: 	at com.android.server.wm.ActivityRecord.setClientVisible(ActivityRecord.java:6650)
11-28 00:47:43.080   679  1739 W WindowManager: 	at com.android.server.wm.ActivityRecord.commitVisibility(ActivityRecord.java:5561)
11-28 00:47:43.080   679  1739 W WindowManager: 	at com.android.server.wm.Transition.finishTransition(Transition.java:1391)
11-28 00:47:43.080   679  1739 W WindowManager: 	at com.android.server.wm.TransitionController.finishTransition(TransitionController.java:1029)
11-28 00:47:43.080   679  1739 W WindowManager: 	at com.android.server.wm.WindowOrganizerController.finishTransition(WindowOrganizerController.java:496)
11-28 00:47:43.080   679  1739 W WindowManager: 	at android.window.IWindowOrganizerController$Stub.onTransact(IWindowOrganizerController.java:261)
11-28 00:47:43.080   679  1739 W WindowManager: 	at com.android.server.wm.WindowOrganizerController.onTransact(WindowOrganizerController.java:223)
11-28 00:47:43.080   679  1739 W WindowManager: 	at android.os.Binder.execTransactInternal(Binder.java:1421)
11-28 00:47:43.080   679  1739 W WindowManager: 	at android.os.Binder.execTransact(Binder.java:1365)
11-28 00:47:43.081   679  1739 W Process : Unable to open /proc/640/status
11-28 00:47:43.087   933   996 V WindowManagerShell: Track 0 became idle
11-28 00:47:43.087   933   996 V WindowManagerShell: All active transition animations finished
11-28 00:47:43.093   679  5257 I EGL_emulation: Opening libGLESv1_CM_emulation.so
11-28 00:47:43.093   679  5257 I EGL_emulation: Opening libGLESv2_emulation.so
11-28 00:47:43.132   679  5257 W HWUI    : Failed to choose config with EGL_SWAP_BEHAVIOR_PRESERVED, retrying without...
11-28 00:47:43.133   679  5257 W HWUI    : Failed to initialize 101010-2 format, error = EGL_SUCCESS
11-28 00:47:43.162   539   539 E BpTransactionCompletedListener: Failed to transact (-32)
11-28 00:47:43.165 29882 29882 D RecentsView: onTaskRemoved: 388, not handling task stack changes
11-28 00:47:43.165 29882 29882 D RecentsView: onTaskRemoved: 388, not handling task stack changes
11-28 00:47:44.460   476  4418 D android.hardware.audio@7.1-impl.ranchu: threadLoop: entering standby, frames: 9122880
11-28 00:47:44.460   476  4418 D android.hardware.audio@7.1-impl.ranchu: ~TinyalsaSink: stopping PCM stream
11-28 00:47:44.462   476  4418 D android.hardware.audio@7.1-impl.ranchu: ~TinyalsaSink: joining consumeThread
11-28 00:47:44.462   476   388 W android.hardware.audio@7.1-impl.ranchu: pcmWrite:259 pcm_writei failed with 'cannot read/write stream data: File descriptor in bad state' (-1)
11-28 00:47:44.462   476   388 E android.hardware.audio@7.1-impl.ranchu: pcmWrite:260 failure: -1
11-28 00:47:44.462   476   388 D android.hardware.audio@7.1-impl.ranchu: consumeThread: exiting
11-28 00:47:44.925   679  1547 E TaskPersister: File error accessing recents directory (directory doesn't exist?).
11-28 00:47:49.040  1060  1276 D SatelliteController: iisInCarrierRoamingNbIotNtn: satellite is disabled
11-28 00:47:52.545   679   901 E ClipboardService: Denying clipboard access to com.android.chrome, application is not in focus nor is it a system service for user 0
11-28 00:47:52.549 32483 32514 I AiAiTranslate: C2T - not in a conversation
11-28 00:47:52.552   933   933 I ClipboardListener: Clipboard overlay suppressed.
11-28 00:47:53.905 30877 31833 I NetworkScheduler.Stats: (REDACTED) Task %s/%s started execution. cause:%s exec_start_elapsed_seconds: %s
11-28 00:47:53.906 30877   763 I TapAndPay: deviceSupportsHce has detected emulator [CONTEXT service_id=79 ]
11-28 00:47:53.906 30877   763 I .gms.persistent: AssetManager2(0x78a111ddf598) locale list changing from [] to [en-US]
11-28 00:47:53.908 30877   763 I TapAndPay: NfcAdapter is null while obtaining CardEmulation instance. [CONTEXT service_id=79 ]
11-28 00:47:53.914 30877 31833 I NetworkScheduler.Stats: (REDACTED) Task %s/%s finished executing. cause:%s result: %s elapsed_millis: %s uptime_millis: %s exec_start_elapsed_seconds: %s
11-28 00:47:59.040  1060  1276 D SatelliteController: iisInCarrierRoamingNbIotNtn: satellite is disabled
11-28 00:48:09.040  1060  1276 D SatelliteController: iisInCarrierRoamingNbIotNtn: satellite is disabled
11-28 00:48:19.040  1060  1276 D SatelliteController: iisInCarrierRoamingNbIotNtn: satellite is disabled
11-28 00:48:21.167   679   901 E ClipboardService: Denying clipboard access to com.android.chrome, application is not in focus nor is it a system service for user 0
11-28 00:48:21.168 32483 32514 I AiAiTranslate: C2T - not in a conversation
11-28 00:48:21.169   933   933 I ClipboardListener: Clipboard overlay suppressed.
11-28 00:48:27.652   679   901 D androidtc: Initializing SystemTextClassifier, type = System
11-28 00:48:27.653   679   901 E ClipboardService: Denying clipboard access to com.android.chrome, application is not in focus nor is it a system service for user 0
11-28 00:48:27.653 32483 32483 I AiAiTextClassifier: onCreateTextClassificationSession = TextClassificationSessionId {ac3035fe-9267-4504-bde3-6b344ff59686}
11-28 00:48:27.655 32483 32514 I AiAiTranslate: C2T - not in a conversation
11-28 00:48:27.655   933   933 I ClipboardListener: Clipboard overlay suppressed.
11-28 00:48:27.658 32496   769 D androidtc: Initializing SystemTextClassifier, type = System
11-28 00:48:27.658 32483 32519 I AiAiTextClassifier: GenerateLinks did not find valid links, returning empty result
11-28 00:48:27.658   679   902 E ClipboardService: Denying clipboard access to com.android.chrome, application is not in focus nor is it a system service for user 0
11-28 00:48:27.659   933   933 I ClipboardListener: Clipboard overlay suppressed.
11-28 00:48:27.662 32483 32519 I AiAiTextClassifier: GenerateLinks did not find valid links, returning empty result
11-28 00:48:28.521 30877 31833 I AlarmManager: setExactAndAllowWhileIdle [name: GCM_HB_ALARM type: 2 triggerAtMillis: 14041242]
11-28 00:48:28.522 30877 31833 I AlarmManager: setExactAndAllowWhileIdle [name: GCM_HB_ALARM type: 2 triggerAtMillis: 14041243]
11-28 00:48:29.040  1060  1276 D SatelliteController: iisInCarrierRoamingNbIotNtn: satellite is disabled
11-28 00:48:31.104   679   901 D androidtc: Initializing SystemTextClassifier, type = System
11-28 00:48:31.105   679   901 E ClipboardService: Denying clipboard access to com.android.chrome, application is not in focus nor is it a system service for user 0
11-28 00:48:31.106 32483 32483 I AiAiTextClassifier: onCreateTextClassificationSession = TextClassificationSessionId {310302e8-195b-42c9-8a33-57eabb102f58}
11-28 00:48:31.107   933   933 I ClipboardListener: Clipboard overlay suppressed.
11-28 00:48:31.107 32483 32514 I AiAiTranslate: C2T - not in a conversation
11-28 00:48:31.110 32483 32519 I AiAiTextClassifier: GenerateLinks did not find valid links, returning empty result
11-28 00:48:31.110   679   902 E ClipboardService: Denying clipboard access to com.android.chrome, application is not in focus nor is it a system service for user 0
11-28 00:48:31.113   933   933 I ClipboardListener: Clipboard overlay suppressed.
11-28 00:48:31.113 32483 32519 I AiAiTextClassifier: GenerateLinks did not find valid links, returning empty result
