--------- beginning of main
11-28 00:47:27.255   679   901 D androidtc: Initializing SystemTextClassifier, type = System
--------- beginning of system
11-28 00:47:27.257   679   901 E ClipboardService: Denying clipboard access to com.android.chrome, application is not in focus nor is it a system service for user 0
11-28 00:47:27.258 32483 32483 I AiAiTextClassifier: onCreateTextClassificationSession = TextClassificationSessionId {5bb94cec-54fd-43d1-88a0-044448d1c278}
11-28 00:47:27.260   933   933 I ClipboardListener: Clipboard overlay suppressed.
11-28 00:47:27.261 32483 32514 I AiAiTranslate: C2T - not in a conversation
11-28 00:47:27.264 32483 32519 I AiAiTextClassifier: GenerateLinks did not find valid links, returning empty result
11-28 00:47:27.266   679   902 E ClipboardService: Denying clipboard access to com.android.chrome, application is not in focus nor is it a system service for user 0
11-28 00:47:27.269 32483 32519 I AiAiTextClassifier: GenerateLinks did not find valid links, returning empty result
11-28 00:47:27.271   933   933 I ClipboardListener: Clipboard overlay suppressed.
11-28 00:47:29.039  1060  1276 D SatelliteController: iisInCarrierRoamingNbIotNtn: satellite is disabled
11-28 00:47:36.089   679  1739 D WifiNl80211Manager: Scan result ready event
11-28 00:47:36.089   679  1739 D WifiNative: Scan result ready event
11-28 00:47:36.090 30877 30991 I WifiScanner: onFullResults
11-28 00:47:36.092   679   834 I HalDevMgr: bestIfaceCreationProposal is null, requestIface=STA, existingIface=[name=wlan0 type=STA]
11-28 00:47:39.040  1060  1276 D SatelliteController: iisInCarrierRoamingNbIotNtn: satellite is disabled
11-28 00:47:40.298 29882 29882 I KeyboardInsetsHandler: shouldKeyboardTransition, status=false toState:AllApps StateManager(mLastStableState:Normal, mCurrentStableState:Normal, mState:Normal, mRestState:null, isInTransition:false) isImeShown:false isImeShowRequested:false enableKeyboardAlwaysUp:false isUserControlled:true isFromIntentOrA11y:false
11-28 00:47:40.300 29882 29882 D StatsLog: LAUNCHER_GOOGLE_ALL_APPS_ENTRY_WITH_KEYBOARD_DISABLED
11-28 00:47:40.300   933   996 D WindowManagerShell: setLauncherKeepClearAreaHeight: visible=false, height=527
11-28 00:47:40.302 29882 29882 D StateManager: onStateTransitionStart - state: AllApps
11-28 00:47:40.307   679   890 D BackgroundInstallControlService: Package event received: 0
11-28 00:47:40.329   539   539 I BpBinder: onLastStrongRef automatically unlinking death recipients: 
11-28 00:47:40.506 29882 29882 D StateManager: onStateTransitionStart - state: AllApps
11-28 00:47:40.509 29882 29882 D StateManager: onStateTransitionEnd - state: AllApps
11-28 00:47:40.510   679   890 D BackgroundInstallControlService: Package event received: 0
11-28 00:47:40.510 29882 29882 D RecentsView: reset - mEnableDrawingLiveTile: false, mRecentsAnimationController: null
11-28 00:47:40.512 29882 30272 D StatsLog: LAUNCHER_GOOGLE_SEARCH_GMS_PLAY_INIT_CHANNEL
11-28 00:47:40.516 29882 29882 D StatsLog: LAUNCHER_ALLAPPS_OPEN_UP
11-28 00:47:40.537   679   890 D BackgroundInstallControlService: Package event received: 0
11-28 00:47:40.539   679   890 D BackgroundInstallControlService: Package event received: 0
11-28 00:47:40.541   679   890 D BackgroundInstallControlService: Package event received: 0
11-28 00:47:40.542 30877 30877 I .gms.persistent: AssetManager2(0x78a111de43b8) locale list changing from [] to [en-US]
11-28 00:47:40.543 29882 30272 D GmsPlayProvider: Created the binder channel successfully for end point component =ComponentInfo{com.google.android.gms/com.google.android.gms.play.cloud.search.PlayCloudSearchEndpointService} , mChannel=k1{delegate=e{logId=17, target=directaddress:///AndroidComponentAddress%5BIntent%20%7B%20act=com.google.android.gms.play.cloud.search.grpc.io.action.BIND%20cmp=com.google.android.gms/.play.cloud.search.PlayCloudSearchEndpointService%20%7D%5D}} , mConnection=N2.v@445ee63
11-28 00:47:40.545   679   679 D SearchUiPerUserService: Resurrecting remote service (RemoteSearchUiService[ComponentInfo{com.google.android.as/com.google.android.apps.miphone.aiai.app.AiAiSearchUiService} 124670503 (bound)]) for session Id=com.google.android.apps.nexuslauncher:86a9b114-6caa-4086-8710-f6149fd02bb5,0 and 1 callbacks.
11-28 00:47:40.548 30877 30877 I GmsCoreXrpcWrapper: (REDACTED) Creating a custom channel provider with trafficStatsTag=%d trafficStatsUid=%d
11-28 00:47:40.549 30877 30877 I PlayCloudSearchChimeraS: Starting the server
11-28 00:47:40.549 30877 30877 I PlayCloudSearchLifeCycl: Starting the GRPC server
11-28 00:47:40.550 30877 30877 I PlayCloudSearchChimeraS: onBind called
11-28 00:47:40.551   679   679 D SearchUiPerUserService: Storing callback for session Id=com.google.android.apps.nexuslauncher:86a9b114-6caa-4086-8710-f6149fd02bb5,0 and callback=android.os.BinderProxy@837fde4
11-28 00:47:40.553 32483 32483 I AiAiEcho: SearchContextManagerImpl::setSearchContext resultTypes=[139867] extras=[Bundle[{launcher.maxInlineIcons=3, dynamic_ranking_m3_enabled=true, qs_tiles_asi_enabled=true, allowlist_enabled=false, one_search_enabled=true, system_clock=true, version_code=12, gms_play_query_lower_bound=2, gms_play_query_upper_bound=20, recent_search_block_enabled=true, gms_play_feature_supported=true, launcher.gridSize=4, showhiddentargets_enabled=false, ose_info=1}]] sessionId=[com.google.android.apps.nexuslauncher:86a9b114-6caa-4086-8710-f6149fd02bb5,0]
11-28 00:47:40.557 29882 29943 D SearchTargetUtil: queryLength=0 size=1
11-28 00:47:40.557 29882 29943 D SearchTargetUtil: layoutType=icon_row resultType=4096 packageName=
11-28 00:47:40.565 29882 29882 D SearchTargetUtil: queryLength=0 size=4
11-28 00:47:40.565 29882 29882 D SearchTargetUtil: layoutType=educard resultType=524288 packageName=
11-28 00:47:40.565 29882 29882 D SearchTargetUtil: layoutType=empty_divider resultType=262144 packageName=
11-28 00:47:40.565 29882 29882 D SearchTargetUtil: layoutType=placeholder resultType=131072 packageName=com.google.android.googlequicksearchbox
11-28 00:47:40.565 29882 29882 D SearchTargetUtil: layoutType=empty_divider resultType=262144 packageName=
11-28 00:47:40.571 30877 31833 I GmsNetworkEngineImageFe: warmup called
11-28 00:47:40.571 30877 31833 I GmsNetworkEngineImageFe: fetchImage called
11-28 00:47:40.571 30877 31833 I GmsNetworkEngineImageFe: (REDACTED) image url: %s
11-28 00:47:40.579 30877 31833 I PlayCloudSearchServiceI: (REDACTED) getCompletions called on thread %s
11-28 00:47:40.581 30877 31833 I PlayCloudSearchServiceI: Empty account name
11-28 00:47:41.387 29882 29882 D b/387844520: getOutlineOffsetX: measured width = 173, mNormalizedIconSize = 159, last updated width = 173
11-28 00:47:41.389 29882 29944 I s.nexuslauncher: AssetManager2(0x78a111dd97d8) locale list changing from [] to [en-US]
11-28 00:47:41.394   679  1715 V GrammaticalInflectionUtils: AttributionSource: android.content.AttributionSource@9ca48356 does not have READ_SYSTEM_GRAMMATICAL_GENDER permission.
11-28 00:47:41.394   679  1715 W OptProp : Cannot read opt property android.window.PROPERTY_COMPAT_ALLOW_USER_ASPECT_RATIO_OVERRIDE
11-28 00:47:41.394   679  1715 W OptProp : Cannot read opt property android.window.PROPERTY_COMPAT_ALLOW_USER_ASPECT_RATIO_FULLSCREEN_OVERRIDE
11-28 00:47:41.394   679  1715 W OptProp : Cannot read opt property android.window.PROPERTY_COMPAT_ALLOW_RESIZEABLE_ACTIVITY_OVERRIDES
11-28 00:47:41.394   679  1715 W OptProp : Cannot read opt property android.window.PROPERTY_COMPAT_ALLOW_MIN_ASPECT_RATIO_OVERRIDE
11-28 00:47:41.397 29882 29944 W HWUI    : Image decoding logging dropped!
11-28 00:47:41.402   679  2103 W AS.PlaybackActivityMon: No piid assigned for invalid/internal port id 15
11-28 00:47:41.413   679  1715 W OptProp : Cannot read opt property android.window.PROPERTY_COMPAT_ALLOW_ORIENTATION_OVERRIDE
11-28 00:47:41.419   933   996 V WindowManagerShell: Transition requested (#201): android.os.BinderProxy@e50a662 TransitionRequestInfo { type = OPEN, triggerTask = TaskInfo{userId=0 taskId=388 effectiveUid=10221 displayId=0 isRunning=true baseIntent=Intent { act=android.intent.action.MAIN cat=[android.intent.category.LAUNCHER] flg=0x10200000 cmp=com.app.rokys/.MainActivity } baseActivity=ComponentInfo{com.app.rokys/com.app.rokys.MainActivity} topActivity=ComponentInfo{com.app.rokys/com.app.rokys.MainActivity} origActivity=null realActivity=ComponentInfo{com.app.rokys/com.app.rokys.MainActivity} numActivities=1 lastActiveTime=13214138 supportsMultiWindow=true resizeMode=1 isResizeable=true minWidth=-1 minHeight=-1 defaultMinSize=220 token=WCT{android.window.IWindowContainerToken$Stub$Proxy@cd4e3f3} topActivityType=1 pictureInPictureParams=null shouldDockBigOverlays=false launchIntoPipHostTaskId=-1 lastParentTaskIdBeforePip=-1 displayCutoutSafeInsets=Rect(0, 142 - 0, 0) topActivityInfo=ActivityInfo{50b48b0 com.app.rokys.MainActivity} launchCookies=[android.os.BinderProxy@e13c329] positionInParent=Point(0, 0) parentTaskId=-1 isFocused=false isVisible=false isVisibleRequested=false isTopActivityNoDisplay=false isSleeping=false locusId=null displayAreaFeatureId=1 isTopActivityTransparent=false isActivityStackTransparent=false lastNonFullscreenBounds=Rect(278, 711 - 803, 1791) capturedLink=null capturedLinkTimestamp=0 requestedVisibleTypes=-9 topActivityRequestOpenInBrowserEducationTimestamp=0 appCompatTaskInfo=AppCompatTaskInfo { topActivityInSizeCompat=false eligibleForLetterboxEducation= false isLetterboxEducationEnabled= true isLetterboxDoubleTapEnabled= false eligibleForUserAspectRatioButton= false topActivityBoundsLetterboxed= false isFromLetterboxDoubleTap= false topActivityLetterboxVerticalPosition= -1 topActivityLetterboxHorizontalPosition= -1 topActivityLetterboxWidth=-1 topActivityLetterboxHeight=-1 topActivityAppBounds=Rect(0, 0 - 1080, 2424) isUserFullscreenOverrideEnabled=false isSystemFullscreenOverrideEnabled=false hasMinAspectRatioOverride=false topActivityLetterboxBounds=null cameraCompatTaskInfo=CameraCompatTaskInfo { freeformCameraCompatMode=inactive}} topActivityMainWindowFrame=null}, pipChange = null, remoteTransition = RemoteTransition { remoteTransition = android.window.IRemoteTransition$Stub$Proxy@e96c6ae, appThread = android.app.IApplicationThread$Stub$Proxy@f4fcc4f, debugName = QuickstepLaunch }, displayChange = null, flags = 0, debugId = 201 }
11-28 00:47:41.419   679  1715 I ActivityTaskManager: START u0 {act=android.intent.action.MAIN cat=[android.intent.category.LAUNCHER] flg=0x10200000 xflg=0x4 cmp=com.app.rokys/.MainActivity bnds=[46,746][293,1061]} with LAUNCH_SINGLE_TASK from uid 10178 (sr=221678446) (BAL_ALLOW_VISIBLE_WINDOW) result code=0
11-28 00:47:41.419   933   996 D ShellSplitScreen: logExit: no-op, mLoggerSessionId is null
11-28 00:47:41.419   933   996 V WindowManagerShell: RemoteTransition directly requested for (#201) android.os.BinderProxy@e50a662: RemoteTransition { remoteTransition = android.window.IRemoteTransition$Stub$Proxy@e96c6ae, appThread = android.app.IApplicationThread$Stub$Proxy@f4fcc4f, debugName = QuickstepLaunch }
11-28 00:47:41.419   933   996 V WindowManagerShell: Transition (#201): request handled by DefaultMixedHandler
11-28 00:47:41.422 29882 29882 D StatsLog: LAUNCHER_APP_LAUNCH_TAP
11-28 00:47:41.422 29882 29882 D StatsLog: LAUNCHER_HOTSEAT_RANKED
11-28 00:47:41.424   933  1132 I ndroid.systemui: AssetManager2(0x78a111ded698) locale list changing from [] to [en-US]
11-28 00:47:41.428 29882 29944 D QuickstepModelDelegate: notifyAppTargetEvent action=1 launchLocation=all-apps
11-28 00:47:41.430 29882 29882 W SplitSelectStateCtor: Missing session instanceIds
11-28 00:47:41.430 29882 29882 D StatsLog: LAUNCHER_SPLIT_SELECTION_EXIT_INTERRUPTED
11-28 00:47:41.434   679   715 V GrammaticalInflectionUtils: AttributionSource: android.content.AttributionSource@9ca48356 does not have READ_SYSTEM_GRAMMATICAL_GENDER permission.
11-28 00:47:41.435   933  1133 W HWUI    : Image decoding logging dropped!
11-28 00:47:41.440   539   547 I BpBinder: onLastStrongRef automatically unlinking death recipients: 
11-28 00:47:41.444   679   890 D BackgroundInstallControlService: Package event received: 0
11-28 00:47:41.445   679   890 D BackgroundInstallControlService: Package event received: 0
11-28 00:47:41.446   679   890 D BackgroundInstallControlService: Package event received: 0
11-28 00:47:41.448   539   539 I BpBinder: onLastStrongRef automatically unlinking death recipients: 
11-28 00:47:41.449   585   585 W IPCThreadState: Sending oneway calls to frozen process.
11-28 00:47:41.453   679   715 W IPCThreadState: Sending oneway calls to frozen process.
11-28 00:47:41.453   679   715 W IPCThreadState: Sending oneway calls to frozen process.
11-28 00:47:41.454   679   715 W IPCThreadState: Sending oneway calls to frozen process.
11-28 00:47:41.454   679   715 W IPCThreadState: Sending oneway calls to frozen process.
11-28 00:47:41.454   679   715 W IPCThreadState: Sending oneway calls to frozen process.
11-28 00:47:41.454   679   715 W IPCThreadState: Sending oneway calls to frozen process.
11-28 00:47:41.454   679   715 W IPCThreadState: Sending oneway calls to frozen process.
11-28 00:47:41.454   679   715 W IPCThreadState: Sending oneway calls to frozen process.
11-28 00:47:41.454   679   715 W IPCThreadState: Sending oneway calls to frozen process.
11-28 00:47:41.454   679   715 W IPCThreadState: Sending oneway calls to frozen process.
11-28 00:47:41.457   679   890 D BackgroundInstallControlService: Package event received: 0
11-28 00:47:41.457   679   890 D BackgroundInstallControlService: Package event received: 0
11-28 00:47:41.457   679   890 D BackgroundInstallControlService: Package event received: 0
11-28 00:47:41.457   679   890 D BackgroundInstallControlService: Package event received: 0
11-28 00:47:41.457   679   890 D BackgroundInstallControlService: Package event received: 0
11-28 00:47:41.457   679   890 D BackgroundInstallControlService: Package event received: 0
11-28 00:47:41.457   679   890 D BackgroundInstallControlService: Package event received: 0
11-28 00:47:41.457   679   890 D BackgroundInstallControlService: Package event received: 0
11-28 00:47:41.457   679   890 D BackgroundInstallControlService: Package event received: 0
11-28 00:47:41.457   679   890 D BackgroundInstallControlService: Package event received: 0
11-28 00:47:41.457   679   890 D BackgroundInstallControlService: Package event received: 0
11-28 00:47:41.457   679   890 D BackgroundInstallControlService: Package event received: 0
11-28 00:47:41.457   679   890 D BackgroundInstallControlService: Package event received: 0
11-28 00:47:41.457   679   890 D BackgroundInstallControlService: Package event received: 0
11-28 00:47:41.457   679   890 D BackgroundInstallControlService: Package event received: 0
11-28 00:47:41.458   679   890 D BackgroundInstallControlService: Package event received: 0
11-28 00:47:41.459   679  1676 D CoreBackPreview: Window{85dc641 u0 Splash Screen com.app.rokys}: Setting back callback OnBackInvokedCallbackInfo{mCallback=android.window.IOnBackInvokedCallback$Stub$Proxy@2b78127, mPriority=0, mIsAnimationCallback=false, mOverrideBehavior=0}
11-28 00:47:41.465   465   465 D Zygote  : Forked child process 640
11-28 00:47:41.468   679   722 I ActivityManager: Start proc 640:com.app.rokys/u0a221 for next-top-activity {com.app.rokys/com.app.rokys.MainActivity}
11-28 00:47:41.469   679   722 I ActivityManager: ProcessObserver broadcast disabled
11-28 00:47:41.474   640   640 I com.app.rokys: Using CollectorTypeCC GC.
11-28 00:47:41.475   640   640 W com.app.rokys: Unexpected CPU variant for x86: x86_64.
11-28 00:47:41.475   640   640 W com.app.rokys: Known variants: atom, sandybridge, silvermont, goldmont, goldmont-plus, goldmont-without-sha-xsaves, tremont, kabylake, alderlake, default
11-28 00:47:41.477   640   640 E com.app.rokys: Not starting debugger since process cannot load the jdwp agent.
11-28 00:47:41.482   640   640 D nativeloader: Load libframework-connectivity-tiramisu-jni.so using APEX ns com_android_tethering for caller /apex/com.android.tethering/javalib/framework-connectivity-t.jar: ok
11-28 00:47:41.490   679   890 D BackgroundInstallControlService: Package event received: 0
11-28 00:47:41.495   640   640 D ApplicationLoaders: Returning zygote-cached class loader: /system/framework/org.apache.http.legacy.jar
11-28 00:47:41.537   640   640 D nativeloader: Configuring clns-9 for other apk /data/app/~~9KjIakXnILHfmoLhVzSAgg==/com.app.rokys-c7_pvHacgKioga_4i_PYFw==/base.apk. target_sdk_version=36, uses_libraries=, library_path=/data/app/~~9KjIakXnILHfmoLhVzSAgg==/com.app.rokys-c7_pvHacgKioga_4i_PYFw==/lib/x86_64:/data/app/~~9KjIakXnILHfmoLhVzSAgg==/com.app.rokys-c7_pvHacgKioga_4i_PYFw==/base.apk!/lib/x86_64, permitted_path=/data:/mnt/expand:/data/user/0/com.app.rokys
11-28 00:47:41.580   640   640 I com.app.rokys: AssetManager2(0x78a111dd0818) locale list changing from [] to [en-US]
11-28 00:47:41.582   640   640 V GraphicsEnvironment: Currently set values for:
11-28 00:47:41.582   640   640 V GraphicsEnvironment:   angle_gl_driver_selection_pkgs=[]
11-28 00:47:41.582   640   640 V GraphicsEnvironment:   angle_gl_driver_selection_values=[]
11-28 00:47:41.582   640   640 V GraphicsEnvironment: com.app.rokys is not listed in per-application setting
11-28 00:47:41.583   640   640 V GraphicsEnvironment: ANGLE allowlist from config: 
11-28 00:47:41.583   640   640 V GraphicsEnvironment: com.app.rokys is not listed in ANGLE allowlist or settings, returning default
11-28 00:47:41.583   640   640 V GraphicsEnvironment: Neither updatable production driver nor prerelease driver is supported.
11-28 00:47:41.602   640   640 W FirebaseApp: Default FirebaseApp failed to initialize because no default options were found. This usually means that com.google.gms:google-services was not applied to your gradle project.
11-28 00:47:41.603   640   640 I FirebaseInitProvider: FirebaseApp initialization unsuccessful
11-28 00:47:41.603   640   640 D ReactNativeFirebaseApp: received application context.
11-28 00:47:41.607   640   640 D WM-WrkMgrInitializer: Initializing WorkManager with default configuration.
11-28 00:47:41.615   640   640 W SoLoader: Initializing SoLoader: 0
11-28 00:47:41.617   640   640 W SoLoader: Recording new base apk path: /data/app/~~9KjIakXnILHfmoLhVzSAgg==/com.app.rokys-c7_pvHacgKioga_4i_PYFw==/base.apk
11-28 00:47:41.617   640   640 W SoLoader: Previously recorded 0 base apk paths.
11-28 00:47:41.617   640   640 I SoLoader: Preparing SO source: DirectorySoSource[root = /vendor/lib64 flags = 2]
11-28 00:47:41.618   640   640 I SoLoader: Preparing SO source: DirectorySoSource[root = /system/lib64 flags = 2]
11-28 00:47:41.618   640   640 I SoLoader: Preparing SO source: DirectApkSoSource[root = [/data/app/~~9KjIakXnILHfmoLhVzSAgg==/com.app.rokys-c7_pvHacgKioga_4i_PYFw==/base.apk!/lib/x86_64]]
11-28 00:47:41.619   640   676 E ashmem  : Pinning is deprecated since Android Q. Please use trim or other methods.
11-28 00:47:41.621   640   640 I SoLoader: Preparing SO source: ApplicationSoSource[DirectorySoSource[root = /data/app/~~9KjIakXnILHfmoLhVzSAgg==/com.app.rokys-c7_pvHacgKioga_4i_PYFw==/lib/x86_64 flags = 0]]
11-28 00:47:41.621   640   640 I SoLoader: init finish: 4 SO sources prepared
11-28 00:47:41.622   640   640 W SoLoader: SoLoader initialized: 8
11-28 00:47:41.632   933  1230 V WindowManagerShell: onTransitionReady(transaction=2916282801310)
11-28 00:47:41.633   933   996 V WindowManagerShell: onTransitionReady (#201) android.os.BinderProxy@e50a662: {id=201 t=OPEN f=0x0 trk=0 r=[0@Point(0, 0)] c=[
11-28 00:47:41.633   933   996 V WindowManagerShell:         {m=OPEN f=NONE leash=Surface(name=Task=388)/@0x36afdc2 sb=Rect(0, 0 - 1080, 2424) eb=Rect(0, 0 - 1080, 2424) epz=Point(1080, 2424) d=0 taskParent=-1},
11-28 00:47:41.633   933   996 V WindowManagerShell:         {m=TO_BACK f=SHOW_WALLPAPER leash=Surface(name=Task=336)/@0x3eb57d3 sb=Rect(0, 0 - 1080, 2424) eb=Rect(0, 0 - 1080, 2424) epz=Point(1080, 2424) d=0 taskParent=-1},
11-28 00:47:41.633   933   996 V WindowManagerShell:         {m=TO_BACK f=IS_WALLPAPER leash=Surface(name=WallpaperWindowToken{dad9d3a showWhenLocked=false})/@0x28df10 sb=Rect(0, 0 - 1080, 2424) eb=Rect(0, 0 - 1080, 2424) epz=Point(1080, 2424) d=0}
11-28 00:47:41.633   933   996 V WindowManagerShell:     ]}
11-28 00:47:41.633   933   996 V WindowManagerShell: Playing animation for (#201) android.os.BinderProxy@e50a662@0
11-28 00:47:41.633   933   996 V WindowManagerShell:  try firstHandler com.android.wm.shell.transition.DefaultMixedHandler@a12ff47
11-28 00:47:41.633   933   996 V WindowManagerShell: Mixed transition for opening an intent with a remote transition and PIP or Desktop #201
11-28 00:47:41.633   933   996 V WindowManagerShell: tryAnimateOpenIntentWithRemoteAndPipOrDesktop
11-28 00:47:41.633   933   996 V WindowManagerShell:  Delegate animation for (#201) to RemoteTransition { remoteTransition = android.window.IRemoteTransition$Stub$Proxy@e96c6ae, appThread = android.app.IApplicationThread$Stub$Proxy@f4fcc4f, debugName = QuickstepLaunch }
11-28 00:47:41.635   679   712 V WindowManager: Sent Transition (#201) createdAt=11-28 00:47:41.405 via request=TransitionRequestInfo { type = OPEN, triggerTask = TaskInfo{userId=0 taskId=388 effectiveUid=10221 displayId=0 isRunning=true baseIntent=Intent { act=android.intent.action.MAIN cat=[android.intent.category.LAUNCHER] flg=0x10200000 cmp=com.app.rokys/.MainActivity } baseActivity=ComponentInfo{com.app.rokys/com.app.rokys.MainActivity} topActivity=ComponentInfo{com.app.rokys/com.app.rokys.MainActivity} origActivity=null realActivity=ComponentInfo{com.app.rokys/com.app.rokys.MainActivity} numActivities=1 lastActiveTime=13214138 supportsMultiWindow=true resizeMode=1 isResizeable=true minWidth=-1 minHeight=-1 defaultMinSize=220 token=WCT{RemoteToken{e839696 Task{ced5b2f #388 type=standard A=10221:com.app.rokys}}} topActivityType=1 pictureInPictureParams=null shouldDockBigOverlays=false launchIntoPipHostTaskId=-1 lastParentTaskIdBeforePip=-1 displayCutoutSafeInsets=Rect(0, 142 - 0, 0) topActivityInfo=ActivityInfo{3ed0217 com.app.rokys.MainActivity} launchCookies=[android.os.BinderProxy@7571604] positionInParent=Point(0, 0) parentTaskId=-1 isFocused=false isVisible=false isVisibleRequested=false isTopActivityNoDisplay=false isSleeping=false locusId=null displayAreaFeatureId=1 isTopActivityTransparent=false isActivityStackTransparent=false lastNonFullscreenBounds=Rect(278, 711 - 803, 1791) capturedLink=null capturedLinkTimestamp=0 requestedVisibleTypes=-9 topActivityRequestOpenInBrowserEducationTimestamp=0 appCompatTaskInfo=AppCompatTaskInfo { topActivityInSizeCompat=false eligibleForLetterboxEducation= false isLetterboxEducationEnabled= true isLetterboxDoubleTapEnabled= false eligibleForUserAspectRatioButton= false topActivityBoundsLetterboxed= false isFromLetterboxDoubleTap= false topActivityLetterboxVerticalPosition= -1 topActivityLetterboxHorizontalPosition= -1 topActivityLetterboxWidth=-1 topActivityLetterboxHeight=-1 topActivityAppBounds=Rect(0, 0 - 1080, 2424) isUserFullscreenOverrideEnabled=false isSystemFullscreenOverrideEnabled=false hasMinAspectRatioOverride=false topActivityLetterboxBounds=null cameraCompatTaskInfo=CameraCompatTaskInfo { freeformCameraCompatMode=inactive}} topActivityMainWindowFrame=null}, pipChange = null, remoteTransition = RemoteTransition { remoteTransition = android.window.IRemoteTransition$Stub$Proxy@3e1c7ed, appThread = android.app.IApplicationThread$Stub$Proxy@5a8622, debugName = QuickstepLaunch }, displayChange = null, flags = 0, debugId = 201 }
11-28 00:47:41.636   679   712 V WindowManager:     startWCT=WindowContainerTransaction { changes= {} hops= [] errorCallbackToken=null taskFragmentOrganizer=null }
11-28 00:47:41.636   679   712 V WindowManager:     info={id=201 t=OPEN f=0x0 trk=0 r=[0@Point(0, 0)] c=[
11-28 00:47:41.636   679   712 V WindowManager:         {WCT{RemoteToken{e839696 Task{ced5b2f #388 type=standard A=10221:com.app.rokys}}} m=OPEN f=NONE leash=Surface(name=Task=388)/@0xc53856c sb=Rect(0, 0 - 1080, 2424) eb=Rect(0, 0 - 1080, 2424) epz=Point(1080, 2424) d=0 taskParent=-1},
11-28 00:47:41.636   679   712 V WindowManager:         {WCT{RemoteToken{4b6cca8 Task{6b7729c #336 type=home}}} m=TO_BACK f=SHOW_WALLPAPER leash=Surface(name=Task=336)/@0x1aee451 sb=Rect(0, 0 - 1080, 2424) eb=Rect(0, 0 - 1080, 2424) epz=Point(1080, 2424) d=0 taskParent=-1},
11-28 00:47:41.636   679   712 V WindowManager:         {m=TO_BACK f=IS_WALLPAPER leash=Surface(name=WallpaperWindowToken{dad9d3a showWhenLocked=false})/@0x2f1367 sb=Rect(0, 0 - 1080, 2424) eb=Rect(0, 0 - 1080, 2424) epz=Point(1080, 2424) d=0}
11-28 00:47:41.636   679   712 V WindowManager:     ]}
11-28 00:47:41.638   679  1739 W OptProp : Cannot read opt property android.window.PROPERTY_COMPAT_ENABLE_FAKE_FOCUS
11-28 00:47:41.640   933   996 V WindowManagerShell:  animated by firstHandler
11-28 00:47:41.649   640   640 I com.app.rokys: AssetManager2(0x78a111dd5638) locale list changing from [] to [en-US]
11-28 00:47:41.654   679   890 D BackgroundInstallControlService: Package event received: 0
11-28 00:47:41.654   679   890 D BackgroundInstallControlService: Package event received: 0
11-28 00:47:41.655 29882 29882 D BaseDepthController: mSurface is null and mCurrentBlur is: 0
11-28 00:47:41.655 29882 29882 D BaseDepthController: mSurface is null and mCurrentBlur is: 0
11-28 00:47:41.655 29882 29882 D BaseDepthController: mSurface is null and mCurrentBlur is: 0
11-28 00:47:41.656   640   640 D AppCompatDelegate: Checking for metadata for AppLocalesMetadataHolderService : Service not found
11-28 00:47:41.657   640   640 I com.app.rokys: AssetManager2(0x78a111dd7258) locale list changing from [] to [en-US]
11-28 00:47:41.663   640   682 I DisplayManager: Choreographer implicitly registered for the refresh rate.
11-28 00:47:41.699   640   640 D CompatChangeReporter: Compat change id reported: 377864165; UID 10221; state: ENABLED
11-28 00:47:41.701   640   640 D DesktopModeFlags: Toggle override initialized to: OVERRIDE_UNSET
11-28 00:47:41.731 29882 29882 D BaseDepthController: mSurface is null and mCurrentBlur is: 0
11-28 00:47:41.735   640   640 D nativeloader: Load /data/app/~~9KjIakXnILHfmoLhVzSAgg==/com.app.rokys-c7_pvHacgKioga_4i_PYFw==/base.apk!/lib/x86_64/libc++_shared.so using class loader ns clns-9 (caller=/data/app/~~9KjIakXnILHfmoLhVzSAgg==/com.app.rokys-c7_pvHacgKioga_4i_PYFw==/base.apk!classes3.dex): ok
11-28 00:47:41.736   640   682 I EGL_emulation: Opening libGLESv1_CM_emulation.so
11-28 00:47:41.736   640   682 I EGL_emulation: Opening libGLESv2_emulation.so
11-28 00:47:41.838   640   682 W HWUI    : Failed to choose config with EGL_SWAP_BEHAVIOR_PRESERVED, retrying without...
11-28 00:47:41.840   640   682 W HWUI    : Failed to initialize 101010-2 format, error = EGL_SUCCESS
11-28 00:47:41.854   640   640 D nativeloader: Load /data/app/~~9KjIakXnILHfmoLhVzSAgg==/com.app.rokys-c7_pvHacgKioga_4i_PYFw==/base.apk!/lib/x86_64/libjsi.so using class loader ns clns-9 (caller=/data/app/~~9KjIakXnILHfmoLhVzSAgg==/com.app.rokys-c7_pvHacgKioga_4i_PYFw==/base.apk!classes3.dex): ok
11-28 00:47:41.869   640   640 D nativeloader: Load /data/app/~~9KjIakXnILHfmoLhVzSAgg==/com.app.rokys-c7_pvHacgKioga_4i_PYFw==/base.apk!/lib/x86_64/libfbjni.so using class loader ns clns-9 (caller=/data/app/~~9KjIakXnILHfmoLhVzSAgg==/com.app.rokys-c7_pvHacgKioga_4i_PYFw==/base.apk!classes3.dex): ok
11-28 00:47:41.890   640   640 D nativeloader: Load /data/app/~~9KjIakXnILHfmoLhVzSAgg==/com.app.rokys-c7_pvHacgKioga_4i_PYFw==/base.apk!/lib/x86_64/libreactnative.so using class loader ns clns-9 (caller=/data/app/~~9KjIakXnILHfmoLhVzSAgg==/com.app.rokys-c7_pvHacgKioga_4i_PYFw==/base.apk!classes3.dex): ok
11-28 00:47:41.891   640   640 D jni_lib_merge: Entering merged library JNI_OnLoad.
11-28 00:47:41.892   640   640 D jni_lib_merge: Preparing 12 pre-merged libs (including stub)
11-28 00:47:41.892   640   640 D jni_lib_merge: Preparing to register libfabricjni_so.  onload_func: 0x789f310afba0
11-28 00:47:41.892   640   640 D jni_lib_merge: Preparing to register libreact_devsupportjni_so.  onload_func: 0x789f3118b530
11-28 00:47:41.892   640   640 D jni_lib_merge: Preparing to register libreact_featureflagsjni_so.  onload_func: 0x789f3119e0a0
11-28 00:47:41.892   640   640 D jni_lib_merge: Preparing to register libreact_newarchdefaults_so.  onload_func: 0x789f311c4fa0
11-28 00:47:41.892   640   640 D jni_lib_merge: Preparing to register libreactnativeblob_so.  onload_func: 0x789f3126ca50
11-28 00:47:41.892   640   640 D jni_lib_merge: Preparing to register libreactnativejni_so.  onload_func: 0x789f312878c0
11-28 00:47:41.892   640   640 D jni_lib_merge: Preparing to register libreactnativejni_common_so.  onload_func: 0x789f3128e150
11-28 00:47:41.892   640   640 D jni_lib_merge: Preparing to register librninstance_so.  onload_func: 0x789f312ac450
11-28 00:47:41.892   640   640 D jni_lib_merge: Preparing to register libturbomodulejsijni_so.  onload_func: 0x789f31357b90
11-28 00:47:41.892   640   640 D jni_lib_merge: Preparing to register libuimanagerjni_so.  onload_func: 0x789f3135fac0
11-28 00:47:41.892   640   640 D jni_lib_merge: Preparing to register libyoga_so.  onload_func: 0x789f31367140
11-28 00:47:41.892   640   640 D jni_lib_merge: About to register 11 actual methods.
11-28 00:47:41.895   640   640 W SoLoader: SoLoader already initialized
11-28 00:47:41.911   640   640 D nativeloader: Load /data/app/~~9KjIakXnILHfmoLhVzSAgg==/com.app.rokys-c7_pvHacgKioga_4i_PYFw==/base.apk!/lib/x86_64/libhermes.so using class loader ns clns-9 (caller=/data/app/~~9KjIakXnILHfmoLhVzSAgg==/com.app.rokys-c7_pvHacgKioga_4i_PYFw==/base.apk!classes3.dex): ok
11-28 00:47:41.915   640   640 D nativeloader: Load /data/app/~~9KjIakXnILHfmoLhVzSAgg==/com.app.rokys-c7_pvHacgKioga_4i_PYFw==/base.apk!/lib/x86_64/libhermestooling.so using class loader ns clns-9 (caller=/data/app/~~9KjIakXnILHfmoLhVzSAgg==/com.app.rokys-c7_pvHacgKioga_4i_PYFw==/base.apk!classes3.dex): ok
11-28 00:47:41.917 29882 29882 D BaseDepthController: mSurface is null and mCurrentBlur is: 0
11-28 00:47:41.919   640   640 D jni_lib_merge: Entering merged library JNI_OnLoad.
11-28 00:47:41.919   640   640 D jni_lib_merge: Preparing 4 pre-merged libs (including stub)
11-28 00:47:41.919   640   640 D jni_lib_merge: Preparing to register libhermes_executor_so.  onload_func: 0x789f899da730
11-28 00:47:41.919   640   640 D jni_lib_merge: Preparing to register libhermesinstancejni_so.  onload_func: 0x789f899e1db0
11-28 00:47:41.919   640   640 D jni_lib_merge: Preparing to register libjsijniprofiler_so.  onload_func: 0x789f899e2540
11-28 00:47:41.919   640   640 D jni_lib_merge: About to register 3 actual methods.
11-28 00:47:41.920   640   640 W SoLoader: SoLoader already initialized
11-28 00:47:41.924 29882 29882 D BaseDepthController: mSurface is null and mCurrentBlur is: 0
11-28 00:47:41.936   640   640 W WindowOnBackDispatcher: OnBackInvokedCallback is not enabled for the application.
11-28 00:47:41.936   640   640 W WindowOnBackDispatcher: Set 'android:enableOnBackInvokedCallback="true"' in the application manifest.
11-28 00:47:41.974   640   640 W HWUI    : Unknown dataspace 0
11-28 00:47:41.994 29882 29882 D BaseDepthController: mSurface is null and mCurrentBlur is: 0
11-28 00:47:42.022   640   684 I ExpoModulesCore: ✅ AppContext was initialized
11-28 00:47:42.067   679   760 D CoreBackPreview: Window{12e0834 u0 com.app.rokys/com.app.rokys.MainActivity}: Setting back callback OnBackInvokedCallbackInfo{mCallback=android.window.IOnBackInvokedCallback$Stub$Proxy@994bbd2, mPriority=0, mIsAnimationCallback=false, mOverrideBehavior=0}
11-28 00:47:42.075   640   640 W unknown:ViewManagerPropertyUpdater: Could not find generated setter for class com.facebook.react.views.drawer.ReactDrawerLayoutManager
11-28 00:47:42.078   640   640 W unknown:ViewManagerPropertyUpdater: Could not find generated setter for class com.facebook.react.uimanager.LayoutShadowNode
11-28 00:47:42.081   640   640 W unknown:ViewManagerPropertyUpdater: Could not find generated setter for class com.facebook.react.views.scroll.ReactHorizontalScrollViewManager
11-28 00:47:42.084   640   640 W unknown:ViewManagerPropertyUpdater: Could not find generated setter for class com.facebook.react.views.scroll.ReactHorizontalScrollContainerViewManager
11-28 00:47:42.085   640   640 W unknown:ViewManagerPropertyUpdater: Could not find generated setter for class com.facebook.react.views.progressbar.ReactProgressBarViewManager
11-28 00:47:42.085   640   640 W unknown:ViewManagerPropertyUpdater: Could not find generated setter for class com.facebook.react.views.progressbar.ProgressBarShadowNode
11-28 00:47:42.086   640   640 W unknown:ViewManagerPropertyUpdater: Could not find generated setter for class com.facebook.react.views.scroll.ReactScrollViewManager
11-28 00:47:42.092   640   640 W unknown:ViewManagerPropertyUpdater: Could not find generated setter for class com.facebook.react.views.switchview.ReactSwitchManager
11-28 00:47:42.093   640   640 W unknown:ViewManagerPropertyUpdater: Could not find generated setter for class com.facebook.react.views.switchview.ReactSwitchShadowNode
11-28 00:47:42.093   640   640 W unknown:ViewManagerPropertyUpdater: Could not find generated setter for class com.facebook.react.views.safeareaview.ReactSafeAreaViewManager
11-28 00:47:42.093   640   640 W unknown:ViewManagerPropertyUpdater: Could not find generated setter for class com.facebook.react.views.safeareaview.ReactSafeAreaViewShadowNode
11-28 00:47:42.093   640   640 W unknown:ViewManagerPropertyUpdater: Could not find generated setter for class com.facebook.react.views.swiperefresh.SwipeRefreshLayoutManager
11-28 00:47:42.094   640   640 W unknown:ViewManagerPropertyUpdater: Could not find generated setter for class com.facebook.react.views.text.frescosupport.FrescoBasedReactTextInlineImageViewManager
11-28 00:47:42.094   640   640 W unknown:ViewManagerPropertyUpdater: Could not find generated setter for class com.facebook.react.views.text.frescosupport.FrescoBasedReactTextInlineImageShadowNode
11-28 00:47:42.094   640   640 W unknown:ViewManagerPropertyUpdater: Could not find generated setter for class com.facebook.react.views.image.ReactImageManager
11-28 00:47:42.098   640   640 W unknown:ViewManagerPropertyUpdater: Could not find generated setter for class com.facebook.react.views.modal.ReactModalHostManager
11-28 00:47:42.100 29882 29882 D BaseDepthController: mSurface is null and mCurrentBlur is: 0
11-28 00:47:42.100   640   640 W unknown:ViewManagerPropertyUpdater: Could not find generated setter for class com.facebook.react.views.text.ReactRawTextManager
11-28 00:47:42.102   640   640 W unknown:ViewManagerPropertyUpdater: Could not find generated setter for class com.facebook.react.views.text.ReactRawTextShadowNode
11-28 00:47:42.103   640   640 W unknown:ViewManagerPropertyUpdater: Could not find generated setter for class com.facebook.react.views.textinput.ReactTextInputManager
11-28 00:47:42.105   640   640 W unknown:ViewManagerPropertyUpdater: Could not find generated setter for class com.facebook.react.views.textinput.ReactTextInputShadowNode
11-28 00:47:42.106   640   640 W unknown:ViewManagerPropertyUpdater: Could not find generated setter for class com.facebook.react.views.text.ReactTextViewManager
11-28 00:47:42.106   640   640 W unknown:ViewManagerPropertyUpdater: Could not find generated setter for class com.facebook.react.views.text.ReactTextShadowNode
11-28 00:47:42.107   640   640 W unknown:ViewManagerPropertyUpdater: Could not find generated setter for class com.facebook.react.views.view.ReactViewManager
11-28 00:47:42.108   640   640 W unknown:ViewManagerPropertyUpdater: Could not find generated setter for class com.facebook.react.views.text.ReactVirtualTextViewManager
11-28 00:47:42.108   640   640 W unknown:ViewManagerPropertyUpdater: Could not find generated setter for class com.facebook.react.views.text.ReactVirtualTextShadowNode
11-28 00:47:42.109   640   640 W unknown:ViewManagerPropertyUpdater: Could not find generated setter for class com.facebook.react.views.unimplementedview.ReactUnimplementedViewManager
11-28 00:47:42.111   640   640 W unknown:ViewManagerPropertyUpdater: Could not find generated setter for class com.rnmaps.maps.MapManager
11-28 00:47:42.112   640   640 W unknown:ViewManagerPropertyUpdater: Could not find generated setter for class com.rnmaps.maps.MapMarkerManager
11-28 00:47:42.114   640   640 W unknown:ViewManagerPropertyUpdater: Could not find generated setter for class com.rnmaps.maps.MapCalloutManager
11-28 00:47:42.115   640   640 W unknown:ViewManagerPropertyUpdater: Could not find generated setter for class com.rnmaps.maps.MapPolylineManager
11-28 00:47:42.115   640   640 W unknown:ViewManagerPropertyUpdater: Could not find generated setter for class com.rnmaps.maps.MapGradientPolylineManager
11-28 00:47:42.116   640   640 W unknown:ViewManagerPropertyUpdater: Could not find generated setter for class com.rnmaps.maps.MapPolygonManager
11-28 00:47:42.116   640   640 W unknown:ViewManagerPropertyUpdater: Could not find generated setter for class com.rnmaps.maps.MapCircleManager
11-28 00:47:42.116   640   640 W unknown:ViewManagerPropertyUpdater: Could not find generated setter for class com.rnmaps.maps.MapUrlTileManager
11-28 00:47:42.117   640   640 W unknown:ViewManagerPropertyUpdater: Could not find generated setter for class com.rnmaps.maps.MapWMSTileManager
11-28 00:47:42.117   640   640 W unknown:ViewManagerPropertyUpdater: Could not find generated setter for class com.rnmaps.maps.MapLocalTileManager
11-28 00:47:42.117   640   640 W unknown:ViewManagerPropertyUpdater: Could not find generated setter for class com.rnmaps.maps.MapOverlayManager
11-28 00:47:42.118   640   640 W unknown:ViewManagerPropertyUpdater: Could not find generated setter for class com.rnmaps.maps.MapHeatmapManager
11-28 00:47:42.118   640   640 W unknown:ViewManagerPropertyUpdater: Could not find generated setter for class com.th3rdwave.safeareacontext.SafeAreaProviderManager
11-28 00:47:42.118   640   640 W unknown:ViewManagerPropertyUpdater: Could not find generated setter for class com.th3rdwave.safeareacontext.SafeAreaViewManager
11-28 00:47:42.118   640   640 W unknown:ViewManagerPropertyUpdater: Could not find generated setter for class com.th3rdwave.safeareacontext.SafeAreaViewShadowNode
11-28 00:47:42.119   640   640 W unknown:ViewManagerPropertyUpdater: Could not find generated setter for class com.swmansion.rnscreens.ScreenContainerViewManager
11-28 00:47:42.119   640   640 W unknown:ViewManagerPropertyUpdater: Could not find generated setter for class com.swmansion.rnscreens.ScreenViewManager
11-28 00:47:42.119   640   640 W unknown:ViewManagerPropertyUpdater: Could not find generated setter for class com.swmansion.rnscreens.ModalScreenViewManager
11-28 00:47:42.120   640   640 W unknown:ViewManagerPropertyUpdater: Could not find generated setter for class com.swmansion.rnscreens.ScreenStackViewManager
11-28 00:47:42.120   640   640 W unknown:ViewManagerPropertyUpdater: Could not find generated setter for class com.swmansion.rnscreens.ScreenStackHeaderConfigViewManager
11-28 00:47:42.121   640   640 W unknown:ViewManagerPropertyUpdater: Could not find generated setter for class com.swmansion.rnscreens.ScreenStackHeaderSubviewManager
11-28 00:47:42.122   640   640 W unknown:ViewManagerPropertyUpdater: Could not find generated setter for class com.swmansion.rnscreens.SearchBarManager
11-28 00:47:42.122   640   640 W unknown:ViewManagerPropertyUpdater: Could not find generated setter for class com.swmansion.rnscreens.ScreenFooterManager
11-28 00:47:42.124   640   640 W unknown:ViewManagerPropertyUpdater: Could not find generated setter for class com.swmansion.rnscreens.ScreenContentWrapperManager
11-28 00:47:42.125   640   640 W unknown:ViewManagerPropertyUpdater: Could not find generated setter for class com.swmansion.rnscreens.gamma.tabs.TabsHostViewManager
11-28 00:47:42.128   640   640 W unknown:ViewManagerPropertyUpdater: Could not find generated setter for class com.swmansion.rnscreens.gamma.tabs.TabScreenViewManager
11-28 00:47:42.146 29882 29882 D BaseDepthController: mSurface is null and mCurrentBlur is: 0
11-28 00:47:42.168   640   693 D nativeloader: Load /data/app/~~9KjIakXnILHfmoLhVzSAgg==/com.app.rokys-c7_pvHacgKioga_4i_PYFw==/base.apk!/lib/x86_64/libexpo-modules-core.so using class loader ns clns-9 (caller=/data/app/~~9KjIakXnILHfmoLhVzSAgg==/com.app.rokys-c7_pvHacgKioga_4i_PYFw==/base.apk!classes3.dex): ok
11-28 00:47:42.170 29882 29882 D BaseDepthController: mSurface is null and mCurrentBlur is: 0
11-28 00:47:42.188   933   996 V WindowManagerShell: Transition animation finished (aborted=false), notifying core (#201) android.os.BinderProxy@e50a662@0
11-28 00:47:42.196   679   712 V WindowManager: Finish Transition (#201): created at 11-28 00:47:41.405 collect-started=0.192ms request-sent=13.213ms started=15.242ms ready=222.937ms sent=225.875ms commit=55.058ms finished=790.755ms
11-28 00:47:42.199   933   996 V WindowManagerShell: Track 0 became idle
11-28 00:47:42.199   933   996 V WindowManagerShell: All active transition animations finished
11-28 00:47:42.222   640   693 I ExpoModulesCore: ✅ JSI interop was installed
11-28 00:47:42.230 29882 29882 D b/387844520: getOutlineOffsetX: measured width = 173, mNormalizedIconSize = 159, last updated width = 173
11-28 00:47:42.295   640   693 I ExpoModulesCore: ✅ Constants were exported
11-28 00:47:42.324   679   712 I ActivityTaskManager: Displayed com.app.rokys/.MainActivity for user 0: +910ms
11-28 00:47:42.337   640   693 D nativeloader: Load /data/app/~~9KjIakXnILHfmoLhVzSAgg==/com.app.rokys-c7_pvHacgKioga_4i_PYFw==/base.apk!/lib/x86_64/librnscreens.so using class loader ns clns-9 (caller=/data/app/~~9KjIakXnILHfmoLhVzSAgg==/com.app.rokys-c7_pvHacgKioga_4i_PYFw==/base.apk!classes4.dex): ok
11-28 00:47:42.354 29882 29882 D VRI[NexusLauncherActivity]: visibilityChanged oldVisibility=true newVisibility=false
11-28 00:47:42.356   640   693 V AsyncStorageExpoMigration: No scoped database found
11-28 00:47:42.359   640   693 E ReactNativeJS: [Error: Service database is not available]
11-28 00:47:42.360   640   693 I ReactNativeJS: Running "main"
11-28 00:47:42.361   640   693 E ReactNativeJS: { [Invariant Violation: "main" has not been registered. This can happen if:
11-28 00:47:42.361   640   693 E ReactNativeJS: * Metro (the local dev server) is run from the wrong folder. Check if Metro is running, stop it and restart it in the current project.
11-28 00:47:42.361   640   693 E ReactNativeJS: * A module failed to load due to an error and `AppRegistry.registerComponent` wasn't called.] name: 'Invariant Violation', framesToPop: 1 }
11-28 00:47:42.384 29882 29882 D BaseDepthController: setSurface:
11-28 00:47:42.384 29882 29882 D BaseDepthController: 	mWaitingOnSurfaceValidity: false
11-28 00:47:42.384 29882 29882 D BaseDepthController: 	mBaseSurface: null
11-28 00:47:42.385 29882 29882 D BaseDepthController: mSurface is null and mCurrentBlur is: 0
11-28 00:47:42.385 29882 29882 D StatsLog: LAUNCHER_ONSTOP
11-28 00:47:42.386 29882 29882 D StatsLog: LAUNCHER_GOOGLE_SEARCH_RESTORE_LIST_SIZE_AFTER_ACTIVITY_RESTART
11-28 00:47:42.386 29882 29882 D NexusLauncherModelDelegate: notifySmartspaceEvent: SmartspaceTargetEvent{mSmartspaceTarget=null, mSmartspaceActionId='null', mEventType=7}
11-28 00:47:42.387 29882 29882 D BaseDepthController: mSurface is null and mCurrentBlur is: 0
11-28 00:47:42.387 29882 30272 D GmsPlayProvider: Forcefully shut down the binder channel
11-28 00:47:42.392   679   806 I ImeTracker: com.app.rokys:91ce4b8d: onRequestHide at ORIGIN_SERVER reason HIDE_UNSPECIFIED_WINDOW fromUser false
11-28 00:47:42.393 29882 29882 D NexusLauncherModelDelegate: notifySmartspaceEvent: SmartspaceTargetEvent{mSmartspaceTarget=null, mSmartspaceActionId='null', mEventType=7}
11-28 00:47:42.394   640   640 D InsetsController: hide(ime(), fromIme=false)
11-28 00:47:42.394   640   640 I ImeTracker: com.app.rokys:91ce4b8d: onCancelled at PHASE_CLIENT_ALREADY_HIDDEN
11-28 00:47:42.400 30877 30877 I PlayCloudSearchChimeraS: Stopping the server
11-28 00:47:42.400 30877 30877 I PlayCloudSearchLifeCycl: Stopping the GRPC server
11-28 00:47:42.405 29882 29919 I IPCThreadState: oneway function results for code 2 on binder at 0x78a0f1e461f0 will be dropped but finished with status UNKNOWN_TRANSACTION
11-28 00:47:42.409   679   890 D BackgroundInstallControlService: Package event received: 0
--------- beginning of crash
11-28 00:47:42.413   640   694 E AndroidRuntime: FATAL EXCEPTION: mqt_native_modules
11-28 00:47:42.413   640   694 E AndroidRuntime: Process: com.app.rokys, PID: 640
11-28 00:47:42.413   640   694 E AndroidRuntime: com.facebook.react.common.JavascriptException: Error: Service database is not available, stack:
11-28 00:47:42.413   640   694 E AndroidRuntime: getImmediate@1:1013714
11-28 00:47:42.413   640   694 E AndroidRuntime: getDatabase@1:1170302
11-28 00:47:42.413   640   694 E AndroidRuntime: anonymous@1:1002058
11-28 00:47:42.413   640   694 E AndroidRuntime: loadModuleImplementation@1:46168
11-28 00:47:42.413   640   694 E AndroidRuntime: guardedLoadModule@1:45691
11-28 00:47:42.413   640   694 E AndroidRuntime: metroRequire@1:45201
11-28 00:47:42.413   640   694 E AndroidRuntime: anonymous@1:1001216
11-28 00:47:42.413   640   694 E AndroidRuntime: loadModuleImplementation@1:46168
11-28 00:47:42.413   640   694 E AndroidRuntime: guardedLoadModule@1:45691
11-28 00:47:42.413   640   694 E AndroidRuntime: metroRequire@1:45201
11-28 00:47:42.413   640   694 E AndroidRuntime: anonymous@1:992443
11-28 00:47:42.413   640   694 E AndroidRuntime: loadModuleImplementation@1:46168
11-28 00:47:42.413   640   694 E AndroidRuntime: guardedLoadModule@1:45691
11-28 00:47:42.413   640   694 E AndroidRuntime: metroRequire@1:45201
11-28 00:47:42.413   640   694 E AndroidRuntime: anonymous@1:888574
11-28 00:47:42.413   640   694 E AndroidRuntime: loadModuleImplementation@1:46168
11-28 00:47:42.413   640   694 E AndroidRuntime: guardedLoadModule@1:45691
11-28 00:47:42.413   640   694 E AndroidRuntime: metroRequire@1:45201
11-28 00:47:42.413   640   694 E AndroidRuntime: anonymous@1:800227
11-28 00:47:42.413   640   694 E AndroidRuntime: loadModuleImplementation@1:46168
11-28 00:47:42.413   640   694 E AndroidRuntime: guardedLoadModule@1:45691
11-28 00:47:42.413   640   694 E AndroidRuntime: metroRequire@1:45201
11-28 00:47:42.413   640   694 E AndroidRuntime: anonymous@1:98598
11-28 00:47:42.413   640   694 E AndroidRuntime: loadModuleImplementation@1:46168
11-28 00:47:42.413   640   694 E AndroidRuntime: guardedLoadModule@1:45647
11-28 00:47:42.413   640   694 E AndroidRuntime: metroRequire@1:45201
11-28 00:47:42.413   640   694 E AndroidRuntime: global@1:44657
11-28 00:47:42.413   640   694 E AndroidRuntime: 
11-28 00:47:42.413   640   694 E AndroidRuntime: 	at com.facebook.react.modules.core.ExceptionsManagerModule.reportException(ExceptionsManagerModule.kt:52)
11-28 00:47:42.413   640   694 E AndroidRuntime: 	at java.lang.reflect.Method.invoke(Native Method)
11-28 00:47:42.413   640   694 E AndroidRuntime: 	at com.facebook.react.bridge.JavaMethodWrapper.invoke(JavaMethodWrapper.kt:217)
11-28 00:47:42.413   640   694 E AndroidRuntime: 	at com.facebook.react.bridge.JavaModuleWrapper.invoke(JavaModuleWrapper.kt:134)
11-28 00:47:42.413   640   694 E AndroidRuntime: 	at com.facebook.jni.NativeRunnable.run(Native Method)
11-28 00:47:42.413   640   694 E AndroidRuntime: 	at android.os.Handler.handleCallback(Handler.java:995)
11-28 00:47:42.413   640   694 E AndroidRuntime: 	at android.os.Handler.dispatchMessage(Handler.java:103)
11-28 00:47:42.413   640   694 E AndroidRuntime: 	at com.facebook.react.bridge.queue.MessageQueueThreadHandler.dispatchMessage(MessageQueueThreadHandler.kt:21)
11-28 00:47:42.413   640   694 E AndroidRuntime: 	at android.os.Looper.loopOnce(Looper.java:248)
11-28 00:47:42.413   640   694 E AndroidRuntime: 	at android.os.Looper.loop(Looper.java:338)
11-28 00:47:42.413   640   694 E AndroidRuntime: 	at com.facebook.react.bridge.queue.MessageQueueThreadImpl$Companion.startNewBackgroundThread$lambda$1(MessageQueueThreadImpl.kt:175)
11-28 00:47:42.413   640   694 E AndroidRuntime: 	at com.facebook.react.bridge.queue.MessageQueueThreadImpl$Companion.$r8$lambda$ldnZnqelhYFctGaUKkOKYj5rxo4(Unknown Source:0)
11-28 00:47:42.413   640   694 E AndroidRuntime: 	at com.facebook.react.bridge.queue.MessageQueueThreadImpl$Companion$$ExternalSyntheticLambda0.run(D8$$SyntheticClass:0)
11-28 00:47:42.413   640   694 E AndroidRuntime: 	at java.lang.Thread.run(Thread.java:1119)
11-28 00:47:42.414 32496 32496 I GoogleInputMethodService: GoogleInputMethodService.onFinishInput():2097 
11-28 00:47:42.417   679  1676 I ImeTracker: system_server:ae815b89: onRequestHide at ORIGIN_SERVER reason IME_REQUESTED_CHANGED_LISTENER fromUser false
11-28 00:47:42.420   679   715 I ImeTracker: system_server:ae815b89: onCancelled at PHASE_SERVER_SHOULD_HIDE
11-28 00:47:42.424 32496 32496 I Module  : DeviceLockedStatusModuleProvider$Module.updateDeviceLockedStatus():103 repeatCheckTimes = 0, locked = false
11-28 00:47:42.431 32496 32496 I GoogleInputMethodService: GoogleInputMethodService.onStartInput():1347 onStartInput(EditorInfo{EditorInfo{packageName=com.app.rokys, inputType=0, inputTypeString=NULL, enableLearning=false, autoCorrection=false, autoComplete=false, imeOptions=0, privateImeOptions=null, actionName=UNSPECIFIED, actionLabel=null, initialSelStart=-1, initialSelEnd=-1, initialCapsMode=0, label=null, fieldId=0, fieldName=null, extras=null, hintText=null, hintLocales=[]}}, false)
