12-05 07:01:56.432   963  1033 V WindowManagerShell: Transition requested (#83): android.os.BinderProxy@83c3c96 TransitionRequestInfo { type = CLOSE, triggerTask = TaskInfo{userId=0 taskId=435 effectiveUid=10214 displayId=0 isRunning=true baseIntent=Intent { act=android.intent.action.MAIN cat=[android.intent.category.LAUNCHER] flg=0x10200000 cmp=com.app.rokys/.MainActivity } baseActivity=ComponentInfo{com.app.rokys/com.app.rokys.MainActivity} topActivity=ComponentInfo{com.app.rokys/com.app.rokys.MainActivity} origActivity=null realActivity=ComponentInfo{com.app.rokys/com.app.rokys.MainActivity} numActivities=1 lastActiveTime=4728093 supportsMultiWindow=true resizeMode=1 isResizeable=true minWidth=-1 minHeight=-1 defaultMinSize=220 token=WCT{android.window.IWindowContainerToken$Stub$Proxy@e1fb017} topActivityType=1 pictureInPictureParams=null shouldDockBigOverlays=false launchIntoPipHostTaskId=-1 lastParentTaskIdBeforePip=-1 displayCutoutSafeInsets=Rect(0, 0 - 0, 0) topActivityInfo=ActivityInfo{3ef2c04 com.app.rokys.MainActivity} launchCookies=[android.os.BinderProxy@e3198b] positionInParent=Point(0, 0) parentTaskId=-1 isFocused=true isVisible=true isVisibleRequested=true isTopActivityNoDisplay=false isSleeping=false locusId=null displayAreaFeatureId=1 isTopActivityTransparent=false isActivityStackTransparent=false lastNonFullscreenBounds=Rect(278, 711 - 803, 1791) capturedLink=null capturedLinkTimestamp=0 requestedVisibleTypes=-9 topActivityRequestOpenInBrowserEducationTimestamp=0 appCompatTaskInfo=AppCompatTaskInfo { topActivityInSizeCompat=false eligibleForLetterboxEducation= false isLetterboxEducationEnabled= true isLetterboxDoubleTapEnabled= false eligibleForUserAspectRatioButton= false topActivityBoundsLetterboxed= false isFromLetterboxDoubleTap= false topActivityLetterboxVerticalPosition= -1 topActivityLetterboxHorizontalPosition= -1 topActivityLetterboxWidth=-1 topActivityLetterboxHeight=-1 topActivityAppBounds=Rect(0, 0 - 1080, 2424) isUserFullscreenOverrideEnabled=false isSystemFullscreenOverrideEnabled=false hasMinAspectRatioOverride=false topActivityLetterboxBounds=null cameraCompatTaskInfo=CameraCompatTaskInfo { freeformCameraCompatMode=inactive}} topActivityMainWindowFrame=null}, pipChange = null, remoteTransition = null, displayChange = null, flags = 16, debugId = 83 }
12-05 07:01:56.435   547   566 I BpBinder: onLastStrongRef automatically unlinking death recipients: 
12-05 07:01:56.439   695   744 I ActivityManager: Showing crash dialog for package com.app.rokys u0
12-05 07:01:56.453   547   547 I BpBinder: onLastStrongRef automatically unlinking death recipients: 
12-05 07:01:56.457   695  1303 D CoreBackPreview: Window{19b9d35 u0 com.app.rokys/com.app.rokys.MainActivity}: Setting back callback OnBackInvokedCallbackInfo{mCallback=android.window.IOnBackInvokedCallback$Stub$Proxy@280e988, mPriority=0, mIsAnimationCallback=false, mOverrideBehavior=0}
12-05 07:01:56.481   695   744 D CoreBackPreview: Window{30075f6 u0 Application Error: com.app.rokys}: Setting back callback OnBackInvokedCallbackInfo{mCallback=android.window.WindowOnBackInvokedDispatcher$OnBackInvokedCallbackWrapper@98614ef, mPriority=-1, mIsAnimationCallback=false, mOverrideBehavior=0}
12-05 07:01:56.565 16753 16791 I ForwardSyncCache: reclaimMemory: Clearing caches
12-05 07:01:56.566 16753 16791 W Bugle   : TextClassifierLibManagerImpl: Reclaiming memory at level: 40
12-05 07:01:56.608  1015 16912 D android.hardware.gnss-service.ranchu: GnssHwListener:consume:87 sz=64
12-05 07:01:56.617  1015 16912 D android.hardware.gnss-service.ranchu: GnssHwListener:consume:87 sz=64
12-05 07:01:56.617  1015 16912 D android.hardware.gnss-service.ranchu: Gnss:onGnssLocationCb:311
12-05 07:01:56.617  1015 16912 D android.hardware.gnss-service.ranchu: Gnss:onGnssLocationCb:333
12-05 07:01:56.686   695   752 I ActivityManager: Test idle failed due to 5608d02 5595:com.google.android.gms.persistent/u0a147 runnable at +252ms because NORMAL
12-05 07:01:56.707   695   918 D BackgroundInstallControlService: Package event received: 0
12-05 07:01:56.710   695   744 W Looper  : Slow dispatch took 229ms android.ui app=system_server main=false group=TOP_APP h=android.view.Choreographer$FrameHandler c=android.view.Choreographer$FrameDisplayEventReceiver@e889bb8 m=0
12-05 07:01:56.717   695   746 W IPCThreadState: Sending oneway calls to frozen process.
12-05 07:01:56.720  5611  5611 D ViewRootImpl: Skipping stats log for color mode
12-05 07:01:56.721   695   744 W Looper  : Slow delivery took 247ms android.ui app=system_server main=false group=TOP_APP h=com.android.server.wm.DisplayPolicy$PolicyHandler c=com.android.server.wm.DisplayPolicy$$ExternalSyntheticLambda14@19048a6 m=0
12-05 07:01:56.722  5611  5611 D NexusLauncherModelDelegate: notifySmartspaceEvent: SmartspaceTargetEvent{mSmartspaceTarget=null, mSmartspaceActionId='null', mEventType=6}
12-05 07:01:56.722  5611  5611 D BaseDepthController: mSurface is null and mCurrentBlur is: 23
12-05 07:01:56.724  1015 16912 D android.hardware.gnss-service.ranchu: GnssHwConn:workerThread:119
12-05 07:01:56.725   695   918 D BackgroundInstallControlService: Package event received: 0
12-05 07:01:56.729   695   918 D BackgroundInstallControlService: Package event received: 0
12-05 07:01:56.731   695   743 W AlarmManager: Unrecognized alarm listener com.android.server.location.gnss.GnssLocationProvider$$ExternalSyntheticLambda14@2e67694
12-05 07:01:56.731   695   743 W AlarmManager: Unrecognized alarm listener com.android.server.location.gnss.GnssLocationProvider$$ExternalSyntheticLambda13@eb9c53d
12-05 07:01:56.741  5611  5611 D BaseDepthController: setSurface:
12-05 07:01:56.741  5611  5611 D BaseDepthController: 	mWaitingOnSurfaceValidity: false
12-05 07:01:56.741  5611  5611 D BaseDepthController: 	mBaseSurface: Surface(name=com.google.android.apps.nexuslauncher/com.google.android.apps.nexuslauncher.NexusLauncherActivity)/@0xdc028b
12-05 07:01:56.751  5595 16936 I FusedOrientationManager: Unregistering orientation client. [CONTEXT service_id=6 ]
12-05 07:01:56.796  5595  6207 I ActivityScheduler: nextTriggerTime: 4913069, in 159253ms, detectorType: 39, FULL_TYPE alarmWindowMillis: 20000
12-05 07:01:56.891  5611  5611 D StatsLog: LAUNCHER_ONRESUME
12-05 07:01:56.901  5611  5673 D QuickstepModelDelegate: notifyAppTargetEvent action=1 launchLocation=
12-05 07:01:56.906   963  2292 V WindowManagerShell: onTransitionReady(transaction=2985002274214)
12-05 07:01:56.906   963  1033 V WindowManagerShell: onTransitionReady (#83) android.os.BinderProxy@83c3c96: {id=83 t=CLOSE f=0x10 trk=0 r=[0@Point(0, 0)] c=[
12-05 07:01:56.906   963  1033 V WindowManagerShell:         {m=TO_FRONT f=SHOW_WALLPAPER|MOVE_TO_TOP leash=Surface(name=Task=1)/@0xef7c382 sb=Rect(0, 0 - 1080, 2424) eb=Rect(0, 0 - 1080, 2424) epz=Point(1080, 2424) d=0 taskParent=-1},
12-05 07:01:56.906   963  1033 V WindowManagerShell:         {m=CLOSE f=NONE leash=Surface(name=Task=435)/@0x59c0a93 sb=Rect(0, 0 - 1080, 2424) eb=Rect(0, 0 - 1080, 2424) epz=Point(1080, 2424) d=0 taskParent=-1},
12-05 07:01:56.906   963  1033 V WindowManagerShell:         {m=TO_FRONT f=IS_WALLPAPER leash=Surface(name=WallpaperWindowToken{3d9da96 showWhenLocked=false})/@0xf5b7ad0 sb=Rect(0, 0 - 1080, 2424) eb=Rect(0, 0 - 1080, 2424) epz=Point(1080, 2424) d=0}
12-05 07:01:56.906   963  1033 V WindowManagerShell:     ]}
12-05 07:01:56.907   963  1033 V WindowManagerShell: Playing animation for (#83) android.os.BinderProxy@83c3c96@0
12-05 07:01:56.907   963  1033 V ShellRecents: RecentsTransitionHandler.startAnimation: no controller found
12-05 07:01:56.907   963  1033 V WindowManagerShell: Transition doesn't have explicit remote, search filters for match for {id=83 t=CLOSE f=0x10 trk=0 r=[0@Point(0, 0)] c=[{m=TO_FRONT f=SHOW_WALLPAPER|MOVE_TO_TOP leash=Surface(name=Task=1)/@0xef7c382 sb=Rect(0, 0 - 1080, 2424) eb=Rect(0, 0 - 1080, 2424) epz=Point(1080, 2424) d=0 taskParent=-1},{m=CLOSE f=NONE leash=Surface(name=Task=435)/@0x59c0a93 sb=Rect(0, 0 - 1080, 2424) eb=Rect(0, 0 - 1080, 2424) epz=Point(1080, 2424) d=0 taskParent=-1},{m=TO_FRONT f=IS_WALLPAPER leash=Surface(name=WallpaperWindowToken{3d9da96 showWhenLocked=false})/@0xf5b7ad0 sb=Rect(0, 0 - 1080, 2424) eb=Rect(0, 0 - 1080, 2424) epz=Point(1080, 2424) d=0}]}
12-05 07:01:56.907 16170 16185 I AiAiEcho: Predicting[0]:  [CONTEXT sampling_count=5 ]
12-05 07:01:56.907   963  1033 V WindowManagerShell:  Checking filter Pair{{types=[] flags=0x0] notFlags=0x0 checks=[{atype=undefined independent=true modes=[CLOSE,TO_BACK] flags=IN_TASK_WITH_EMBEDDED_ACTIVITY mustBeTask=false order=ANY topActivity=null launchCookie=null taskFragmentToken=android.os.BinderProxy@3b60a94 windowingMode=undefined}]} RemoteTransition { remoteTransition = android.window.IRemoteTransition$Stub$Proxy@e33c93d, appThread = android.app.IApplicationThread$Stub$Proxy@58b7532, debugName = overlayBackTransition }}
12-05 07:01:56.907 16170 16185 I AiAiEcho: EchoTargets: 
12-05 07:01:56.907 16170 16185 I AiAiEcho: Filtered by AiAi flag check: 
12-05 07:01:56.907 16170 16185 I AiAiEcho: [CONTEXT ratelimit_period="10 SECONDS" ]
12-05 07:01:56.907   963  1033 V WindowManagerShell:  Checking filter Pair{{types=[] flags=0x0] notFlags=0x0 checks=[{atype=dream independent=true modes=[OPEN,TO_FRONT] flags=NONE mustBeTask=false order=ANY topActivity=null launchCookie=null windowingMode=undefined},{atype=home independent=true modes=[CLOSE,TO_BACK] flags=NONE mustBeTask=false order=ANY topActivity=null launchCookie=null windowingMode=undefined}]} RemoteTransition { remoteTransition = android.window.IRemoteTransition$Stub$Proxy@c25283, appThread = android.app.IApplicationThread$Stub$Proxy@c333c00, debugName = LauncherToDream }}
12-05 07:01:56.907   963  1033 V WindowManagerShell:  Checking filter Pair{{types=[] flags=0x0] notFlags=0x100 checks=[{atype=home independent=true modes=[OPEN,TO_FRONT] flags=NONE mustBeTask=false order=TOP topActivity=ComponentInfo{com.google.android.apps.nexuslauncher/com.google.android.apps.nexuslauncher.NexusLauncherActivity} launchCookie=null windowingMode=undefined},{atype=standard independent=true modes=[CLOSE,TO_BACK] flags=NONE mustBeTask=false order=ANY topActivity=null launchCookie=null windowingMode=undefined},{NOT atype=undefined independent=true modes=[] flags=NONE mustBeTask=true order=ANY topActivity=null launchCookie=null customAnim=true windowingMode=undefined}]} RemoteTransition { remoteTransition = android.window.IRemoteTransition$Stub$Proxy@618bc39, appThread = android.app.IApplicationThread$Stub$Proxy@ef7b27e, debugName = QuickstepLaunchHome }}
12-05 07:01:56.907   963  1033 D RemoteTransitionHandler: Found filterPair{{types=[] flags=0x0] notFlags=0x100 checks=[{atype=home independent=true modes=[OPEN,TO_FRONT] flags=NONE mustBeTask=false order=TOP topActivity=ComponentInfo{com.google.android.apps.nexuslauncher/com.google.android.apps.nexuslauncher.NexusLauncherActivity} launchCookie=null windowingMode=undefined},{atype=standard independent=true modes=[CLOSE,TO_BACK] flags=NONE mustBeTask=false order=ANY topActivity=null launchCookie=null windowingMode=undefined},{NOT atype=undefined independent=true modes=[] flags=NONE mustBeTask=true order=ANY topActivity=null launchCookie=null customAnim=true windowingMode=undefined}]} RemoteTransition { remoteTransition = android.window.IRemoteTransition$Stub$Proxy@618bc39, appThread = android.app.IApplicationThread$Stub$Proxy@ef7b27e, debugName = QuickstepLaunchHome }}
12-05 07:01:56.907   963  1033 V WindowManagerShell:  Delegate animation for (#83) to RemoteTransition { remoteTransition = android.window.IRemoteTransition$Stub$Proxy@618bc39, appThread = android.app.IApplicationThread$Stub$Proxy@ef7b27e, debugName = QuickstepLaunchHome }
12-05 07:01:56.908 16170 16185 I AiAiEcho: #remoteViewsTwiddler: feature disabled.
12-05 07:01:56.911 16170 16185 I AiAiEcho: #postPredictionTargets: Sending updates to UISurface home with targets# 0 (types=[])
12-05 07:01:56.913  5611  5611 D SsBaseTemplateCard: No text view can be set up
12-05 07:01:56.913  5611  5611 D SsBaseTemplateCard: Passed-in item info is null
12-05 07:01:56.913  5611  5611 D SsBaseTemplateCard: Passed-in item info is null
12-05 07:01:56.913  5611  5611 D SsBaseTemplateCard: Passed-in item info is null
12-05 07:01:56.913  5611  5611 I SsBaseTemplateCard: Secondary card pane is null
12-05 07:01:56.919  5611  5611 D b/311077782: LauncherAnimationRunner.setAnimation
12-05 07:01:56.968   695   743 V WindowManager: Sent Transition (#83) createdAt=12-05 07:01:56.429 via request=TransitionRequestInfo { type = CLOSE, triggerTask = TaskInfo{userId=0 taskId=435 effectiveUid=10214 displayId=0 isRunning=true baseIntent=Intent { act=android.intent.action.MAIN cat=[android.intent.category.LAUNCHER] flg=0x10200000 cmp=com.app.rokys/.MainActivity } baseActivity=ComponentInfo{com.app.rokys/com.app.rokys.MainActivity} topActivity=ComponentInfo{com.app.rokys/com.app.rokys.MainActivity} origActivity=null realActivity=ComponentInfo{com.app.rokys/com.app.rokys.MainActivity} numActivities=1 lastActiveTime=4728093 supportsMultiWindow=true resizeMode=1 isResizeable=true minWidth=-1 minHeight=-1 defaultMinSize=220 token=WCT{RemoteToken{e508a82 Task{f57275d #435 type=standard A=10214:com.app.rokys}}} topActivityType=1 pictureInPictureParams=null shouldDockBigOverlays=false launchIntoPipHostTaskId=-1 lastParentTaskIdBeforePip=-1 displayCutoutSafeInsets=Rect(0, 0 - 0, 0) topActivityInfo=ActivityInfo{50ac593 com.app.rokys.MainActivity} launchCookies=[android.os.BinderProxy@7b19d0] positionInParent=Point(0, 0) parentTaskId=-1 isFocused=true isVisible=true isVisibleRequested=true isTopActivityNoDisplay=false isSleeping=false locusId=null displayAreaFeatureId=1 isTopActivityTransparent=false isActivityStackTransparent=false lastNonFullscreenBounds=Rect(278, 711 - 803, 1791) capturedLink=null capturedLinkTimestamp=0 requestedVisibleTypes=-9 topActivityRequestOpenInBrowserEducationTimestamp=0 appCompatTaskInfo=AppCompatTaskInfo { topActivityInSizeCompat=false eligibleForLetterboxEducation= false isLetterboxEducationEnabled= true isLetterboxDoubleTapEnabled= false eligibleForUserAspectRatioButton= false topActivityBoundsLetterboxed= false isFromLetterboxDoubleTap= false topActivityLetterboxVerticalPosition= -1 topActivityLetterboxHorizontalPosition= -1 topActivityLetterboxWidth=-1 topActivityLetterboxHeight=-1 topActivityAppBounds=Rect(0, 0 - 1080, 2424) isUserFullscreenOverrideEnabled=false isSystemFullscreenOverrideEnabled=false hasMinAspectRatioOverride=false topActivityLetterboxBounds=null cameraCompatTaskInfo=CameraCompatTaskInfo { freeformCameraCompatMode=inactive}} topActivityMainWindowFrame=null}, pipChange = null, remoteTransition = null, displayChange = null, flags = 16, debugId = 83 }
12-05 07:01:56.967  5611  5673 W HWUI    : Image decoding logging dropped!
12-05 07:01:56.970   695   743 V WindowManager:     startWCT=WindowContainerTransaction { changes= {} hops= [] errorCallbackToken=null taskFragmentOrganizer=null }
12-05 07:01:56.970   695   743 V WindowManager:     info={id=83 t=CLOSE f=0x10 trk=0 r=[0@Point(0, 0)] c=[
12-05 07:01:56.970   695   743 V WindowManager:         {WCT{RemoteToken{3fd2a1b Task{902daf2 #1 type=home}}} m=TO_FRONT f=SHOW_WALLPAPER|MOVE_TO_TOP leash=Surface(name=Task=1)/@0x26d3859 sb=Rect(0, 0 - 1080, 2424) eb=Rect(0, 0 - 1080, 2424) epz=Point(1080, 2424) d=0 taskParent=-1},
12-05 07:01:56.970   695   743 V WindowManager:         {WCT{RemoteToken{e508a82 Task{f57275d #435 type=standard A=10214:com.app.rokys}}} m=CLOSE f=NONE leash=Surface(name=Task=435)/@0xfc014f6 sb=Rect(0, 0 - 1080, 2424) eb=Rect(0, 0 - 1080, 2424) epz=Point(1080, 2424) d=0 taskParent=-1},
12-05 07:01:56.970   695   743 V WindowManager:         {m=TO_FRONT f=IS_WALLPAPER leash=Surface(name=WallpaperWindowToken{3d9da96 showWhenLocked=false})/@0xb3673cb sb=Rect(0, 0 - 1080, 2424) eb=Rect(0, 0 - 1080, 2424) epz=Point(1080, 2424) d=0}
12-05 07:01:56.970   695   743 V WindowManager:     ]}
12-05 07:01:56.971   963  1033 V WindowManagerShell:  animated by com.android.wm.shell.transition.RemoteTransitionHandler@2571bc0
12-05 07:01:56.987   498   498 I RanchuHwc: logCompositionFallbackIfChanged: layer 156 CompositionType fallback from 2 to 1
12-05 07:01:56.987   498   498 I RanchuHwc: logCompositionFallbackIfChanged: layer 157 CompositionType fallback from 3 to 1
12-05 07:01:56.987   498   498 I RanchuHwc: logCompositionFallbackIfChanged: layer 158 CompositionType fallback from 2 to 1
12-05 07:01:57.012   695   744 W Looper  : Drained
12-05 07:01:57.240   963  1033 V WindowManagerShell: Transition animation finished (aborted=false), notifying core (#83) android.os.BinderProxy@83c3c96@0
12-05 07:01:57.242   695   743 V WindowManager: Finish Transition (#83): created at 12-05 07:01:56.429 collect-started=0.033ms request-sent=0.148ms started=11.962ms ready=278.731ms sent=476.139ms commit=15.559ms finished=812.374ms
12-05 07:01:57.243 16625 16625 D VRI[MainActivity]: visibilityChanged oldVisibility=true newVisibility=false
12-05 07:01:57.243 16625 16625 D VRI[MainActivity]: visibilityChanged oldVisibility=true newVisibility=false
12-05 07:01:57.245   963  1033 V WindowManagerShell: Track 0 became idle
12-05 07:01:57.246   963  1033 V WindowManagerShell: All active transition animations finished
12-05 07:01:57.295 16625 16659 I ReactNativeJNI: Memory warning (pressure level: TRIM_MEMORY_BACKGROUND) received by JS VM, running a GC
12-05 07:01:57.315 16625 16625 W WindowOnBackDispatcher: sendCancelIfRunning: isInProgress=false callback=android.view.ViewRootImpl$$ExternalSyntheticLambda13@f1f9376
12-05 07:01:57.316   695  1796 D CoreBackPreview: Window{632fb8a u0 com.app.rokys/com.app.rokys.MainActivity}: Setting back callback null
12-05 07:01:57.317 16625 16625 D ViewRootImpl: Skipping stats log for color mode
12-05 07:01:57.322   695  1796 I ImeTracker: system_server:25a5b0ab: onRequestHide at ORIGIN_SERVER reason IME_REQUESTED_CHANGED_LISTENER fromUser false
12-05 07:01:57.323   695   746 I ImeTracker: system_server:25a5b0ab: onCancelled at PHASE_SERVER_SHOULD_HIDE
12-05 07:01:57.327 16625 16625 E WindowManager: android.view.WindowLeaked: Activity com.app.rokys.MainActivity has leaked window com.android.internal.policy.DecorView{87fc6d6 V.E...... R.....ID 0,0-1080,2424}[MainActivity] that was originally added here
12-05 07:01:57.327 16625 16625 E WindowManager: 	at android.view.ViewRootImpl.<init>(ViewRootImpl.java:1269)
12-05 07:01:57.327 16625 16625 E WindowManager: 	at android.view.ViewRootImpl.<init>(ViewRootImpl.java:1256)
12-05 07:01:57.327 16625 16625 E WindowManager: 	at android.view.WindowManagerGlobal.addView(WindowManagerGlobal.java:476)
12-05 07:01:57.327 16625 16625 E WindowManager: 	at android.view.WindowManagerImpl.addView(WindowManagerImpl.java:158)
12-05 07:01:57.327 16625 16625 E WindowManager: 	at android.app.Dialog.show(Dialog.java:352)
12-05 07:01:57.327 16625 16625 E WindowManager: 	at com.facebook.react.views.modal.ReactModalHostView.showOrUpdate(ReactModalHostView.kt:337)
12-05 07:01:57.327 16625 16625 E WindowManager: 	at com.facebook.react.views.modal.ReactModalHostManager.onAfterUpdateTransaction(ReactModalHostManager.kt:120)
12-05 07:01:57.327 16625 16625 E WindowManager: 	at com.facebook.react.views.modal.ReactModalHostManager.onAfterUpdateTransaction(ReactModalHostManager.kt:25)
12-05 07:01:57.327 16625 16625 E WindowManager: 	at com.facebook.react.uimanager.ViewManager.updateProperties(ViewManager.java:105)
12-05 07:01:57.327 16625 16625 E WindowManager: 	at com.facebook.react.uimanager.ViewManager.createViewInstance(ViewManager.java:221)
12-05 07:01:57.327 16625 16625 E WindowManager: 	at com.facebook.react.uimanager.ViewManager.createView(ViewManager.java:148)
12-05 07:01:57.327 16625 16625 E WindowManager: 	at com.facebook.react.uimanager.NativeViewHierarchyManager.createView(NativeViewHierarchyManager.java:297)
12-05 07:01:57.327 16625 16625 E WindowManager: 	at com.facebook.react.uimanager.UIViewOperationQueue$CreateViewOperation.execute(UIViewOperationQueue.java:179)
12-05 07:01:57.327 16625 16625 E WindowManager: 	at com.facebook.react.uimanager.UIViewOperationQueue$1.run(UIViewOperationQueue.java:883)
12-05 07:01:57.327 16625 16625 E WindowManager: 	at com.facebook.react.uimanager.UIViewOperationQueue.flushPendingBatches(UIViewOperationQueue.java:999)
12-05 07:01:57.327 16625 16625 E WindowManager: 	at com.facebook.react.uimanager.UIViewOperationQueue.-$$Nest$mflushPendingBatches(Unknown Source:0)
12-05 07:01:57.327 16625 16625 E WindowManager: 	at com.facebook.react.uimanager.UIViewOperationQueue$DispatchUIFrameCallback.doFrameGuarded(UIViewOperationQueue.java:1056)
12-05 07:01:57.327 16625 16625 E WindowManager: 	at com.facebook.react.uimanager.GuardedFrameCallback.doFrame(GuardedFrameCallback.kt:25)
12-05 07:01:57.327 16625 16625 E WindowManager: 	at com.facebook.react.modules.core.ReactChoreographer.frameCallback$lambda$1(ReactChoreographer.kt:59)
12-05 07:01:57.327 16625 16625 E WindowManager: 	at com.facebook.react.modules.core.ReactChoreographer.$r8$lambda$nSkFhrr5T7rop_XKwzlLov4NLLw(Unknown Source:0)
12-05 07:01:57.327 16625 16625 E WindowManager: 	at com.facebook.react.modules.core.ReactChoreographer$$ExternalSyntheticLambda0.doFrame(D8$$SyntheticClass:0)
12-05 07:01:57.327 16625 16625 E WindowManager: 	at android.view.Choreographer$CallbackRecord.run(Choreographer.java:1568)
12-05 07:01:57.327 16625 16625 E WindowManager: 	at android.view.Choreographer$CallbackRecord.run(Choreographer.java:1579)
12-05 07:01:57.327 16625 16625 E WindowManager: 	at android.view.Choreographer.doCallbacks(Choreographer.java:1179)
12-05 07:01:57.327 16625 16625 E WindowManager: 	at android.view.Choreographer.doFrame(Choreographer.java:1104)
12-05 07:01:57.327 16625 16625 E WindowManager: 	at android.view.Choreographer$FrameDisplayEventReceiver.run(Choreographer.java:1553)
12-05 07:01:57.327 16625 16625 E WindowManager: 	at android.os.Handler.handleCallback(Handler.java:995)
12-05 07:01:57.327 16625 16625 E WindowManager: 	at android.os.Handler.dispatchMessage(Handler.java:103)
12-05 07:01:57.327 16625 16625 E WindowManager: 	at android.os.Looper.loopOnce(Looper.java:248)
12-05 07:01:57.327 16625 16625 E WindowManager: 	at android.os.Looper.loop(Looper.java:338)
12-05 07:01:57.327 16625 16625 E WindowManager: 	at android.app.ActivityThread.main(ActivityThread.java:9067)
12-05 07:01:57.327 16625 16625 E WindowManager: 	at java.lang.reflect.Method.invoke(Native Method)
12-05 07:01:57.327 16625 16625 E WindowManager: 	at com.android.internal.os.RuntimeInit$MethodAndArgsCaller.run(RuntimeInit.java:593)
12-05 07:01:57.327 16625 16625 E WindowManager: 	at com.android.internal.os.ZygoteInit.main(ZygoteInit.java:932)
12-05 07:01:57.329 16625 16625 D ViewRootImpl: Skipping stats log for color mode
12-05 07:01:57.334   695   918 D BackgroundInstallControlService: Package event received: 0
12-05 07:01:57.338 16625 16625 E unknown:ReactNative: Tried to remove non-existent frame callback
12-05 07:01:57.338 16625 16625 D Google Android Maps SDK: For capability in capabilities, log:
12-05 07:01:57.338 16625 16625 D Google Android Maps SDK: "AdvancedMarkers: false: Capabilities unavailable without a Map ID."Data-driven styling: false
12-05 07:01:57.340 16625 16886 W m140.few: Destroying egl context
12-05 07:01:57.345 16625 16625 W m140.fhf: Shutting down renderer while it's not idle - phase is INVALID
12-05 07:01:57.346 16625 16625 I m140.bfb: Trimming POINTS_LABELS's current size 12 to 0.00000, or 0
12-05 07:01:57.346 16625 16625 I m140.bfb: Trimming OTHER: LabelSourceOp's current size 1 to 0.00000, or 0
12-05 07:01:57.347 16625 16625 W WindowOnBackDispatcher: sendCancelIfRunning: isInProgress=false callback=android.view.ViewRootImpl$$ExternalSyntheticLambda13@128fed9
12-05 07:01:57.348   695  1027 W WindowManager: Failed looking up window session=Session{620057e 16625:u0a10214} callers=com.android.server.wm.WindowManagerService.removeClientToken:2135 com.android.server.wm.Session.remove:270 android.view.IWindowSession$Stub.onTransact:696 
12-05 07:01:57.348   695  1796 W WindowManager: Failed looking up window session=Session{620057e 16625:u0a10214} callers=com.android.server.wm.WindowManagerService.windowForClientLocked:6410 com.android.server.wm.Session.setOnBackInvokedCallbackInfo:1010 android.view.IWindowSession$Stub.onTransact:1158 
12-05 07:01:57.348   695  1796 I WindowManager: setOnBackInvokedCallback(): No window state for package:com.app.rokys
12-05 07:01:57.350  5611  5611 D RecentsView: onTaskRemoved: 435, not handling task stack changes
12-05 07:01:57.350  5611  5611 D RecentsView: onTaskRemoved: 435, not handling task stack changes
12-05 07:01:59.424   482  9522 D android.hardware.audio@7.1-impl.ranchu: threadLoop: entering standby, frames: 4071296
12-05 07:01:59.424   482  9522 D android.hardware.audio@7.1-impl.ranchu: ~TinyalsaSink: stopping PCM stream
12-05 07:01:59.424   482  9522 D android.hardware.audio@7.1-impl.ranchu: ~TinyalsaSink: joining consumeThread
12-05 07:01:59.425   482 16961 W android.hardware.audio@7.1-impl.ranchu: pcmWrite:259 pcm_writei failed with 'cannot read/write stream data: File descriptor in bad state' (-1)
12-05 07:01:59.425   482 16961 E android.hardware.audio@7.1-impl.ranchu: pcmWrite:260 failure: -1
12-05 07:01:59.425   482 16961 D android.hardware.audio@7.1-impl.ranchu: consumeThread: exiting
12-05 07:02:00.337   695  1628 E TaskPersister: File error accessing recents directory (directory doesn't exist?).
12-05 07:02:00.734 15839 15839 D BoundBrokerSvc: onUnbind: Intent { act=com.google.android.gms.notifications.capping.api.NotificationsCappingApiService.START dat=chimera-action:/... xflg=0x4 cmp=com.google.android.gms/.chimera.GmsApiService }
12-05 07:02:00.756 15839 15839 D BoundBrokerSvc: onUnbind: Intent { act=com.google.android.mobstore.service.START xflg=0x4 pkg=com.google.android.gms }
12-05 07:02:01.764   695   871 D InetDiagMessage: Destroyed 0 sockets, proto=IPPROTO_TCP, family=AF_INET, states=14
12-05 07:02:01.766   695   871 D InetDiagMessage: Destroyed 1 sockets, proto=IPPROTO_TCP, family=AF_INET6, states=14
12-05 07:02:01.766   695   871 D InetDiagMessage: Destroyed live tcp sockets for uids={10214} in 2ms
12-05 07:02:01.766   695   871 D InetDiagMessage: Destroyed 0 sockets, proto=IPPROTO_TCP, family=AF_INET, states=14
12-05 07:02:01.767   695   871 D InetDiagMessage: Destroyed 0 sockets, proto=IPPROTO_TCP, family=AF_INET6, states=14
12-05 07:02:01.767   695   871 D InetDiagMessage: Destroyed live tcp sockets for uids={20214} in 1ms
12-05 07:02:01.972   695   752 I ActivityManager: Test idle passed
12-05 07:02:03.743   695   744 W WindowOnBackDispatcher: sendCancelIfRunning: isInProgress=false callback=android.app.Dialog$$ExternalSyntheticLambda2@64c4dce
12-05 07:02:03.743   695   744 D CoreBackPreview: Window{30075f6 u0 Application Error: com.app.rokys}: Setting back callback null
12-05 07:02:03.744   695  1220 I ActivityManager: Killing 16625:com.app.rokys/u0a214 (adj 900): crash
12-05 07:02:03.747   543   637 D AudioFlinger: mixer(0x7566ead83770) throttle end: throttle time(35)
12-05 07:02:03.747   695  2051 W AS.PlaybackActivityMon: No piid assigned for invalid/internal port id 15
12-05 07:02:03.748   695  9543 D HWUI    : endAllActiveAnimators on 0x79af652c6100 (RippleDrawable) with handle 0x79af85468610
12-05 07:02:03.765   695   754 I libprocessgroup: Removed cgroup /sys/fs/cgroup/apps/uid_10214/pid_16625
12-05 07:02:03.765   474   474 I Zygote  : Process 16625 exited due to signal 9 (Killed)
12-05 07:02:03.767   695   746 W ActivityManager: setHasOverlayUi called on unknown pid: 16625
12-05 07:02:03.767   695   951 I ImeTracker: com.app.rokys:70d502e0: onRequestHide at ORIGIN_SERVER reason HIDE_REMOVE_CLIENT fromUser false
12-05 07:02:03.768   695   871 D ConnectivityService: releasing NetworkRequest [ REQUEST id=577, [ Capabilities: INTERNET&NOT_RESTRICTED&TRUSTED&NOT_VCN_MANAGED&NOT_BANDWIDTH_CONSTRAINED Uid: 10214 RequestorUid: 10214 RequestorPkg: com.app.rokys UnderlyingNetworks: Null] ] (release request)
12-05 07:02:03.768   695  2051 V ActivityManager: Got obituary of 16625:com.app.rokys
12-05 07:02:03.770   695   951 I ImeTracker: com.app.rokys:70d502e0: onCancelled at PHASE_SERVER_SHOULD_HIDE
12-05 07:02:03.787   695   746 V WindowManager: Unknown focus tokens, dropping reportFocusChanged
12-05 07:02:03.814   695   837 I ImeTracker: com.google.android.apps.nexuslauncher:e06ac4b8: onRequestHide at ORIGIN_SERVER reason HIDE_UNSPECIFIED_WINDOW fromUser false
12-05 07:02:03.814  5611  5611 D InsetsController: hide(ime(), fromIme=false)
12-05 07:02:03.814  5611  5611 I ImeTracker: com.google.android.apps.nexuslauncher:e06ac4b8: onCancelled at PHASE_CLIENT_ALREADY_HIDDEN
12-05 07:02:03.817 16668 16668 I GoogleInputMethodService: GoogleInputMethodService.onFinishInput():2097 
12-05 07:02:03.818 16668 16668 I Module  : DeviceLockedStatusModuleProvider$Module.updateDeviceLockedStatus():103 repeatCheckTimes = 0, locked = false
12-05 07:02:03.818 16668 16668 I GoogleInputMethodService: GoogleInputMethodService.onStartInput():1347 onStartInput(EditorInfo{EditorInfo{packageName=com.google.android.apps.nexuslauncher, inputType=0, inputTypeString=NULL, enableLearning=false, autoCorrection=false, autoComplete=false, imeOptions=0, privateImeOptions=null, actionName=UNSPECIFIED, actionLabel=null, initialSelStart=-1, initialSelEnd=-1, initialCapsMode=0, label=null, fieldId=0, fieldName=null, extras=null, hintText=null, hintLocales=[]}}, false)
12-05 07:02:03.819 16668 16668 I Module  : DeviceLockedStatusModuleProvider$Module.updateDeviceLockedStatus():103 repeatCheckTimes = 1, locked = false
12-05 07:02:03.820   695  1803 I ImeTracker: system_server:83be90d4: onRequestHide at ORIGIN_SERVER reason IME_REQUESTED_CHANGED_LISTENER fromUser false
12-05 07:02:03.820   695  2051 W PackageConfigPersister: App-specific configuration not found for packageName: com.google.android.apps.nexuslauncher and userId: 0
12-05 07:02:03.821   695   746 I ImeTracker: system_server:83be90d4: onCancelled at PHASE_SERVER_SHOULD_HIDE
12-05 07:02:04.791  5611  5611 D b/387844520: getOutlineOffsetX: measured width = 173, mNormalizedIconSize = 159, last updated width = 173
12-05 07:02:04.791   695  1803 W AS.PlaybackActivityMon: No piid assigned for invalid/internal port id 15
12-05 07:02:04.794   695  1780 V GrammaticalInflectionUtils: AttributionSource: android.content.AttributionSource@dd4a61ec does not have READ_SYSTEM_GRAMMATICAL_GENDER permission.
12-05 07:02:04.794   695  1780 W OptProp : Cannot read opt property android.window.PROPERTY_COMPAT_ALLOW_USER_ASPECT_RATIO_OVERRIDE
12-05 07:02:04.794   695  1780 W OptProp : Cannot read opt property android.window.PROPERTY_COMPAT_ALLOW_USER_ASPECT_RATIO_FULLSCREEN_OVERRIDE
12-05 07:02:04.794   695  1780 W OptProp : Cannot read opt property android.window.PROPERTY_COMPAT_ALLOW_RESIZEABLE_ACTIVITY_OVERRIDES
12-05 07:02:04.794   695  1780 W OptProp : Cannot read opt property android.window.PROPERTY_COMPAT_ALLOW_MIN_ASPECT_RATIO_OVERRIDE
12-05 07:02:04.797   695  1780 W OptProp : Cannot read opt property android.window.PROPERTY_COMPAT_ALLOW_ORIENTATION_OVERRIDE
12-05 07:02:04.797  5611  5673 W HWUI    : Image decoding logging dropped!
12-05 07:02:04.800   695  1780 I ActivityTaskManager: START u0 {act=android.intent.action.MAIN cat=[android.intent.category.LAUNCHER] flg=0x10200000 xflg=0x4 cmp=com.app.rokys/.MainActivity bnds=[293,992][540,1307]} with LAUNCH_SINGLE_TASK from uid 10178 (sr=254410461) (BAL_ALLOW_VISIBLE_WINDOW) result code=0
12-05 07:02:04.801   963  1033 V WindowManagerShell: Transition requested (#84): android.os.BinderProxy@8109ef4 TransitionRequestInfo { type = OPEN, triggerTask = TaskInfo{userId=0 taskId=436 effectiveUid=10214 displayId=0 isRunning=true baseIntent=Intent { act=android.intent.action.MAIN cat=[android.intent.category.LAUNCHER] flg=0x10200000 cmp=com.app.rokys/.MainActivity } baseActivity=ComponentInfo{com.app.rokys/com.app.rokys.MainActivity} topActivity=ComponentInfo{com.app.rokys/com.app.rokys.MainActivity} origActivity=null realActivity=ComponentInfo{com.app.rokys/com.app.rokys.MainActivity} numActivities=1 lastActiveTime=4761820 supportsMultiWindow=true resizeMode=1 isResizeable=true minWidth=-1 minHeight=-1 defaultMinSize=220 token=WCT{android.window.IWindowContainerToken$Stub$Proxy@43a361d} topActivityType=1 pictureInPictureParams=null shouldDockBigOverlays=false launchIntoPipHostTaskId=-1 lastParentTaskIdBeforePip=-1 displayCutoutSafeInsets=Rect(0, 142 - 0, 0) topActivityInfo=ActivityInfo{b41092 com.app.rokys.MainActivity} launchCookies=[android.os.BinderProxy@ca3ba63] positionInParent=Point(0, 0) parentTaskId=-1 isFocused=false isVisible=false isVisibleRequested=false isTopActivityNoDisplay=false isSleeping=false locusId=null displayAreaFeatureId=1 isTopActivityTransparent=false isActivityStackTransparent=false lastNonFullscreenBounds=Rect(278, 711 - 803, 1791) capturedLink=null capturedLinkTimestamp=0 requestedVisibleTypes=-9 topActivityRequestOpenInBrowserEducationTimestamp=0 appCompatTaskInfo=AppCompatTaskInfo { topActivityInSizeCompat=false eligibleForLetterboxEducation= false isLetterboxEducationEnabled= true isLetterboxDoubleTapEnabled= false eligibleForUserAspectRatioButton= false topActivityBoundsLetterboxed= false isFromLetterboxDoubleTap= false topActivityLetterboxVerticalPosition= -1 topActivityLetterboxHorizontalPosition= -1 topActivityLetterboxWidth=-1 topActivityLetterboxHeight=-1 topActivityAppBounds=Rect(0, 0 - 1080, 2424) isUserFullscreenOverrideEnabled=false isSystemFullscreenOverrideEnabled=false hasMinAspectRatioOverride=false topActivityLetterboxBounds=null cameraCompatTaskInfo=CameraCompatTaskInfo { freeformCameraCompatMode=inactive}} topActivityMainWindowFrame=null}, pipChange = null, remoteTransition = RemoteTransition { remoteTransition = android.window.IRemoteTransition$Stub$Proxy@12b660, appThread = android.app.IApplicationThread$Stub$Proxy@9c91719, debugName = QuickstepLaunch }, displayChange = null, flags = 0, debugId = 84 }
12-05 07:02:04.801   963  1033 D ShellSplitScreen: logExit: no-op, mLoggerSessionId is null
12-05 07:02:04.801   963  1033 V WindowManagerShell: RemoteTransition directly requested for (#84) android.os.BinderProxy@8109ef4: RemoteTransition { remoteTransition = android.window.IRemoteTransition$Stub$Proxy@12b660, appThread = android.app.IApplicationThread$Stub$Proxy@9c91719, debugName = QuickstepLaunch }
12-05 07:02:04.801   963  1033 V WindowManagerShell: Transition (#84): request handled by DefaultMixedHandler
12-05 07:02:04.802   963  1193 I ndroid.systemui: AssetManager2(0x79b0f52eb218) locale list changing from [] to [en-US]
12-05 07:02:04.802  5611  5611 D StatsLog: LAUNCHER_APP_LAUNCH_TAP
12-05 07:02:04.802  5611  5611 D StatsLog: LAUNCHER_HOTSEAT_RANKED
12-05 07:02:04.803   547   547 I BpBinder: onLastStrongRef automatically unlinking death recipients: 
12-05 07:02:04.805   695   746 V GrammaticalInflectionUtils: AttributionSource: android.content.AttributionSource@dd4a61ec does not have READ_SYSTEM_GRAMMATICAL_GENDER permission.
12-05 07:02:04.807  5611  5611 W SplitSelectStateCtor: Missing session instanceIds
12-05 07:02:04.807  5611  5611 D StatsLog: LAUNCHER_SPLIT_SELECTION_EXIT_INTERRUPTED
12-05 07:02:04.811  5611  5673 D QuickstepModelDelegate: notifyAppTargetEvent action=1 launchLocation=all-apps
12-05 07:02:04.811   963  1195 W HWUI    : Image decoding logging dropped!
12-05 07:02:04.812   547   933 I BpBinder: onLastStrongRef automatically unlinking death recipients: 
12-05 07:02:04.813   543   637 D AudioFlinger: mixer(0x7566ead83770) throttle end: throttle time(34)
12-05 07:02:04.816   695   918 D BackgroundInstallControlService: Package event received: 0
12-05 07:02:04.820   474   474 D Zygote  : Forked child process 16980
12-05 07:02:04.824   695   753 I ActivityManager: Start proc 16980:com.app.rokys/u0a214 for next-top-activity {com.app.rokys/com.app.rokys.MainActivity}
12-05 07:02:04.825   695   753 I ActivityManager: ProcessObserver broadcast disabled
12-05 07:02:04.825   695  1766 D CoreBackPreview: Window{d0c3b9f u0 Splash Screen com.app.rokys}: Setting back callback OnBackInvokedCallbackInfo{mCallback=android.window.IOnBackInvokedCallback$Stub$Proxy@d82f2bb, mPriority=0, mIsAnimationCallback=false, mOverrideBehavior=0}
12-05 07:02:04.829 16980 16980 I com.app.rokys: Using CollectorTypeCC GC.
12-05 07:02:04.830 16980 16980 W com.app.rokys: Unexpected CPU variant for x86: x86_64.
12-05 07:02:04.830 16980 16980 W com.app.rokys: Known variants: atom, sandybridge, silvermont, goldmont, goldmont-plus, goldmont-without-sha-xsaves, tremont, kabylake, alderlake, default
12-05 07:02:04.833 16980 16980 E com.app.rokys: Not starting debugger since process cannot load the jdwp agent.
12-05 07:02:04.838 16980 16980 D nativeloader: Load libframework-connectivity-tiramisu-jni.so using APEX ns com_android_tethering for caller /apex/com.android.tethering/javalib/framework-connectivity-t.jar: ok
12-05 07:02:04.866   695   918 D BackgroundInstallControlService: Package event received: 0
12-05 07:02:04.868 16980 16980 D ApplicationLoaders: Returning zygote-cached class loader: /system/framework/org.apache.http.legacy.jar
12-05 07:02:04.901 16980 16980 D nativeloader: Configuring clns-9 for other apk /data/app/~~0-YKzzFO39cV0Hwo3ZhZ_Q==/com.app.rokys-KNtunJbj3nigCjaAIYc6cQ==/base.apk. target_sdk_version=36, uses_libraries=, library_path=/data/app/~~0-YKzzFO39cV0Hwo3ZhZ_Q==/com.app.rokys-KNtunJbj3nigCjaAIYc6cQ==/lib/x86_64:/data/app/~~0-YKzzFO39cV0Hwo3ZhZ_Q==/com.app.rokys-KNtunJbj3nigCjaAIYc6cQ==/base.apk!/lib/x86_64, permitted_path=/data:/mnt/expand:/data/user/0/com.app.rokys
12-05 07:02:04.904 16980 16980 I com.app.rokys: AssetManager2(0x79b0f52917b8) locale list changing from [] to [en-US]
12-05 07:02:04.914 16980 16980 V GraphicsEnvironment: Currently set values for:
12-05 07:02:04.915 16980 16980 V GraphicsEnvironment:   angle_gl_driver_selection_pkgs=[]
12-05 07:02:04.915 16980 16980 V GraphicsEnvironment:   angle_gl_driver_selection_values=[]
12-05 07:02:04.915 16980 16980 V GraphicsEnvironment: com.app.rokys is not listed in per-application setting
12-05 07:02:04.915 16980 16980 V GraphicsEnvironment: ANGLE allowlist from config: 
12-05 07:02:04.918 16980 16980 V GraphicsEnvironment: com.app.rokys is not listed in ANGLE allowlist or settings, returning default
12-05 07:02:04.918 16980 16980 V GraphicsEnvironment: Neither updatable production driver nor prerelease driver is supported.
12-05 07:02:04.931 16980 16980 I FirebaseApp: Device unlocked: initializing all Firebase APIs for app [DEFAULT]
12-05 07:02:04.932 16980 16980 I FirebaseInitProvider: FirebaseApp initialization successful
12-05 07:02:04.932 16980 16980 D ReactNativeFirebaseApp: received application context.
12-05 07:02:04.936 16980 16980 D WM-WrkMgrInitializer: Initializing WorkManager with default configuration.
12-05 07:02:04.942 16980 16980 W SoLoader: Initializing SoLoader: 0
12-05 07:02:04.942 16980 16980 W SoLoader: Recording new base apk path: /data/app/~~0-YKzzFO39cV0Hwo3ZhZ_Q==/com.app.rokys-KNtunJbj3nigCjaAIYc6cQ==/base.apk
12-05 07:02:04.942 16980 16980 W SoLoader: Previously recorded 0 base apk paths.
12-05 07:02:04.943 16980 16980 I SoLoader: Preparing SO source: DirectorySoSource[root = /vendor/lib64 flags = 2]
12-05 07:02:04.943 16980 16980 I SoLoader: Preparing SO source: DirectorySoSource[root = /system/lib64 flags = 2]
12-05 07:02:04.943 16980 16980 I SoLoader: Preparing SO source: DirectApkSoSource[root = [/data/app/~~0-YKzzFO39cV0Hwo3ZhZ_Q==/com.app.rokys-KNtunJbj3nigCjaAIYc6cQ==/base.apk!/lib/x86_64]]
12-05 07:02:04.945   695   743 V WindowManager: Sent Transition (#84) createdAt=12-05 07:02:04.794 via request=TransitionRequestInfo { type = OPEN, triggerTask = TaskInfo{userId=0 taskId=436 effectiveUid=10214 displayId=0 isRunning=true baseIntent=Intent { act=android.intent.action.MAIN cat=[android.intent.category.LAUNCHER] flg=0x10200000 cmp=com.app.rokys/.MainActivity } baseActivity=ComponentInfo{com.app.rokys/com.app.rokys.MainActivity} topActivity=ComponentInfo{com.app.rokys/com.app.rokys.MainActivity} origActivity=null realActivity=ComponentInfo{com.app.rokys/com.app.rokys.MainActivity} numActivities=1 lastActiveTime=4761820 supportsMultiWindow=true resizeMode=1 isResizeable=true minWidth=-1 minHeight=-1 defaultMinSize=220 token=WCT{RemoteToken{cdefe33 Task{82377f2 #436 type=standard A=10214:com.app.rokys}}} topActivityType=1 pictureInPictureParams=null shouldDockBigOverlays=false launchIntoPipHostTaskId=-1 lastParentTaskIdBeforePip=-1 displayCutoutSafeInsets=Rect(0, 142 - 0, 0) topActivityInfo=ActivityInfo{ad7f5f0 com.app.rokys.MainActivity} launchCookies=[android.os.BinderProxy@2830769] positionInParent=Point(0, 0) parentTaskId=-1 isFocused=false isVisible=false isVisibleRequested=false isTopActivityNoDisplay=false isSleeping=false locusId=null displayAreaFeatureId=1 isTopActivityTransparent=false isActivityStackTransparent=false lastNonFullscreenBounds=Rect(278, 711 - 803, 1791) capturedLink=null capturedLinkTimestamp=0 requestedVisibleTypes=-9 topActivityRequestOpenInBrowserEducationTimestamp=0 appCompatTaskInfo=AppCompatTaskInfo { topActivityInSizeCompat=false eligibleForLetterboxEducation= false isLetterboxEducationEnabled= true isLetterboxDoubleTapEnabled= false eligibleForUserAspectRatioButton= false topActivityBoundsLetterboxed= false isFromLetterboxDoubleTap= false topActivityLetterboxVerticalPosition= -1 topActivityLetterboxHorizontalPosition= -1 topActivityLetterboxWidth=-1 topActivityLetterboxHeight=-1 topActivityAppBounds=Rect(0, 0 - 1080, 2424) isUserFullscreenOverrideEnabled=false isSystemFullscreenOverrideEnabled=false hasMinAspectRatioOverride=false topActivityLetterboxBounds=null cameraCompatTaskInfo=CameraCompatTaskInfo { freeformCameraCompatMode=inactive}} topActivityMainWindowFrame=null}, pipChange = null, remoteTransition = RemoteTransition { remoteTransition = android.window.IRemoteTransition$Stub$Proxy@24255ee, appThread = android.app.IApplicationThread$Stub$Proxy@814a8f, debugName = QuickstepLaunch }, displayChange = null, flags = 0, debugId = 84 }
12-05 07:02:04.946   695   743 V WindowManager:     startWCT=WindowContainerTransaction { changes= {} hops= [] errorCallbackToken=null taskFragmentOrganizer=null }
12-05 07:02:04.946   695   743 V WindowManager:     info={id=84 t=OPEN f=0x0 trk=0 r=[0@Point(0, 0)] c=[
12-05 07:02:04.946   695   743 V WindowManager:         {WCT{RemoteToken{cdefe33 Task{82377f2 #436 type=standard A=10214:com.app.rokys}}} m=OPEN f=NONE leash=Surface(name=Task=436)/@0xaec16d sb=Rect(0, 0 - 1080, 2424) eb=Rect(0, 0 - 1080, 2424) epz=Point(1080, 2424) d=0 taskParent=-1},
12-05 07:02:04.946   695   743 V WindowManager:         {WCT{RemoteToken{3fd2a1b Task{902daf2 #1 type=home}}} m=TO_BACK f=SHOW_WALLPAPER leash=Surface(name=Task=1)/@0x26d3859 sb=Rect(0, 0 - 1080, 2424) eb=Rect(0, 0 - 1080, 2424) epz=Point(1080, 2424) d=0 taskParent=-1},
12-05 07:02:04.946   695   743 V WindowManager:         {m=TO_BACK f=IS_WALLPAPER leash=Surface(name=WallpaperWindowToken{3d9da96 showWhenLocked=false})/@0xb3673cb sb=Rect(0, 0 - 1080, 2424) eb=Rect(0, 0 - 1080, 2424) epz=Point(1080, 2424) d=0}
12-05 07:02:04.946   695   743 V WindowManager:     ]}
12-05 07:02:04.946 16980 16980 I SoLoader: Preparing SO source: ApplicationSoSource[DirectorySoSource[root = /data/app/~~0-YKzzFO39cV0Hwo3ZhZ_Q==/com.app.rokys-KNtunJbj3nigCjaAIYc6cQ==/lib/x86_64 flags = 0]]
12-05 07:02:04.953 16980 16980 I SoLoader: init finish: 4 SO sources prepared
12-05 07:02:04.956 16980 16998 E ashmem  : Pinning is deprecated since Android Q. Please use trim or other methods.
12-05 07:02:04.956 16980 16980 W SoLoader: SoLoader initialized: 8
12-05 07:02:04.958   963  1441 V WindowManagerShell: onTransitionReady(transaction=2985002274289)
12-05 07:02:04.958   695  1766 W OptProp : Cannot read opt property android.window.PROPERTY_COMPAT_ENABLE_FAKE_FOCUS
12-05 07:02:04.958   963  1033 V WindowManagerShell: onTransitionReady (#84) android.os.BinderProxy@8109ef4: {id=84 t=OPEN f=0x0 trk=0 r=[0@Point(0, 0)] c=[
12-05 07:02:04.958   963  1033 V WindowManagerShell:         {m=OPEN f=NONE leash=Surface(name=Task=436)/@0x1cc15f9 sb=Rect(0, 0 - 1080, 2424) eb=Rect(0, 0 - 1080, 2424) epz=Point(1080, 2424) d=0 taskParent=-1},
12-05 07:02:04.958   963  1033 V WindowManagerShell:         {m=TO_BACK f=SHOW_WALLPAPER leash=Surface(name=Task=1)/@0xa2d693e sb=Rect(0, 0 - 1080, 2424) eb=Rect(0, 0 - 1080, 2424) epz=Point(1080, 2424) d=0 taskParent=-1},
12-05 07:02:04.958   963  1033 V WindowManagerShell:         {m=TO_BACK f=IS_WALLPAPER leash=Surface(name=WallpaperWindowToken{3d9da96 showWhenLocked=false})/@0xf5ae39f sb=Rect(0, 0 - 1080, 2424) eb=Rect(0, 0 - 1080, 2424) epz=Point(1080, 2424) d=0}
12-05 07:02:04.958   963  1033 V WindowManagerShell:     ]}
12-05 07:02:04.960   963  1033 V WindowManagerShell: Playing animation for (#84) android.os.BinderProxy@8109ef4@0
12-05 07:02:04.961   963  1033 V WindowManagerShell:  try firstHandler com.android.wm.shell.transition.DefaultMixedHandler@b56b5ed
12-05 07:02:04.962   963  1033 V WindowManagerShell: Mixed transition for opening an intent with a remote transition and PIP or Desktop #84
12-05 07:02:04.964   963  1033 V WindowManagerShell: tryAnimateOpenIntentWithRemoteAndPipOrDesktop
12-05 07:02:04.964   963  1033 V WindowManagerShell:  Delegate animation for (#84) to RemoteTransition { remoteTransition = android.window.IRemoteTransition$Stub$Proxy@12b660, appThread = android.app.IApplicationThread$Stub$Proxy@9c91719, debugName = QuickstepLaunch }
12-05 07:02:04.965 16980 17004 I DisplayManager: Choreographer implicitly registered for the refresh rate.
12-05 07:02:04.969   695   918 D BackgroundInstallControlService: Package event received: 0
12-05 07:02:04.969   695   918 D BackgroundInstallControlService: Package event received: 0
12-05 07:02:04.970  1073  1311 D SatelliteController: iisInCarrierRoamingNbIotNtn: satellite is disabled
12-05 07:02:04.973 16980 16980 I com.app.rokys: AssetManager2(0x79b0f5294cd8) locale list changing from [] to [en-US]
12-05 07:02:04.976   963  1033 V WindowManagerShell:  animated by firstHandler
12-05 07:02:04.979 16980 16980 D AppCompatDelegate: Checking for metadata for AppLocalesMetadataHolderService : Service not found
12-05 07:02:04.980 16980 16980 I com.app.rokys: AssetManager2(0x79b0f5296c18) locale list changing from [] to [en-US]
12-05 07:02:04.997 16980 16980 D CompatChangeReporter: Compat change id reported: 377864165; UID 10214; state: ENABLED
12-05 07:02:04.999  5611  5611 D BaseDepthController: mSurface is null and mCurrentBlur is: 0
12-05 07:02:05.000 16980 16980 D DesktopModeFlags: Toggle override initialized to: OVERRIDE_UNSET
12-05 07:02:05.000  5611  5611 D BaseDepthController: mSurface is null and mCurrentBlur is: 0
12-05 07:02:05.000  5611  5611 D BaseDepthController: mSurface is null and mCurrentBlur is: 0
12-05 07:02:05.017 16980 16980 D nativeloader: Load /data/app/~~0-YKzzFO39cV0Hwo3ZhZ_Q==/com.app.rokys-KNtunJbj3nigCjaAIYc6cQ==/base.apk!/lib/x86_64/libc++_shared.so using class loader ns clns-9 (caller=/data/app/~~0-YKzzFO39cV0Hwo3ZhZ_Q==/com.app.rokys-KNtunJbj3nigCjaAIYc6cQ==/base.apk!classes3.dex): ok
12-05 07:02:05.023 16980 16980 D nativeloader: Load /data/app/~~0-YKzzFO39cV0Hwo3ZhZ_Q==/com.app.rokys-KNtunJbj3nigCjaAIYc6cQ==/base.apk!/lib/x86_64/libjsi.so using class loader ns clns-9 (caller=/data/app/~~0-YKzzFO39cV0Hwo3ZhZ_Q==/com.app.rokys-KNtunJbj3nigCjaAIYc6cQ==/base.apk!classes3.dex): ok
12-05 07:02:05.027 16980 16980 D nativeloader: Load /data/app/~~0-YKzzFO39cV0Hwo3ZhZ_Q==/com.app.rokys-KNtunJbj3nigCjaAIYc6cQ==/base.apk!/lib/x86_64/libfbjni.so using class loader ns clns-9 (caller=/data/app/~~0-YKzzFO39cV0Hwo3ZhZ_Q==/com.app.rokys-KNtunJbj3nigCjaAIYc6cQ==/base.apk!classes3.dex): ok
12-05 07:02:05.030  5611  5611 D BaseDepthController: mSurface is null and mCurrentBlur is: 0
12-05 07:02:05.038 16980 16980 D nativeloader: Load /data/app/~~0-YKzzFO39cV0Hwo3ZhZ_Q==/com.app.rokys-KNtunJbj3nigCjaAIYc6cQ==/base.apk!/lib/x86_64/libreactnative.so using class loader ns clns-9 (caller=/data/app/~~0-YKzzFO39cV0Hwo3ZhZ_Q==/com.app.rokys-KNtunJbj3nigCjaAIYc6cQ==/base.apk!classes3.dex): ok
12-05 07:02:05.039 16980 16980 D jni_lib_merge: Entering merged library JNI_OnLoad.
12-05 07:02:05.040 16980 16980 D jni_lib_merge: Preparing 12 pre-merged libs (including stub)
12-05 07:02:05.040 16980 16980 D jni_lib_merge: Preparing to register libfabricjni_so.  onload_func: 0x79aee6cafba0
12-05 07:02:05.040 16980 16980 D jni_lib_merge: Preparing to register libreact_devsupportjni_so.  onload_func: 0x79aee6d8b530
12-05 07:02:05.040 16980 16980 D jni_lib_merge: Preparing to register libreact_featureflagsjni_so.  onload_func: 0x79aee6d9e0a0
12-05 07:02:05.040 16980 16980 D jni_lib_merge: Preparing to register libreact_newarchdefaults_so.  onload_func: 0x79aee6dc4fa0
12-05 07:02:05.040 16980 16980 D jni_lib_merge: Preparing to register libreactnativeblob_so.  onload_func: 0x79aee6e6ca50
12-05 07:02:05.040 16980 16980 D jni_lib_merge: Preparing to register libreactnativejni_so.  onload_func: 0x79aee6e878c0
12-05 07:02:05.040 16980 16980 D jni_lib_merge: Preparing to register libreactnativejni_common_so.  onload_func: 0x79aee6e8e150
12-05 07:02:05.040 16980 16980 D jni_lib_merge: Preparing to register librninstance_so.  onload_func: 0x79aee6eac450
12-05 07:02:05.040 16980 16980 D jni_lib_merge: Preparing to register libturbomodulejsijni_so.  onload_func: 0x79aee6f57b90
12-05 07:02:05.040 16980 16980 D jni_lib_merge: Preparing to register libuimanagerjni_so.  onload_func: 0x79aee6f5fac0
12-05 07:02:05.040 16980 16980 D jni_lib_merge: Preparing to register libyoga_so.  onload_func: 0x79aee6f67140
