12-05 07:04:32.312   695   695 W InputMethodManagerService: 	at com.android.server.inputmethod.ClientController.forAllClients(ClientController.java:134)
12-05 07:04:32.312   695   695 W InputMethodManagerService: 	at com.android.server.inputmethod.InputMethodManagerService.clearClientSessionsLocked(InputMethodManagerService.java:2634)
12-05 07:04:32.312   695   695 W InputMethodManagerService: 	at com.android.server.inputmethod.InputMethodBindingController.clearCurMethodAndSessions(InputMethodBindingController.java:515)
12-05 07:04:32.312   695   695 W InputMethodManagerService: 	at com.android.server.inputmethod.InputMethodBindingController.-$$Nest$mclearCurMethodAndSessions(InputMethodBindingController.java:0)
12-05 07:04:32.312   695   695 W InputMethodManagerService: 	at com.android.server.inputmethod.InputMethodBindingController$2.onServiceDisconnected(InputMethodBindingController.java:466)
12-05 07:04:32.312   695   695 W InputMethodManagerService: 	at android.app.LoadedApk$ServiceDispatcher.doDeath(LoadedApk.java:2255)
12-05 07:04:32.312   695   695 W InputMethodManagerService: 	at android.app.LoadedApk$ServiceDispatcher$RunConnection.run(LoadedApk.java:2270)
12-05 07:04:32.312   695   695 W InputMethodManagerService: 	at android.os.Handler.handleCallback(Handler.java:995)
12-05 07:04:32.312   695   695 W InputMethodManagerService: 	at android.os.Handler.dispatchMessage(Handler.java:103)
12-05 07:04:32.312   695   695 W InputMethodManagerService: 	at android.os.Looper.loopOnce(Looper.java:248)
12-05 07:04:32.312   695   695 W InputMethodManagerService: 	at android.os.Looper.loop(Looper.java:338)
12-05 07:04:32.312   695   695 W InputMethodManagerService: 	at com.android.server.SystemServer.run(SystemServer.java:1036)
12-05 07:04:32.312   695   695 W InputMethodManagerService: 	at com.android.server.SystemServer.main(SystemServer.java:689)
12-05 07:04:32.312   695   695 W InputMethodManagerService: 	at java.lang.reflect.Method.invoke(Native Method)
12-05 07:04:32.312   695   695 W InputMethodManagerService: 	at com.android.internal.os.RuntimeInit$MethodAndArgsCaller.run(RuntimeInit.java:593)
12-05 07:04:32.312   695   695 W InputMethodManagerService: 	at com.android.internal.os.ZygoteInit.main(ZygoteInit.java:910)
12-05 07:04:32.315   695   828 W InputDispatcher: channel 'stylus-handwriting-event-receiver-0' ~ Consumer closed input channel or an error occurred.  events=0x9
12-05 07:04:32.315   695   828 E InputDispatcher: channel 'stylus-handwriting-event-receiver-0' ~ Channel is unrecoverably broken and will be disposed!
12-05 07:04:32.320   240   247 E lowmemorykiller: process_mrelease 17396 failed: No such process
12-05 07:04:32.322   240   240 I lowmemorykiller: Kill 'com.android.vending' (17367), uid 10145, oom_score_adj 905 to free 163984kB rss, 36216kB swap; reason: low watermark is breached
12-05 07:04:32.324   695   871 D InetDiagMessage: Destroyed 0 sockets, proto=IPPROTO_TCP, family=AF_INET, states=14
12-05 07:04:32.324   695   871 D InetDiagMessage: Destroyed 0 sockets, proto=IPPROTO_TCP, family=AF_INET6, states=14
12-05 07:04:32.324   695   871 D InetDiagMessage: Destroyed live tcp sockets for uids={10159} in 1ms
12-05 07:04:32.324   695   871 D InetDiagMessage: Destroyed 0 sockets, proto=IPPROTO_TCP, family=AF_INET, states=14
12-05 07:04:32.325   695   871 D InetDiagMessage: Destroyed 0 sockets, proto=IPPROTO_TCP, family=AF_INET6, states=14
12-05 07:04:32.325   695   871 D InetDiagMessage: Destroyed live tcp sockets for uids={20159} in 1ms
12-05 07:04:32.325 17436 17436 I Zygote  : Process 17460 exited due to signal 9 (Killed)
12-05 07:04:32.327   695   754 I libprocessgroup: Removed cgroup /sys/fs/cgroup/apps/uid_90000/pid_17460
12-05 07:04:32.327   695   754 I libprocessgroup: Removed cgroup /sys/fs/cgroup/apps/uid_10149/pid_17366
12-05 07:04:32.327   695   754 I libprocessgroup: Removed cgroup /sys/fs/cgroup/apps/uid_10159/pid_16668
12-05 07:04:32.332   695   746 W ActivityManager: setHasOverlayUi called on unknown pid: 16668
12-05 07:04:32.333   474   474 I Zygote  : Process 17396 exited due to signal 9 (Killed)
12-05 07:04:32.337   695  1897 I ActivityManager: Process com.google.android.adservices.api (pid 17396) has died: cch+5 CEM 
12-05 07:04:32.338   695   754 I libprocessgroup: Removed cgroup /sys/fs/cgroup/apps/uid_10187/pid_17396
12-05 07:04:32.346   695   762 E KernelCpuSpeedReader: Failed to read cpu-freq: /sys/devices/system/cpu/cpu0/cpufreq/stats/time_in_state: open failed: ENOENT (No such file or directory)
12-05 07:04:32.346   695   762 E KernelCpuSpeedReader: Failed to read cpu-freq: /sys/devices/system/cpu/cpu1/cpufreq/stats/time_in_state: open failed: ENOENT (No such file or directory)
12-05 07:04:32.346   695   762 E KernelCpuSpeedReader: Failed to read cpu-freq: /sys/devices/system/cpu/cpu2/cpufreq/stats/time_in_state: open failed: ENOENT (No such file or directory)
12-05 07:04:32.346   695   762 E KernelCpuSpeedReader: Failed to read cpu-freq: /sys/devices/system/cpu/cpu3/cpufreq/stats/time_in_state: open failed: ENOENT (No such file or directory)
12-05 07:04:32.348   695   862 I system_server: AssetManager2(0x79b0f5387938) locale list changing from [] to [en-US]
12-05 07:04:32.357   695   871 D InetDiagMessage: Destroyed 0 sockets, proto=IPPROTO_TCP, family=AF_INET, states=14
12-05 07:04:32.357   695   871 D InetDiagMessage: Destroyed 0 sockets, proto=IPPROTO_TCP, family=AF_INET6, states=14
12-05 07:04:32.357   695   871 D InetDiagMessage: Destroyed live tcp sockets for uids={10187} in 0ms
12-05 07:04:32.357   695   871 D InetDiagMessage: Destroyed 0 sockets, proto=IPPROTO_TCP, family=AF_INET, states=14
12-05 07:04:32.357   695   871 D InetDiagMessage: Destroyed 0 sockets, proto=IPPROTO_TCP, family=AF_INET6, states=14
12-05 07:04:32.357   695   871 D InetDiagMessage: Destroyed live tcp sockets for uids={20187} in 0ms
12-05 07:04:32.376   471   513 E FrameworkListener: read() failed (Connection reset by peer)
12-05 07:04:32.401   695   795 I ActivityManager: Process com.android.vending (pid 17367) has died: cch+5 CEM 
12-05 07:04:32.401   695   871 D ConnectivityService: releasing NetworkRequest [ REQUEST id=600, [ Capabilities: INTERNET&NOT_RESTRICTED&TRUSTED&NOT_VCN_MANAGED&NOT_BANDWIDTH_CONSTRAINED Uid: 10145 RequestorUid: 10145 RequestorPkg: com.android.vending UnderlyingNetworks: Null] ] (release request)
12-05 07:04:32.401   695   754 I libprocessgroup: Removed cgroup /sys/fs/cgroup/apps/uid_10145/pid_17367
12-05 07:04:32.402   474   474 I Zygote  : Process 17367 exited due to signal 9 (Killed)
12-05 07:04:32.581  1015 17086 D android.hardware.gnss-service.ranchu: GnssHwListener:consume:87 sz=64
12-05 07:04:32.583  1015 17086 D android.hardware.gnss-service.ranchu: GnssHwListener:consume:87 sz=64
12-05 07:04:32.583  1015 17086 D android.hardware.gnss-service.ranchu: Gnss:onGnssLocationCb:311
12-05 07:04:32.583  1015 17086 D android.hardware.gnss-service.ranchu: Gnss:onGnssLocationCb:321
12-05 07:04:33.582  1015 17086 D android.hardware.gnss-service.ranchu: GnssHwListener:consume:87 sz=64
12-05 07:04:33.584  1015 17086 D android.hardware.gnss-service.ranchu: GnssHwListener:consume:87 sz=64
12-05 07:04:33.584  1015 17086 D android.hardware.gnss-service.ranchu: Gnss:onGnssLocationCb:311
12-05 07:04:33.584  1015 17086 D android.hardware.gnss-service.ranchu: Gnss:onGnssLocationCb:333
12-05 07:04:33.867  5595  5595 D BoundBrokerSvc: onUnbind: Intent { act=com.google.android.gms.common.telemetry.service.START dat=chimera-action:/... xflg=0x4 cmp=com.google.android.gms/.chimera.PersistentApiService }
12-05 07:04:33.869   695   751 W ActivityManager: Rescheduling restart of crashed service com.google.android.inputmethod.latin/com.android.inputmethod.latin.LatinIME in 0ms for mem-pressure-event
12-05 07:04:33.870   695   752 V GrammaticalInflectionUtils: AttributionSource: android.content.AttributionSource@7f6fd7c3 does not have READ_SYSTEM_GRAMMATICAL_GENDER permission.
12-05 07:04:33.871   695   918 D BackgroundInstallControlService: Package event received: 0
12-05 07:04:33.874   474   474 I Zygote  : Entering forkRepeatedly native zygote loop
12-05 07:04:33.880   474   474 D Zygote  : Forked child process 17529
12-05 07:04:33.880   695   753 I ActivityManager: Start proc 17529:com.google.android.inputmethod.latin/u0a159 for service {com.google.android.inputmethod.latin/com.android.inputmethod.latin.LatinIME}
12-05 07:04:33.880   695   753 I ActivityManager: ProcessObserver broadcast disabled
12-05 07:04:33.910 17529 17529 I putmethod.latin: Using CollectorTypeCC GC.
12-05 07:04:33.910 17529 17529 W putmethod.latin: Unexpected CPU variant for x86: x86_64.
12-05 07:04:33.910 17529 17529 W putmethod.latin: Known variants: atom, sandybridge, silvermont, goldmont, goldmont-plus, goldmont-without-sha-xsaves, tremont, kabylake, alderlake, default
12-05 07:04:33.916   555   574 I adbd    : jdwp connection from 17529
12-05 07:04:33.917 17529 17529 D nativeloader: Load libframework-connectivity-tiramisu-jni.so using APEX ns com_android_tethering for caller /apex/com.android.tethering/javalib/framework-connectivity-t.jar: ok
12-05 07:04:33.927 17529 17529 D ApplicationLoaders: Returning zygote-cached class loader: /system_ext/framework/androidx.window.extensions.jar
12-05 07:04:33.927 17529 17529 D ApplicationLoaders: Returning zygote-cached class loader: /system_ext/framework/androidx.window.sidecar.jar
12-05 07:04:33.953 17529 17529 W putmethod.latin: Failed to find entry 'classes.dex': Entry not found
12-05 07:04:33.955 17529 17529 W putmethod.latin: Failed to find entry 'classes.dex': Entry not found
12-05 07:04:33.957 17529 17529 W putmethod.latin: Failed to find entry 'classes.dex': Entry not found
12-05 07:04:33.957 17529 17529 D nativeloader: Configuring clns-9 for other apk /data/app/~~rXK6ga6WVWg1sqnLNAqQBQ==/com.google.android.inputmethod.latin-1BzqdJ_VBRL7PPj1PQ0C6Q==/base.apk:/data/app/~~rXK6ga6WVWg1sqnLNAqQBQ==/com.google.android.inputmethod.latin-1BzqdJ_VBRL7PPj1PQ0C6Q==/split_brella_feature_split.apk:/data/app/~~rXK6ga6WVWg1sqnLNAqQBQ==/com.google.android.inputmethod.latin-1BzqdJ_VBRL7PPj1PQ0C6Q==/split_config.xxhdpi.apk:/data/app/~~rXK6ga6WVWg1sqnLNAqQBQ==/com.google.android.inputmethod.latin-1BzqdJ_VBRL7PPj1PQ0C6Q==/split_tenoranimation_feature_split.apk. target_sdk_version=35, uses_libraries=, library_path=/data/app/~~rXK6ga6WVWg1sqnLNAqQBQ==/com.google.android.inputmethod.latin-1BzqdJ_VBRL7PPj1PQ0C6Q==/lib/x86_64:/data/app/~~rXK6ga6WVWg1sqnLNAqQBQ==/com.google.android.inputmethod.latin-1BzqdJ_VBRL7PPj1PQ0C6Q==/base.apk!/lib/x86_64:/data/app/~~rXK6ga6WVWg1sqnLNAqQBQ==/com.google.android.inputmethod.latin-1BzqdJ_VBRL7PPj1PQ0C6Q==/split_brella_feature_split.apk!/lib/x86_64:/data/app/~~rXK6ga6WVWg1sqnLNAqQBQ==/com.google.android.inputmeth
12-05 07:04:33.960 17529 17529 D CompatChangeReporter: Compat change id reported: 202956589; UID 10159; state: ENABLED
12-05 07:04:33.963 17529 17529 I putmethod.latin: AssetManager2(0x79b0f5293a18) locale list changing from [] to [en-US]
12-05 07:04:33.966 17529 17529 V GraphicsEnvironment: Currently set values for:
12-05 07:04:33.966 17529 17529 V GraphicsEnvironment:   angle_gl_driver_selection_pkgs=[]
12-05 07:04:33.966 17529 17529 V GraphicsEnvironment:   angle_gl_driver_selection_values=[]
12-05 07:04:33.966 17529 17529 V GraphicsEnvironment: com.google.android.inputmethod.latin is not listed in per-application setting
12-05 07:04:33.966 17529 17529 V GraphicsEnvironment: ANGLE allowlist from config: 
12-05 07:04:33.966 17529 17529 V GraphicsEnvironment: com.google.android.inputmethod.latin is not listed in ANGLE allowlist or settings, returning default
12-05 07:04:33.966 17529 17529 V GraphicsEnvironment: Neither updatable production driver nor prerelease driver is supported.
12-05 07:04:34.082 17529 17529 I MetricsManager: MetricsManager.startCaching():406 Start caching metrics.
12-05 07:04:34.119 17529 17529 I CrossProfileSharedPreferences: CrossProfileSharedPreferences.initializeCrossProfile():125 work profile is unavailable
12-05 07:04:34.119 17529 17529 E LibraryModuleRegistry: LibraryModuleRegistry.register():48 Module mobilebert_classifier_android_jni has already been registered to integrated_shared_object
12-05 07:04:34.129 17529 17529 D nativeloader: Load /data/app/~~rXK6ga6WVWg1sqnLNAqQBQ==/com.google.android.inputmethod.latin-1BzqdJ_VBRL7PPj1PQ0C6Q==/base.apk!/lib/x86_64/libjni_signalinitializer.so using class loader ns clns-9 (caller=/data/app/~~rXK6ga6WVWg1sqnLNAqQBQ==/com.google.android.inputmethod.latin-1BzqdJ_VBRL7PPj1PQ0C6Q==/base.apk!classes2.dex): ok
12-05 07:04:34.129 17529 17529 I NativeLibHelper: NativeLibHelper.loadLibrary():210 Loaded native library:jni_signalinitializer (result=true)
12-05 07:04:34.147 17529 17529 I OemConfigs: OemConfigs.<init>():150 OEM configs apply status: 1
12-05 07:04:34.157 17529 17529 I ModuleManager: ModuleManager.<init>():164 ModuleManager is created on process com.google.android.inputmethod.latin
12-05 07:04:34.158   695   795 D FileUtils: Rounded bytes from 2067255296 to 4000000000
12-05 07:04:34.164 17529 17529 I DeviceModeNotification: DeviceModeNotification.getCurrentDeviceMode():75 device mode is unknown before initializing the notification.
12-05 07:04:34.165 17529 17529 I DeviceModeNotification: DeviceModeNotification.getCurrentDeviceMode():75 device mode is unknown before initializing the notification.
12-05 07:04:34.174 17529 17529 I ModuleManager: ModuleManager.initModules():263 GenAiDelegate is forbidden to run on current process
12-05 07:04:34.176 17529 17529 I CustomStickerGenerationExtensionProvider: CustomStickerGenerationExtensionProvider.getModuleDef():20 
12-05 07:04:34.176 17529 17529 I CustomStickerKeyboardProviderModuleProvider: CustomStickerKeyboardProviderModuleProvider.getModuleDef():35 
12-05 07:04:34.178 17529 17529 I ModuleManager: ModuleManager.initModules():287 hij is forbidden by device ram size 1971 MB
12-05 07:04:34.181 17529 17529 I DeviceModeNotification: DeviceModeNotification.getCurrentDeviceMode():75 device mode is unknown before initializing the notification.
12-05 07:04:34.181 17529 17529 I DeviceModeNotification: DeviceModeNotification.getCurrentDeviceMode():75 device mode is unknown before initializing the notification.
12-05 07:04:34.181 17529 17529 I DeviceModeNotification: DeviceModeNotification.getCurrentDeviceMode():75 device mode is unknown before initializing the notification.
12-05 07:04:34.183 17529 17529 I ModuleManager: ModuleManager.initModules():263 lhn is forbidden to run on current process
12-05 07:04:34.186 17529 17529 W ModuleManager: ModuleManager.initModules():273 oba is forbidden by min_api_level (28) or max_api_level (28): 36
12-05 07:04:34.187 17529 17529 I ModuleManager: ModuleManager.initModules():263 ohg is forbidden to run on current process
12-05 07:04:34.189 17529 17529 I DeviceModeNotification: DeviceModeNotification.getCurrentDeviceMode():75 device mode is unknown before initializing the notification.
12-05 07:04:34.190 17529 17529 I Module  : FlagPersistModuleProvider$Module.onCreate():108 
12-05 07:04:34.191 17529 17549 I Module  : FlagHermeticOverrideModuleProvider$Module.onCreate():67 
12-05 07:04:34.193 17529 17529 E ashmem  : Pinning is deprecated since Android Q. Please use trim or other methods.
12-05 07:04:34.195 17529 17529 I DeviceStatusMonitor: DeviceStatusMonitor.updateCountryInfo():154 updateCountryInfo(), notifyAnyway = true
12-05 07:04:34.200 17529 17550 I EmojiSuperpacksManager: EmojiSuperpacksManager.triggerSync():411 triggerSync(1) : isBundled=false, isUserInitiated=false
12-05 07:04:34.200 17529 17550 I EmojiSuperpacksManager: EmojiSuperpacksManager.sync():500 Registering manifest for emoji
12-05 07:04:34.202 17529 17529 I DeviceStatusMonitor: DeviceStatusMonitor.notifyIfNetworkChanged():196 notifyIfNetworkChanged: newState = NON_METERED, airplaneModeOn = false, notifyAnyway = true
12-05 07:04:34.203 17529 17552 I EmojiSuperpacksManager: EmojiSuperpacksManager.triggerSync():411 triggerSync(2) : isBundled=false, isUserInitiated=false
12-05 07:04:34.203 17529 17552 I EmojiSuperpacksManager: EmojiSuperpacksManager.sync():496 Reusing register manifest for emoji
12-05 07:04:34.205 17529 17529 I PhenotypeModule: PhenotypeModule.onCreate():183 onCreate()
12-05 07:04:34.206 17529 17529 I PhenotypeModule: PhenotypeModule.maybeFetchAndUpdate():277 maybeFetchAndUpdate: start new task to fetch
12-05 07:04:34.207 17529 17529 I DeviceLockTags: DeviceLockTags.notifyDeviceLockStatusChanged():108 notifyDeviceLockStatusChanged(): deviceLocked=false, blockPersonalData=false
12-05 07:04:34.208 17529 17553 I DeviceModeNotification: DeviceModeNotification.getCurrentDeviceMode():75 device mode is unknown before initializing the notification.
12-05 07:04:34.208 17529 17553 I PhenotypeModule: PhenotypeModule.maybeSetRuntimeProperties():438 Skip register runtime properties as device mode is unknown.
12-05 07:04:34.209 17529 17529 D CompatChangeReporter: Compat change id reported: 352594277; UID 10159; state: ENABLED
12-05 07:04:34.209 17529 17529 I LatinApp: LatinApp.initialize():202 initialize()
12-05 07:04:34.211 17529 17554 D CompatChangeReporter: Compat change id reported: 279646685; UID 10159; state: ENABLED
12-05 07:04:34.214 17529 17529 I DeviceModeNotification: DeviceModeNotification.getCurrentDeviceMode():75 device mode is unknown before initializing the notification.
12-05 07:04:34.219 17529 17547 I BrellaConfigModule: BrellaConfigModule.onCreate():33 set BrellaInit fields for in-app training.
12-05 07:04:34.219 17529 17529 I DeviceModeModule: DeviceModeModule.calculateAndNotify():197 Window metrics is not available, fallback to app context.
12-05 07:04:34.221 17529 17529 I DeviceModeModule: DeviceModeModule.calculateAndNotify():224 Device mode 'phone' from display metrics 'DisplayMetrics{density=0.0, width=1080, height=2424, scaledDensity=0.0, xdpi=420.0, ydpi=420.0}' or smallestScreenWidthDp: 411
12-05 07:04:34.225 17529 17529 I ShortcutKeyAvailableChecker: ShortcutKeyAvailableChecker.updateShortcutKeysBlocklist():38 ShortcutKeysBlocklist: 
12-05 07:04:34.228 17529 17559 I SuperpacksManagerImpl: SuperpacksManagerImpl.initializeInternal():472 initializeInternal()
12-05 07:04:34.235 17529 17529 I SystemHapticSettings: SystemHapticSettings.updateSystemVibrationState():113 update vibration state: true
12-05 07:04:34.235 17529 17529 I SystemHapticSettings: SystemHapticSettings.initialize():65 vibration enabled: true
12-05 07:04:34.237 17529 17529 I PreferenceMigrator: PreferenceMigrator.doMigration():99 doMigration()
12-05 07:04:34.239 17529 17529 I ThemePreferenceMigrationUtil: ThemePreferenceMigrationUtil.doMigration():19 doMigration.
12-05 07:04:34.240 17529 17529 I FirebaseApp: Device unlocked: initializing all Firebase APIs for app [DEFAULT]
12-05 07:04:34.256 17529 17529 I AccessibilityUtils: AccessibilityUtils.registerContentObserver():507 Register content observer to setting uri content://settings/system/font_scale
12-05 07:04:34.256 17529 17529 I AccessibilityUtils: AccessibilityUtils.registerContentObserver():507 Register content observer to setting uri content://settings/system/high_text_contrast_enabled
12-05 07:04:34.259 17529 17559 I SuperpacksManagerImpl: SuperpacksManagerImpl.initializeInternal():529 Switched background task scheduler: false
12-05 07:04:34.260 17529 17529 W NotificationCenter: NotificationCenter$NotificationQueue.notifyPendingNotificationsOnExecutor():877 Heavy notify work detected on UI thread: [oqb->nhv] takes 23ms
12-05 07:04:34.265 17529 17529 I ModuleManager: ModuleManager$ModuleInitListener.maybeUnloadModuleOnUnavailable():1386 module olo is unavailable
12-05 07:04:34.265 17529 17529 I ModuleManager: ModuleManager$ModuleInitListener.maybeUnloadModuleOnUnavailable():1386 module ect is unavailable
12-05 07:04:34.265 17529 17529 I PhenotypeModule: PhenotypeModule$3.onDeviceModeChanged():215 onDeviceModeChanged(): phone
12-05 07:04:34.267 17529 17529 I InputMethodEntryManager: InputMethodEntryManager.startLoadingInputMethodEntrySettings():740 Start loading input method entry settings: [LanguageTagVariantTuple{languageTag=en-US, variant=qwerty}, LanguageTagVariantTuple{languageTag=zz, variant=qwerty}]
12-05 07:04:34.270 17529 17529 I InputMethodEntryManager: InputMethodEntryManager.updateInputMethodEntrySettingsLoadingTask():872 update loading task with resetImplicitlyEnabledEntries is false
12-05 07:04:34.278 17529 17559 I SP      : Registering emoji.2025081522, url: https://www.gstatic.com/android/keyboard/modelpack/emoji/20250115185814/superpacks_manifest.zip, constraints: m:*:*:*, flags: *, requested: 2025081522, current: 2025081522
12-05 07:04:34.280 17529 17529 I putmethod.latin: AssetManager2(0x79b0f5295c78) locale list changing from [] to [en-US]
12-05 07:04:34.283 17529 17529 I putmethod.latin: AssetManager2(0x79b0f5294058) locale list changing from [] to [en-US]
12-05 07:04:34.283 17529 17559 E EmojiSlicingStrategy: EmojiSlicingStrategy.getSlices():88 getSlices() : Received null or empty userEnabledLocales.
12-05 07:04:34.283 17529 17559 I SP      : Syncing emoji (2025081522) with slices: [], metadata: false
12-05 07:04:34.283 17529 17529 I GoogleInputMethodService: GoogleInputMethodService.onCreate():612 
12-05 07:04:34.283 17529 17559 E EmojiSlicingStrategy: EmojiSlicingStrategy.getSlices():88 getSlices() : Received null or empty userEnabledLocales.
12-05 07:04:34.284 17529 17559 I SP      : Syncing emoji (2025081522) with slices: [], metadata: false
12-05 07:04:34.285 17529 17559 I SP      : GC for 'emoji' (10) with ttl of 0 ms took 1 ms (0/1/0)
12-05 07:04:34.286 17529 17559 I AbstractSyncResultCallback: AbstractSyncResultCallback.onFailure():38 onFailure(): emoji.sync cancelled; expected if new request supersedes pending one.
12-05 07:04:34.286 17529 17559 I SP      : Sync for emoji succeeded in 4 ms: no changes
12-05 07:04:34.286 17529 17559 I SP      : GC for 'emoji' (10) with ttl of 0 ms took 0 ms (0/0/0)
12-05 07:04:34.287 17529 17550 W EmojiSuperpacksManager: EmojiSuperpacksManager.triggerSync():453 triggerSync(1) : canceled
12-05 07:04:34.287 17529 17550 W EmojiSuperpacksManager: java.util.concurrent.CancellationException: Task was cancelled.
12-05 07:04:34.287 17529 17550 W EmojiSuperpacksManager: 	at tlm.i(PG:33)
12-05 07:04:34.287 17529 17550 W EmojiSuperpacksManager: 	at tlu.s(PG:23)
12-05 07:04:34.287 17529 17550 W EmojiSuperpacksManager: 	at tlm.get(PG:1)
12-05 07:04:34.287 17529 17550 W EmojiSuperpacksManager: 	at a.s(PG:2)
12-05 07:04:34.287 17529 17550 W EmojiSuperpacksManager: 	at syk.C(PG:10)
12-05 07:04:34.287 17529 17550 W EmojiSuperpacksManager: 	at tnl.run(PG:87)
12-05 07:04:34.287 17529 17550 W EmojiSuperpacksManager: 	at kya.run(PG:49)
12-05 07:04:34.287 17529 17550 W EmojiSuperpacksManager: 	at java.util.concurrent.ThreadPoolExecutor.runWorker(ThreadPoolExecutor.java:1156)
12-05 07:04:34.287 17529 17550 W EmojiSuperpacksManager: 	at java.util.concurrent.ThreadPoolExecutor$Worker.run(ThreadPoolExecutor.java:651)
12-05 07:04:34.287 17529 17550 W EmojiSuperpacksManager: 	at java.lang.Thread.run(Thread.java:1119)
12-05 07:04:34.287 17529 17550 W EmojiSuperpacksManager: 	at kxp.run(PG:8)
12-05 07:04:34.299 17529 17529 D CompatChangeReporter: Compat change id reported: 309578419; UID 10159; state: ENABLED
12-05 07:04:34.300 17529 17529 D DesktopModeFlags: Toggle override initialized to: OVERRIDE_UNSET
12-05 07:04:34.309 17529 17529 I GoogleInputMethodService: GoogleInputMethodService.onCreate():636 Maybe update OEM display config because of service creation
12-05 07:04:34.313 17529 17529 I DeviceModeModule: DeviceModeModule.calculateAndNotify():224 Device mode 'phone' from display metrics 'DisplayMetrics{density=0.0, width=1080, height=2424, scaledDensity=0.0, xdpi=420.0, ydpi=420.0}' or smallestScreenWidthDp: 411
12-05 07:04:34.313 17529 17529 I WindowMetricsNotification: WindowMetricsNotification.notify():159 pup[bounds=Rect(0, 142 - 1080, 2424), insets=Rect(0, 0 - 0, 0), densityDpi=420, smallestScreenWidthDp=411, displayWidth=1080, displayHeight=2424, xdpi=420.0, ydpi=420.0, isTrustable=true, displayId=0]; DisplayMetrics{density=2.625, width=1080, height=2424, scaledDensity=2.625, xdpi=420.0, ydpi=420.0}
12-05 07:04:34.313 17529 17529 I WindowMetricsHelper: WindowMetricsHelper.predictAndNotify():145 Window metrics predicted.
12-05 07:04:34.316 17529 17529 I InputMethodEntryManager: InputMethodEntryManager.notifyCurrentInputMethodEntryOnContextChanged():545 notifyCurrentInputMethodEntryOnContextChanged()
12-05 07:04:34.316 17529 17529 I InputMethodEntryManager: InputMethodEntryManager.notifyCurrentInputMethodEntryOnContextChanged():550 The context is changed before initialized
12-05 07:04:34.316 17529 17529 I KeyboardContextProvider: KeyboardContextProvider.setBaseContextAndInvalidKeyboardContextCache():88 setBaseContextAndInvalidKeyboardContextCache(): com.android.inputmethod.latin.LatinIME@ad044bb
12-05 07:04:34.318 17529 17529 I ContentCaptureHelper: Setting logging level to OFF
12-05 07:04:34.333 17529 17546 D nativeloader: Load /data/app/~~rXK6ga6WVWg1sqnLNAqQBQ==/com.google.android.inputmethod.latin-1BzqdJ_VBRL7PPj1PQ0C6Q==/base.apk!/lib/x86_64/libintegrated_shared_object.so using class loader ns clns-9 (caller=/data/app/~~rXK6ga6WVWg1sqnLNAqQBQ==/com.google.android.inputmethod.latin-1BzqdJ_VBRL7PPj1PQ0C6Q==/base.apk!classes2.dex): ok
12-05 07:04:34.333 17529 17546 I NativeLibHelper: NativeLibHelper.loadLibrary():210 Loaded native library:integrated_shared_object (result=true)
12-05 07:04:34.340 17529 17549 I SpeechPackManager: SpeechPackManager.init():179 init()
12-05 07:04:34.340 17529 17549 I SpeechPackManager: SpeechPackManager.registerManifest():511 registerManifest() : https://dl.google.com/android/voice/gboard/terse/superpacks-manifest-20210519.json
12-05 07:04:34.341 17529 17546 I native  : I0000 00:00:1764918274.341277   17546 scoped-profiler.cc:90] signal_log: Initialized signal 42
12-05 07:04:34.342 17529 17529 E GoogleInputMethodService: GoogleInputMethodService.getAppEditorInfo():1875 App EditorInfo should never be null.
12-05 07:04:34.342 17529 17546 I native  : I0000 00:00:1764918274.342639   17546 scoped-profiler.cc:90] signal_log: Initialized signal 43
12-05 07:04:34.343 17529 17546 I native  : I0000 00:00:1764918274.342851   17546 scoped-profiler.cc:90] signal_log: Initialized signal 44
12-05 07:04:34.343 17529 17561 D nativeloader: Load /data/app/~~rXK6ga6WVWg1sqnLNAqQBQ==/com.google.android.inputmethod.latin-1BzqdJ_VBRL7PPj1PQ0C6Q==/base.apk!/lib/x86_64/libnative_crash_handler_jni.so using class loader ns clns-9 (caller=/data/app/~~rXK6ga6WVWg1sqnLNAqQBQ==/com.google.android.inputmethod.latin-1BzqdJ_VBRL7PPj1PQ0C6Q==/base.apk!classes2.dex): ok
12-05 07:04:34.343 17529 17546 I native  : I0000 00:00:1764918274.343296   17546 scoped-profiler.cc:90] signal_log: Initialized signal 45
12-05 07:04:34.343 17529 17546 I native  : I0000 00:00:1764918274.343318   17546 scoped-profiler.cc:90] signal_log: Initialized signal 46
12-05 07:04:34.343 17529 17546 I native  : I0000 00:00:1764918274.343325   17546 scoped-profiler.cc:90] signal_log: Initialized signal 47
12-05 07:04:34.343 17529 17546 I native  : I0000 00:00:1764918274.343332   17546 scoped-profiler.cc:90] signal_log: Initialized signal 48
12-05 07:04:34.343 17529 17546 I native  : I0000 00:00:1764918274.343337   17546 scoped-profiler.cc:90] signal_log: Initialized signal 49
12-05 07:04:34.344 17529 17546 I UFCGuarder: UFCGuarder.onCreate():58 onCreate
12-05 07:04:34.345 17529 17562 I LauncherIconVisibilityModule: LauncherIconVisibilityModule.updateLauncherIconVisibility():76 updateLauncherIconVisibility() : Visible = false
12-05 07:04:34.351 17529 17546 I FeatureSplitObservationModule: FeatureSplitObservationModule.notifyComponentIfAlreadyInstalled():144 Module tenoranimation_feature_split has already been installed (Installed: [brella_feature_split, tenoranimation_feature_split]). Notifying.
12-05 07:04:34.355 17529 17546 I FeatureSplitObservationModule: FeatureSplitObservationModule.notifyComponentIfAlreadyInstalled():144 Module brella_feature_split has already been installed (Installed: [brella_feature_split, tenoranimation_feature_split]). Notifying.
12-05 07:04:34.356 17529 17548 I FileRestoreModule: FileRestoreModule.maybePerformRestore():46 There is no restore app version, skip restore
12-05 07:04:34.356 17529 17546 I LatinApp: LatinApp.getWorkManagerConfiguration():176 Customized configuration for Hilt WorkManager
12-05 07:04:34.359 17529 17550 W SpeechPackManager: SpeechPackManager$4.onFailure():502 updatePackSetCacheAsync() : Update failed
12-05 07:04:34.359 17529 17550 W SpeechPackManager: java.io.EOFException: End of input at line 1 column 1 path $
12-05 07:04:34.359 17529 17550 W SpeechPackManager: 	at twk.s(PG:32)
12-05 07:04:34.359 17529 17550 W SpeechPackManager: 	at twk.a(PG:134)
12-05 07:04:34.359 17529 17550 W SpeechPackManager: 	at twk.m(PG:5)
12-05 07:04:34.359 17529 17550 W SpeechPackManager: 	at qhv.v(PG:37)
12-05 07:04:34.359 17529 17550 W SpeechPackManager: 	at qhx.a(PG:76)
12-05 07:04:34.359 17529 17550 W SpeechPackManager: 	at qhh.b(PG:107)
12-05 07:04:34.359 17529 17550 W SpeechPackManager: 	at qhh.a(PG:2)
12-05 07:04:34.359 17529 17550 W SpeechPackManager: 	at qix.a(PG:12)
12-05 07:04:34.359 17529 17550 W SpeechPackManager: 	at ekm.a(PG:38)
12-05 07:04:34.359 17529 17550 W SpeechPackManager: 	at tlw.e(PG:3)
12-05 07:04:34.359 17529 17550 W SpeechPackManager: 	at tly.run(PG:38)
12-05 07:04:34.359 17529 17550 W SpeechPackManager: 	at java.util.concurrent.Executors$RunnableAdapter.call(Executors.java:524)
12-05 07:04:34.359 17529 17550 W SpeechPackManager: 	at java.util.concurrent.FutureTask.run(FutureTask.java:317)
12-05 07:04:34.359 17529 17550 W SpeechPackManager: 	at kyf.run(PG:8)
12-05 07:04:34.359 17529 17550 W SpeechPackManager: 	at java.util.concurrent.ThreadPoolExecutor.runWorker(ThreadPoolExecutor.java:1156)
12-05 07:04:34.359 17529 17550 W SpeechPackManager: 	at java.util.concurrent.ThreadPoolExecutor$Worker.run(ThreadPoolExecutor.java:651)
12-05 07:04:34.359 17529 17550 W SpeechPackManager: 	at java.lang.Thread.run(Thread.java:1119)
12-05 07:04:34.359 17529 17550 W SpeechPackManager: 	at kxp.run(PG:8)
12-05 07:04:34.366 17529 17529 I KeyboardThemeProvider: KeyboardThemeProvider.applyKeyboardTheme():27 Apply keyboard theme: theme,!gsf,!pgsans,!pgsf,!use_system_font,BORDER,DYNAMIC_DARK_BRIGHT_KEY,FLAVOR_DPI=XXHDPI,GOOGLE_ICONS,IS_LIGHT,KEYBOARD_WIDTH_CATEGORY=NORMAL,KEY_BORDER_SHAPE=1,LIGHT_THEME=true,PHYSICAL_DIAGONAL=6.0111027,POPUP,SCREEN_SHORTEST_WIDTH=411,SCREEN_SHORTEST_WIDTH_NO_SCALE=411,SW400DP,XXHDPI,bottom4dp,bright_key_on_dynamic_color_dark_theme=true,enable_google_fonts_icons=true,enable_popup_on_keypress=true,keyboard_redesign_google_sans=true,non_linear_scale,noshadow,overlay_builtin_dynamic_color_light_base.binarypb:gm3-light-fffaf8ff-ff475d92-87d434d32166529e119fd721558bc641,silkpopup
12-05 07:04:34.370 17529 17553 I ShortcutsDataManager: ShortcutsDataManager.onContentChanged():72 onContentChanged()
12-05 07:04:34.370 17529 17553 I ContactsDataManager: ContactsDataManager.onContentChanged():153 onContentChanged()
12-05 07:04:34.370 17529 17553 I EmailDataManager: EmailDataManager.onContentChanged():118 onContentChanged()
12-05 07:04:34.373 17529 17529 I HardKeyTracker: HardKeyTracker.registerKeySequence():170 Register key sequence nul{labelResId=0, callback=lkj@631b1ec, lastModifier=0, keyCodes=[204], actions=[0]}
12-05 07:04:34.374 17529 17529 I HardKeyTracker: HardKeyTracker.registerKeySequence():170 Register key sequence nul{labelResId=2132020475, callback=cnx@a7e00d8, lastModifier=2, keyCodes=[47], actions=[0]}
12-05 07:04:34.377 17529 17529 I UniversalDictationExtension: UniversalDictationExtension.onCreateExtension():66 onCreate [UD]
12-05 07:04:34.381 17529 17556 I JapaneseMozcExtension: JapaneseMozcExtension.onCreate():44 
12-05 07:04:34.381 17529 17562 I InputActionMetricsProcessor: InputActionMetricsProcessor.onAttached():104 Attached to metrics manager.
12-05 07:04:34.384 17529 17529 I PersonalizeTopBarHandler: PersonalizeTopBarHandler.loadPersonalizedAccessPoints():110 Load remained access points null
12-05 07:04:34.385 17529 17550 I HttpFlagsLoader: HTTP flags log line (API): Using live production flag values from Google
12-05 07:04:34.385 17529 17546 I OnDevicePackDownloadModule: OnDevicePackDownloadModule.onCreate():67 onCreate()
12-05 07:04:34.385 17529 17556 I NewS3RecognizerModule: NewS3RecognizerModule.onCreate():21 onCreate [news3]
12-05 07:04:34.397 17529 17559 I SP      : Registering emoticon_content_description.2022081613, url: https://www.gstatic.com/android/keyboard/emoticon_content_desc/202208161305/superpacks_manifest.json, constraints: W:*:*:*, flags: bg, requested: 2022081613, current: 2022081613
12-05 07:04:34.398 17529 17556 I KeyboardGroupDefParser: KeyboardGroupDefParser.parseKeyboardGroupDef():86 parseKeyboardGroupDef() 2132213760 -> 0_resource_name_obfuscated : WaitTime = 0 ms : RunTime = 5 ms
12-05 07:04:34.400 17529 17559 I SP      : Registering emoticon_content_description.2022081613, url: https://www.gstatic.com/android/keyboard/emoticon_content_desc/202208161305/superpacks_manifest.json, constraints: W:*:*:*, flags: bg, requested: 2022081613, current: 2022081613
12-05 07:04:34.400 17529 17549 I NetworkInfoNotification: NetworkInfoNotification$Listener.onReceive():107 onNetworkAvailable: networkState = NON_METERED, isAirplaneModeOn = false
12-05 07:04:34.401 17529 17529 W NotificationCenter: NotificationCenter$NotificationQueue.notifyPendingNotificationsOnExecutor():877 Heavy notify work detected on UI thread: [miy->nhv, miy->nhv, miy->nhv, miy->nhv, miy->nhv, miy->nhv, miy->nhv, miy->nhv, miy->nhv, miy->nhv, miy->nhv, miy->nhv, miy->nhv, miy->nhv, miy->nhv, miy->nhv, miy->nhv, miy->nhv, miy->nhv, miy->nhv, miy->nhv, neb->nea, neb->nea, neb->nea, neb->nea, neb->nea, neb->nea, neb->nea, neb->nea, neb->nea, neb->nea, neb->nea, hvk->nhv, neb->nea, neg->nef, neb->nea, neb->nea, neb->nea, neb->nea, neb->nea, neb->nea, neb->nea, neb->nea, neb->nea, neb->nea, neb->nea, neb->nea, neb->nea, neb->nea, neb->nea, neb->nea, neb->nea, neb->nea, neb->nea, neb->nea, neb->nea] takes 27ms
12-05 07:04:34.401 17529 17529 W NotificationCenter: NotificationCenter$NotificationQueue.notifyPendingNotificationsOnExecutor():877 Heavy notify work detected on UI thread: [kpb->nhv] takes 27ms
12-05 07:04:34.402 17529 17562 I KeyboardModeUtils: KeyboardModeUtils.getKeyboardBottomOffset():435 inch: 0.000000 ydpi: 420.000000 adjustKeyboardBottomByDisplaySize: false currentDensityDpi: 420 defaultDensityDpi: 420 keyboardBottomToScreenPx: 0 keyboardBottomToNavBarPx: 0 navBarHeight: 0
12-05 07:04:34.413   695   837 D InputMethodManagerService: Initializing Handwriting Spy
12-05 07:04:34.414 17529 17548 I HandwritingOfflineSuperpacks: HandwritingOfflineSuperpacks.syncInternal():80 no bundled lm for handwriting.
12-05 07:04:34.414 17529 17548 I HandwritingOfflineSuperpacks: HandwritingOfflineSuperpacks.syncInternal():80 no bundled lm for handwriting.
12-05 07:04:34.415 17529 17548 E FlagManager: FlagManager.setFlagValue():661 Unknown type for flag: server_token{type=String, finalValue=CAMScA1p15vyAAPvD8cZkwKmSJYiyRMD_wUHuAoPkgUP8AIPvQYAhgGHBQ0uD6Xo3QME2gQE1gAEAQS7FwQpBAEE3w8E_AMEogYEvQUEjgEFbPYDoAQEAQQBBNwED5YPAAYAjQYERAOFBgQNAwcNIg4XBAI=, DEFAULT=, PHENOTYPE=CAMScA1p15vyAAPvD8cZkwKmSJYiyRMD_wUHuAoPkgUP8AIPvQYAhgGHBQ0uD6Xo3QME2gQE1gAEAQS7FwQpBAEE3w8E_AMEogYEvQUEjgEFbPYDoAQEAQQBBNwED5YPAAYAjQYERAOFBgQNAwcNIg4XBAI=}
12-05 07:04:34.415 17529 17529 I InputMethodEntryManager: InputMethodEntryManager$4.onSuccess():891 Success load entries: [LanguageTagVariantTuple{languageTag=en-US, variant=qwerty}, LanguageTagVariantTuple{languageTag=zz, variant=qwerty}], resetImplicitlyEnabledEntries=false, initialized=false
12-05 07:04:34.415 17529 17529 I InputMethodEntryManager: InputMethodEntryManager.changeEnabledInputMethodEntries():1711 Change enabled input method entries, useSystemLanguage=true, old=, new=en-US:qwerty
12-05 07:04:34.418 17529 17529 I InputMethodEntryManager: InputMethodEntryManager.changeCurrentInputMethodEntry():2967 Set current input method entry: source=UNSPECIFIED, entryChanged=true, mff{languageTag=en-US, variant=qwerty, hasLocalizedResources=true, conditionCacheKey=_android_software_xr_api_spatial=false_app_first_start_timestamp=1755721173681_cache_additional_ime_defs_for_condition_change=false_cache_ime_defs_for_condition_change=false_deprecate_long_press_space_for_ime_picker=false_device=phone_device_size=default_enable_correction_settings_updates=true_enable_flick_symbols=true_enable_more_candidates_view_for_multilingual=false_enable_number_row=false_enable_number_row_in_password=true_enable_pk_simulator=false_enable_pk_simulator_setting=false_enable_preemptive_decode=true_enable_scrub_move=true_enable_secondary_digits=true_enable_secondary_symbols=false_expressions=normal_four_or_more_letter_rows=false_keyboard_mode=normal_language=en-US_layout_9key_split=false_orientation=portrait_physical_keyboard=qwerty_pk_simulator_vk_ready=false_pref_enable_flick_symbols=false_rtl_layout=false_show_comma_key=true_show_period_key=true_show_secondary_digits=true_show_suggestion_strip=true_show_suggestions=true_split_with_duplicate_keys=true_true=true_variant=qwerty_writing_helper_enable_by_word_revert=false, imeDef.stringId=ime_english_united_states, imeDef.className=com.google.android.apps.inputmethod.libs.latin5.LatinIme, imeDef.languageTag=en-US}
12-05 07:04:34.427 17529 17548 I PhenotypeModule: PhenotypeModule.handlePhenotypeConfigurationUpdatesInternal():569 Latency of updating configurations from phenotype (experiment v4): 6
12-05 07:04:34.428 17529 17548 I PhenotypeModule: PhenotypeModule.handlePhenotypeConfigurationUpdates():513 Latency of updating configurations from phenotype (ExperimentV4): 13
12-05 07:04:34.428 17529 17553 W JobInfo : Requested important-while-foreground flag for job3747 is ignored and takes no effect
12-05 07:04:34.429 17529 17547 I DelightKLPDownloader: DelightKLPDownloader.downloadKLPInternal():203 downloading KLP for en_840
12-05 07:04:34.430 17529 17529 I InputMethodEntryManager: InputMethodEntryManager.loadAdditionalImeDefsForCurrentEntry():2990 loadAdditionalImeDefsForCurrentEntry(): mff{languageTag=en-US, variant=qwerty, hasLocalizedResources=true, conditionCacheKey=_android_software_xr_api_spatial=false_app_first_start_timestamp=1755721173681_cache_additional_ime_defs_for_condition_change=false_cache_ime_defs_for_condition_change=false_deprecate_long_press_space_for_ime_picker=false_device=phone_device_size=default_enable_correction_settings_updates=true_enable_flick_symbols=true_enable_more_candidates_view_for_multilingual=false_enable_number_row=false_enable_number_row_in_password=true_enable_pk_simulator=false_enable_pk_simulator_setting=false_enable_preemptive_decode=true_enable_scrub_move=true_enable_secondary_digits=true_enable_secondary_symbols=false_expressions=normal_four_or_more_letter_rows=false_keyboard_mode=normal_language=en-US_layout_9key_split=false_orientation=portrait_physical_keyboard=qwerty_pk_simulator_vk_ready=false_pref_enable_flick_symbols=false_rtl_layout=false_show_comma_key=true_show_period_key=true_show_secondary_digits=true_show_suggestion_strip=true_show_suggestions=true_split_with_duplicate_keys=true_true=true_variant=qwerty_writing_helper_enable_by_word_revert=false, imeDef.stringId=ime_english_united_states, imeDef.className=com.google.android.apps.inputmethod.libs.latin5.LatinIme, imeDef.languageTag=en-US}
12-05 07:04:34.430 17529 17547 I DelightKLPDownloader: DelightKLPDownloader.getBundledLmVersion():312 bundled KLP for en_840 version = 0
12-05 07:04:34.431 17529 17547 I ManifestedDataDownloader: ManifestedDataDownloader.download():67 downloading manifest https://www.gstatic.com/android/keyboard/dictionarypack/2025100823/metadata.json-perlang/en-840.json?v=2025103000
12-05 07:04:34.431 17529 17529 W InputMethodEntryManager: InputMethodEntryManager.getEnabledMultilingualSecondaryLanguages():2264 getEnabledMultilingualSecondaryLanguages is called before initialized
12-05 07:04:34.432 17529 17553 D CompatChangeReporter: Compat change id reported: 311402873; UID 10159; state: ENABLED
12-05 07:04:34.433 17529 17553 D CompatChangeReporter: Compat change id reported: 323349338; UID 10159; state: ENABLED
12-05 07:04:34.433 17529 17529 I AdditionalImeDefCache: AdditionalImeDefCache.loadAdditionalImeDefsForEntryWithoutCache():247 Start loading additional ime defs for entry: mff{languageTag=en-US, variant=qwerty, hasLocalizedResources=true, conditionCacheKey=_android_software_xr_api_spatial=false_app_first_start_timestamp=1755721173681_cache_additional_ime_defs_for_condition_change=false_cache_ime_defs_for_condition_change=false_deprecate_long_press_space_for_ime_picker=false_device=phone_device_size=default_enable_correction_settings_updates=true_enable_flick_symbols=true_enable_more_candidates_view_for_multilingual=false_enable_number_row=false_enable_number_row_in_password=true_enable_pk_simulator=false_enable_pk_simulator_setting=false_enable_preemptive_decode=true_enable_scrub_move=true_enable_secondary_digits=true_enable_secondary_symbols=false_expressions=normal_four_or_more_letter_rows=false_keyboard_mode=normal_language=en-US_layout_9key_split=false_orientation=portrait_physical_keyboard=qwerty_pk_simulator_vk_ready=false_pref_enable_flick_symbols=false_rtl_layout=false_show_comma_key=true_show_period_key=true_show_secondary_digits=true_show_suggestion_strip=true_show_suggestions=true_split_with_duplicate_keys=true_true=true_variant=qwerty_writing_helper_enable_by_word_revert=false, imeDef.stringId=ime_english_united_states, imeDef.className=com.google.android.apps.inputmethod.libs.latin5.LatinIme, imeDef.languageTag=en-US}
12-05 07:04:34.435   695  1779 E JobScheduler.JobStatus: App com.google.android.inputmethod.latin became active but still in NEVER bucket
12-05 07:04:34.437 17529 17550 W putmethod.latin: ClassLoaderContext classpath size mismatch. expected=1, found=0 (DLC[];PCL[base.apk*1865044805]{PCL[/system/framework/org.apache.http.legacy.jar*4247870504]#PCL[/system/framework/com.android.media.remotedisplay.jar*487574312]#PCL[/system/framework/com.android.location.provider.jar*1570284764]#PCL[/system_ext/framework/androidx.window.extensions.jar*1030441313]#PCL[/system_ext/framework/androidx.window.sidecar.jar*3860983653]} | DLC[];PCL[])
12-05 07:04:34.438 17529 17550 I DynamiteModule: Considering local module com.google.android.gms.cronet_dynamite:0 and remote module com.google.android.gms.cronet_dynamite:3811
12-05 07:04:34.439 17529 17550 I DynamiteModule: Selected remote version of com.google.android.gms.cronet_dynamite, version >= 3811
12-05 07:04:34.442 17529 17547 I PhenotypeModule: PhenotypeModule.handleResult():379 fetchAndUpdate() : Success, hasFlags=true, fetchStatus=nlr[reason=ON_CREATE, timestamp=1764918274206, isFullFetch=true, success=true, fetchedFlagsCount=1392, deletedFlagsCount=0, isEmpty=false, isDelta=false, totalTime=236, failureMessage=null, registeredFormFactor=null, fetchedFormFactor=phone, serverToken=CAMScA1p15vyAAPvD8cZkwKmSJYiyRMD_wUHuAoPkgUP8AIPvQYAhgGHBQ0uD6Xo3QME2gQE1gAEAQS7FwQpBAEE3w8E_AMEogYEvQUEjgEFbPYDoAQEAQQBBNwED5YPAAYAjQYERAOFBgQNAwcNIg4XBAI=]
12-05 07:04:34.442 17529 17547 I PhenotypeModule: PhenotypeModule$2.onSuccess():194 Fetch at onCreate(): true
12-05 07:04:34.446 17529 17550 W System  : ClassLoader referenced unknown path: 
12-05 07:04:34.447 17529 17550 D nativeloader: Configuring clns-10 for other apk . target_sdk_version=36, uses_libraries=, library_path=/data/app/~~21kcsqkzWLfher4AxQSc_w==/com.google.android.gms-yQeQzjbxDnV0962q_Ten6w==/lib/x86_64:/data/app/~~21kcsqkzWLfher4AxQSc_w==/com.google.android.gms-yQeQzjbxDnV0962q_Ten6w==/base.apk!/lib/x86_64, permitted_path=/data:/mnt/expand:/data/user/0/com.google.android.gms
12-05 07:04:34.450 17529 17559 I SP      : Registering emoticon_content_description.2022081613, url: https://www.gstatic.com/android/keyboard/emoticon_content_desc/202208161305/superpacks_manifest.json, constraints: W:*:*:*, flags: bg, requested: 2022081613, current: 2022081613
12-05 07:04:34.450 17529 17548 I SystemSubtypesReportModule: SystemSubtypesReportModule.onCreate():56 
12-05 07:04:34.450 17529 17547 E HandwritingSuperpacksUtil: HandwritingSuperpacksUtil.getPackMappingPackName():42 No pack mapping pack found in []
12-05 07:04:34.450 17529 17547 I HandwritingSuperpacks: HandwritingSuperpacks.reloadCache():229 updatePackMappingsCache(): pack mapping pack unavailable [OFFLINE]
12-05 07:04:34.450 17529 17559 I SP      : Registering emoticon_content_description.2022081613, url: https://www.gstatic.com/android/keyboard/emoticon_content_desc/202208161305/superpacks_manifest.json, constraints: W:*:*:*, flags: bg, requested: 2022081613, current: 2022081613
12-05 07:04:34.450 17529 17548 D CompatChangeReporter: Compat change id reported: 312399441; UID 10159; state: ENABLED
12-05 07:04:34.451 17529 17559 I SP      : Syncing emoticon_content_description (2022081613) with slices: [7a635888cb828dfa2fc744b7b9b50f04], metadata: false
12-05 07:04:34.452 17529 17559 I SP      : Syncing emoticon_content_description (2022081613) with slices: [7a635888cb828dfa2fc744b7b9b50f04], metadata: false
12-05 07:04:34.454 17529 17553 W JobInfo : Requested important-while-foreground flag for job3748 is ignored and takes no effect
12-05 07:04:34.455   695   795 E JobScheduler.JobStatus: App com.google.android.inputmethod.latin became active but still in NEVER bucket
12-05 07:04:34.457 17529 17553 W JobInfo : Requested important-while-foreground flag for job3743 is ignored and takes no effect
12-05 07:04:34.457   695   795 E JobScheduler.JobStatus: App com.google.android.inputmethod.latin became active but still in NEVER bucket
12-05 07:04:34.458 17529 17553 W JobInfo : Requested important-while-foreground flag for job3746 is ignored and takes no effect
12-05 07:04:34.459   695   795 E JobScheduler.JobStatus: App com.google.android.inputmethod.latin became active but still in NEVER bucket
12-05 07:04:34.461 17529 17553 W JobInfo : Requested important-while-foreground flag for job3744 is ignored and takes no effect
12-05 07:04:34.462   695   795 E JobScheduler.JobStatus: App com.google.android.inputmethod.latin became active but still in NEVER bucket
12-05 07:04:34.463 17529 17529 I HardKeyTracker: HardKeyTracker.registerKeySequence():170 Register key sequence nul{labelResId=2132020472, callback=null, lastModifier=2, keyCodes=[8], actions=[0]}
12-05 07:04:34.463 17529 17529 I HardKeyTracker: HardKeyTracker.registerKeySequence():170 Register key sequence nul{labelResId=2132020474, callback=gqg@e7679e5, lastModifier=2, keyCodes=[62], actions=[0]}
12-05 07:04:34.467 17529 17529 I AbstractOpenableExtension: AbstractOpenableExtension.createKeyboardGroupManagerListenableFuture():121 Create keyboard group manager listenable future in hjj
12-05 07:04:34.471  5595 17177 I .gms.persistent: AssetManager2(0x79b0f52981f8) locale list changing from [] to [en-US]
12-05 07:04:34.478 17529 17550 I putmethod.latin: AssetManager2(0x79b0f529a458) locale list changing from [] to [en-US]
12-05 07:04:34.485   695   795 D WifiNl80211Manager: Scan result ready event
12-05 07:04:34.485   695   795 D WifiNative: Scan result ready event
12-05 07:04:34.487  5595  5604 I WifiScanner: onFullResults
12-05 07:04:34.487  5595  7519 I WifiScanner: onFullResults
12-05 07:04:34.487  5595  5855 I WifiScanner: onFullResults
12-05 07:04:34.492   695   865 I HalDevMgr: bestIfaceCreationProposal is null, requestIface=STA, existingIface=[name=wlan0 type=STA]
12-05 07:04:34.494 17529 17553 W JobInfo : Requested important-while-foreground flag for job3745 is ignored and takes no effect
12-05 07:04:34.504 17529 17549 I KeyboardGroupDefParser: KeyboardGroupDefParser.parseKeyboardGroupDef():86 parseKeyboardGroupDef() 2132213995 -> 0_resource_name_obfuscated : WaitTime = 36 ms : RunTime = 0 ms
12-05 07:04:34.507   695  1779 E JobScheduler.JobStatus: App com.google.android.inputmethod.latin became active but still in NEVER bucket
12-05 07:04:34.508  5595 17165 I FrewleTileCacheManagerV: (REDACTED) Fetched %d AP models from cache
12-05 07:04:34.508 17529 17556 I KeyboardGroupDefParser: KeyboardGroupDefParser.parseKeyboardGroupDef():86 parseKeyboardGroupDef() 2132213994 -> 0_resource_name_obfuscated : WaitTime = 1 ms : RunTime = 40 ms
12-05 07:04:34.511 17529 17529 I KeyboardContextProvider: KeyboardContextProvider$KeyboardContextCache.createKeyboardContext():173 createKeyboardContext(): en-US, lew@5e95842(com.android.inputmethod.latin.LatinIME@ad044bb), {1.0 310mcc260mnc [en_US] ldltr sw411dp w411dp h923dp 420dpi nrml long port finger qwerty/v/v dpad/v winConfig={ mBounds=Rect(0, 0 - 1080, 2424) mAppBounds=Rect(0, 0 - 1080, 2424) mMaxBounds=Rect(0, 0 - 1080, 2424) mDisplayRotation=ROTATION_0 mWindowingMode=fullscreen mActivityType=undefined mAlwaysOnTop=undefined mRotation=ROTATION_0} as.3 s.37 fontWeightAdjustment=0}
12-05 07:04:34.516  5595  6207 I ActivityScheduler: nextTriggerTime: 4951961, in 40425ms, detectorType: 39, FULL_TYPE alarmWindowMillis: 1666
12-05 07:04:34.516   695   795 E JobScheduler.JobStatus: App com.google.android.inputmethod.latin became active but still in NEVER bucket
12-05 07:04:34.520   695  1883 I system_server: AssetManager2(0x79b0f52ed478) locale list changing from [] to [en-US]
12-05 07:04:34.530 17529 17553 W JobInfo : Requested important-while-foreground flag for job3741 is ignored and takes no effect
12-05 07:04:34.533   695  1897 E JobScheduler.JobStatus: App com.google.android.inputmethod.latin became active but still in NEVER bucket
