12-05 07:04:28.154   695   865 D WifiNetworkFactory: got request NetworkRequest [ REQUEST id=588, [ Capabilities: INTERNET&NOT_RESTRICTED&TRUSTED&NOT_VCN_MANAGED&NOT_BANDWIDTH_CONSTRAINED Uid: 10168 RequestorUid: 10168 RequestorPkg: com.google.android.youtube UnderlyingNetworks: Null] ]
12-05 07:04:28.156   695   865 D UntrustedWifiNetworkFactory: got request NetworkRequest [ REQUEST id=588, [ Capabilities: INTERNET&NOT_RESTRICTED&TRUSTED&NOT_VCN_MANAGED&NOT_BANDWIDTH_CONSTRAINED Uid: 10168 RequestorUid: 10168 RequestorPkg: com.google.android.youtube UnderlyingNetworks: Null] ]
12-05 07:04:28.158   695   865 D OemPaidWifiNetworkFactory: got request NetworkRequest [ REQUEST id=588, [ Capabilities: INTERNET&NOT_RESTRICTED&TRUSTED&NOT_VCN_MANAGED&NOT_BANDWIDTH_CONSTRAINED Uid: 10168 RequestorUid: 10168 RequestorPkg: com.google.android.youtube UnderlyingNetworks: Null] ]
12-05 07:04:28.158   695   865 D MultiInternetWifiNetworkFactory: got request NetworkRequest [ REQUEST id=588, [ Capabilities: INTERNET&NOT_RESTRICTED&TRUSTED&NOT_VCN_MANAGED&NOT_BANDWIDTH_CONSTRAINED Uid: 10168 RequestorUid: 10168 RequestorPkg: com.google.android.youtube UnderlyingNetworks: Null] ]
12-05 07:04:28.163   695  2051 D ActivityManager: sync unfroze 15839 com.google.android.gms for 6
12-05 07:04:28.164   695   918 D BackgroundInstallControlService: Package event received: 0
12-05 07:04:28.172   695   871 D ConnectivityService: NetReassign [no changes] [c 0] [a 1] [i 0]
12-05 07:04:28.176   695  1766 W ProcessStats: Tracking association SourceState{ee02a04 com.google.android.youtube/10168 ImpBg #6114} whose proc state 6 is better than process ProcessState{21d6476 com.google.android.gms/10147 pkg=com.google.android.gms} proc state 14 (16 skipped)
12-05 07:04:28.178 17189 17209 D nativeloader: Load /data/app/~~pZxl6KRCMGUXjNjF-Thjsw==/com.google.android.youtube-GGIkErekq25YV4JrTtCmXA==/split_config.x86_64.apk!/lib/x86_64/libcronet.140.0.7259.0.so using class loader ns clns-9 (caller=/data/app/~~pZxl6KRCMGUXjNjF-Thjsw==/com.google.android.youtube-GGIkErekq25YV4JrTtCmXA==/base.apk): ok
12-05 07:04:28.207 17189 17225 W JobInfo : Requested important-while-foreground flag for job5 is ignored and takes no effect
12-05 07:04:28.207 17189 17225 D CompatChangeReporter: Compat change id reported: 311402873; UID 10168; state: ENABLED
12-05 07:04:28.207 17189 17225 D CompatChangeReporter: Compat change id reported: 323349338; UID 10168; state: ENABLED
12-05 07:04:28.207   695   796 D CompatChangeReporter: Compat change id reported: 311402873; UID 10168; state: ENABLED
12-05 07:04:28.208   695   796 D CompatChangeReporter: Compat change id reported: 323349338; UID 10168; state: ENABLED
12-05 07:04:28.211   695   951 D CompatChangeReporter: Compat change id reported: 297989574; UID 10168; state: ENABLED
12-05 07:04:28.214 17189 17225 W JobInfo : Requested important-while-foreground flag for job6 is ignored and takes no effect
12-05 07:04:28.231 17189 17225 W JobInfo : Requested important-while-foreground flag for job7 is ignored and takes no effect
12-05 07:04:28.232   590 12141 I AttributionAndPermissionUtils: checkPermission (forDataDelivery 0 startDataDelivery 0): Permission hard denied for client attribution [uid 10168, pid 17189, packageName "<unknown>"]
12-05 07:04:28.235 17189 17216 D DesktopModeFlags: Toggle override initialized to: OVERRIDE_UNSET
12-05 07:04:28.235 17189 17225 W JobInfo : Requested important-while-foreground flag for job8 is ignored and takes no effect
12-05 07:04:28.238 15839 15888 E ashmem  : Pinning is deprecated since Android Q. Please use trim or other methods.
12-05 07:04:28.242 17189 17225 W JobInfo : Requested important-while-foreground flag for job74 is ignored and takes no effect
12-05 07:04:28.248 17189 17212 D ApplicationLoaders: Returning zygote-cached class loader: /system/framework/org.apache.http.legacy.jar
12-05 07:04:28.248 17189 17212 D ApplicationLoaders: Returning zygote-cached class loader: /system/framework/com.android.media.remotedisplay.jar
12-05 07:04:28.248 17189 17212 D ApplicationLoaders: Returning zygote-cached class loader: /system/framework/com.android.location.provider.jar
12-05 07:04:28.248 17189 17212 D ApplicationLoaders: Returning zygote-cached class loader: /system_ext/framework/androidx.window.extensions.jar
12-05 07:04:28.248 17189 17212 D ApplicationLoaders: Returning zygote-cached class loader: /system_ext/framework/androidx.window.sidecar.jar
12-05 07:04:28.249 17189 17225 W JobInfo : Requested important-while-foreground flag for job142 is ignored and takes no effect
12-05 07:04:28.249   590 12141 I AttributionAndPermissionUtils: checkPermission (forDataDelivery 0 startDataDelivery 0): Permission hard denied for client attribution [uid 10168, pid 17189, packageName "<unknown>"]
12-05 07:04:28.251   590 12141 I AttributionAndPermissionUtils: checkPermission (forDataDelivery 0 startDataDelivery 0): Permission hard denied for client attribution [uid 10168, pid 17189, packageName "<unknown>"]
12-05 07:04:28.251   590 12141 I AttributionAndPermissionUtils: checkPermission (forDataDelivery 0 startDataDelivery 0): Permission hard denied for client attribution [uid 10168, pid 17189, packageName "<unknown>"]
12-05 07:04:28.263 17189 17225 W JobInfo : Requested important-while-foreground flag for job148 is ignored and takes no effect
12-05 07:04:28.269   695   796 W JobScheduler: Job didn't exist in JobStore: 4f83f84 {androidx.work.systemjobscheduler} #u0a168/148 @androidx.work.systemjobscheduler@com.google.android.youtube/androidx.work.impl.background.systemjob.SystemJobService
12-05 07:04:28.269   590 12141 I AttributionAndPermissionUtils: checkPermission (forDataDelivery 0 startDataDelivery 0): Permission hard denied for client attribution [uid 10168, pid 17189, packageName "<unknown>"]
12-05 07:04:28.271   590 12141 I AttributionAndPermissionUtils: checkPermission (forDataDelivery 0 startDataDelivery 0): Permission hard denied for client attribution [uid 10168, pid 17189, packageName "<unknown>"]
12-05 07:04:28.273   590 12141 I AttributionAndPermissionUtils: checkPermission (forDataDelivery 0 startDataDelivery 0): Permission hard denied for client attribution [uid 10168, pid 17189, packageName "<unknown>"]
12-05 07:04:28.279 17189 17212 D nativeloader: Configuring clns-10 for other apk /data/app/~~21kcsqkzWLfher4AxQSc_w==/com.google.android.gms-yQeQzjbxDnV0962q_Ten6w==/base.apk. target_sdk_version=36, uses_libraries=, library_path=/data/app/~~21kcsqkzWLfher4AxQSc_w==/com.google.android.gms-yQeQzjbxDnV0962q_Ten6w==/lib/x86_64:/data/app/~~21kcsqkzWLfher4AxQSc_w==/com.google.android.gms-yQeQzjbxDnV0962q_Ten6w==/base.apk!/lib/x86_64, permitted_path=/data:/mnt/expand:/data/user/0/com.google.android.gms
12-05 07:04:28.291 17189 17212 I android.youtube: AssetManager2(0x79b0f5294698) locale list changing from [] to [en-US]
12-05 07:04:28.294   695  1220 D CompatChangeReporter: Compat change id reported: 311208629; UID 10168; state: ENABLED
12-05 07:04:28.330   695   918 D BackgroundInstallControlService: Package event received: 0
12-05 07:04:28.337   695   796 D ConnectivityService: requestNetwork for uid/pid:10168/17189 activeRequest: null callbackRequest: 590 [NetworkRequest [ REQUEST id=591, [ Capabilities: INTERNET&NOT_RESTRICTED&TRUSTED&NOT_VCN_MANAGED&NOT_BANDWIDTH_CONSTRAINED Uid: 10168 RequestorUid: 10168 RequestorPkg: com.google.android.youtube UnderlyingNetworks: Null] ]] callback flags: 0 order: 2147483647 isUidTracked: false declaredMethods: AVAIL|LOST|NC
12-05 07:04:28.341   695   871 D ConnectivityService: NetReassign [591 : null â†’ 100] [c 0] [a 1] [i 1]
12-05 07:04:28.346   695   865 D WifiNetworkFactory: got request NetworkRequest [ REQUEST id=591, [ Capabilities: INTERNET&NOT_RESTRICTED&TRUSTED&NOT_VCN_MANAGED&NOT_BANDWIDTH_CONSTRAINED Uid: 10168 RequestorUid: 10168 RequestorPkg: com.google.android.youtube UnderlyingNetworks: Null] ]
12-05 07:04:28.346   695   865 D UntrustedWifiNetworkFactory: got request NetworkRequest [ REQUEST id=591, [ Capabilities: INTERNET&NOT_RESTRICTED&TRUSTED&NOT_VCN_MANAGED&NOT_BANDWIDTH_CONSTRAINED Uid: 10168 RequestorUid: 10168 RequestorPkg: com.google.android.youtube UnderlyingNetworks: Null] ]
12-05 07:04:28.346   695   865 D OemPaidWifiNetworkFactory: got request NetworkRequest [ REQUEST id=591, [ Capabilities: INTERNET&NOT_RESTRICTED&TRUSTED&NOT_VCN_MANAGED&NOT_BANDWIDTH_CONSTRAINED Uid: 10168 RequestorUid: 10168 RequestorPkg: com.google.android.youtube UnderlyingNetworks: Null] ]
12-05 07:04:28.346   695   865 D MultiInternetWifiNetworkFactory: got request NetworkRequest [ REQUEST id=591, [ Capabilities: INTERNET&NOT_RESTRICTED&TRUSTED&NOT_VCN_MANAGED&NOT_BANDWIDTH_CONSTRAINED Uid: 10168 RequestorUid: 10168 RequestorPkg: com.google.android.youtube UnderlyingNetworks: Null] ]
12-05 07:04:28.353   695  1220 D ConnectivityService: requestNetwork for uid/pid:10168/17189 activeRequest: null callbackRequest: 592 [NetworkRequest [ REQUEST id=593, [ Capabilities: INTERNET&NOT_RESTRICTED&TRUSTED&NOT_VCN_MANAGED&NOT_BANDWIDTH_CONSTRAINED Uid: 10168 RequestorUid: 10168 RequestorPkg: com.google.android.youtube UnderlyingNetworks: Null] ]] callback flags: 0 order: 2147483647 isUidTracked: false declaredMethods: AVAIL|LOST|NC
12-05 07:04:28.356   695   871 D ConnectivityService: NetReassign [593 : null â†’ 100] [c 0] [a 2] [i 1]
12-05 07:04:28.357   695   865 D WifiNetworkFactory: got request NetworkRequest [ REQUEST id=593, [ Capabilities: INTERNET&NOT_RESTRICTED&TRUSTED&NOT_VCN_MANAGED&NOT_BANDWIDTH_CONSTRAINED Uid: 10168 RequestorUid: 10168 RequestorPkg: com.google.android.youtube UnderlyingNetworks: Null] ]
12-05 07:04:28.357   695   865 D UntrustedWifiNetworkFactory: got request NetworkRequest [ REQUEST id=593, [ Capabilities: INTERNET&NOT_RESTRICTED&TRUSTED&NOT_VCN_MANAGED&NOT_BANDWIDTH_CONSTRAINED Uid: 10168 RequestorUid: 10168 RequestorPkg: com.google.android.youtube UnderlyingNetworks: Null] ]
12-05 07:04:28.357   695   865 D OemPaidWifiNetworkFactory: got request NetworkRequest [ REQUEST id=593, [ Capabilities: INTERNET&NOT_RESTRICTED&TRUSTED&NOT_VCN_MANAGED&NOT_BANDWIDTH_CONSTRAINED Uid: 10168 RequestorUid: 10168 RequestorPkg: com.google.android.youtube UnderlyingNetworks: Null] ]
12-05 07:04:28.357   695   865 D MultiInternetWifiNetworkFactory: got request NetworkRequest [ REQUEST id=593, [ Capabilities: INTERNET&NOT_RESTRICTED&TRUSTED&NOT_VCN_MANAGED&NOT_BANDWIDTH_CONSTRAINED Uid: 10168 RequestorUid: 10168 RequestorPkg: com.google.android.youtube UnderlyingNetworks: Null] ]
12-05 07:04:28.383 15839 15886 W SQLiteLog: (28) double-quoted string literal: "1764745468381"
12-05 07:04:28.383 15839 15886 W SQLiteLog: (28) double-quoted string literal: "1"
12-05 07:04:28.528   695   918 D BackgroundInstallControlService: Package event received: 0
12-05 07:04:28.545 17189 17273 W android.youtube: ClassLoaderContext classpath size mismatch. expected=1, found=0 (DLC[];PCL[base.apk*1865044805]{PCL[/system/framework/org.apache.http.legacy.jar*4247870504]#PCL[/system/framework/com.android.media.remotedisplay.jar*487574312]#PCL[/system/framework/com.android.location.provider.jar*1570284764]#PCL[/system_ext/framework/androidx.window.extensions.jar*1030441313]#PCL[/system_ext/framework/androidx.window.sidecar.jar*3860983653]} | DLC[];PCL[])
12-05 07:04:28.564 17189 17273 W System  : ClassLoader referenced unknown path: 
12-05 07:04:28.565 17189 17273 D nativeloader: Configuring clns-11 for other apk . target_sdk_version=36, uses_libraries=, library_path=/data/app/~~21kcsqkzWLfher4AxQSc_w==/com.google.android.gms-yQeQzjbxDnV0962q_Ten6w==/lib/x86_64:/data/app/~~21kcsqkzWLfher4AxQSc_w==/com.google.android.gms-yQeQzjbxDnV0962q_Ten6w==/base.apk!/lib/x86_64, permitted_path=/data:/mnt/expand:/data/user/0/com.google.android.gms
12-05 07:04:28.568   695   918 D BackgroundInstallControlService: Package event received: 0
12-05 07:04:28.576 17189 17273 W android.youtube: ClassLoaderContext classpath element checksum mismatch. expected=1865044805, found=238289200 (DLC[];PCL[base.apk*1865044805]{PCL[/system/framework/org.apache.http.legacy.jar*4247870504]#PCL[/system/framework/com.android.media.remotedisplay.jar*487574312]#PCL[/system/framework/com.android.location.provider.jar*1570284764]#PCL[/system_ext/framework/androidx.window.extensions.jar*1030441313]#PCL[/system_ext/framework/androidx.window.sidecar.jar*3860983653]} | DLC[];PCL[/data/app/~~pZxl6KRCMGUXjNjF-Thjsw==/com.google.android.youtube-GGIkErekq25YV4JrTtCmXA==/base.apk*238289200]{PCL[/system/framework/org.apache.http.legacy.jar*4247870504]#PCL[/system_ext/framework/androidx.window.extensions.jar*1030441313]#PCL[/system_ext/framework/androidx.window.sidecar.jar*3860983653]})
12-05 07:04:28.580  1015 17086 D android.hardware.gnss-service.ranchu: GnssHwListener:consume:87 sz=64
12-05 07:04:28.582  1015 17086 D android.hardware.gnss-service.ranchu: GnssHwListener:consume:87 sz=64
12-05 07:04:28.582  1015 17086 D android.hardware.gnss-service.ranchu: Gnss:onGnssLocationCb:311
12-05 07:04:28.582  1015 17086 D android.hardware.gnss-service.ranchu: Gnss:onGnssLocationCb:333
12-05 07:04:28.621 17189 17273 I android.youtube: AssetManager2(0x79b0f52a5cb8) locale list changing from [] to [en-US]
12-05 07:04:28.625 17189 17273 I android.youtube: AssetManager2(0x79b0f52a3a58) locale list changing from [] to [en-US]
12-05 07:04:28.656  5595 17177 I .gms.persistent: AssetManager2(0x79b0f52a3738) locale list changing from [] to [en-US]
12-05 07:04:28.678 17189 17288 E android.youtube: No package ID 6a found for resource ID 0x6a0b000f.
12-05 07:04:28.678 17189 17288 I FA      : App measurement initialized, version: 140000
12-05 07:04:28.678 17189 17288 I FA      : To enable debug logging run: adb shell setprop log.tag.FA VERBOSE
12-05 07:04:28.678 17189 17288 I FA      : To enable faster debug mode event logging run:
12-05 07:04:28.678 17189 17288 I FA      :   adb shell setprop debug.firebase.analytics.app com.google.android.youtube
12-05 07:04:28.711   695   918 D BackgroundInstallControlService: Package event received: 0
12-05 07:04:28.713 15839 15839 D BoundBrokerSvc: onBind: Intent { act=com.google.android.gms.measurement.START xflg=0x4 pkg=com.google.android.gms }
12-05 07:04:28.713 15839 15839 D BoundBrokerSvc: Loading bound service for intent: Intent { act=com.google.android.gms.measurement.START xflg=0x4 pkg=com.google.android.gms }
12-05 07:04:28.716 17189 17266 E YouTube : #### Startup.criticalStartupComplete error, likely timeout
12-05 07:04:28.716 17189 17266 E YouTube : java.util.concurrent.TimeoutException: The source did not signal an event for 400 milliseconds and has been terminated.
12-05 07:04:28.716 17189 17266 E YouTube : 	at biwk.run(PG:34)
12-05 07:04:28.716 17189 17266 E YouTube : 	at bjts.call(PG:10)
12-05 07:04:28.716 17189 17266 E YouTube : 	at aqxv.call(PG:17)
12-05 07:04:28.716 17189 17266 E YouTube : 	at java.util.concurrent.FutureTask.run(FutureTask.java:317)
12-05 07:04:28.716 17189 17266 E YouTube : 	at aqsx.run(PG:44)
12-05 07:04:28.716 17189 17266 E YouTube : 	at rtn.run(PG:261)
12-05 07:04:28.716 17189 17266 E YouTube : 	at evu.run(PG:686)
12-05 07:04:28.716 17189 17266 E YouTube : 	at java.lang.Thread.run(Thread.java:1119)
12-05 07:04:28.716 17189 17266 E YouTube : 	at rxb.run(PG:61)
12-05 07:04:28.733   695   796 D FileUtils: Rounded bytes from 2067255296 to 4000000000
12-05 07:04:28.737   695  1766 D ConnectivityService: requestNetwork for uid/pid:10168/17189 activeRequest: null callbackRequest: 594 [NetworkRequest [ REQUEST id=595, [ Capabilities: INTERNET&NOT_RESTRICTED&TRUSTED&NOT_VCN_MANAGED&NOT_BANDWIDTH_CONSTRAINED Uid: 10168 RequestorUid: 10168 RequestorPkg: com.google.android.youtube UnderlyingNetworks: Null] ]] callback flags: 0 order: 2147483647 isUidTracked: false declaredMethods: AVAIL|LOST
12-05 07:04:28.741 17189 17212 D AudioSystem: onNewService: media.audio_policy service obtained 0x79afe532c1a0
12-05 07:04:28.742   695   871 D ConnectivityService: NetReassign [595 : null â†’ 100] [c 0] [a 1] [i 2]
12-05 07:04:28.743   695   865 D WifiNetworkFactory: got request NetworkRequest [ REQUEST id=595, [ Capabilities: INTERNET&NOT_RESTRICTED&TRUSTED&NOT_VCN_MANAGED&NOT_BANDWIDTH_CONSTRAINED Uid: 10168 RequestorUid: 10168 RequestorPkg: com.google.android.youtube UnderlyingNetworks: Null] ]
12-05 07:04:28.743   695   865 D UntrustedWifiNetworkFactory: got request NetworkRequest [ REQUEST id=595, [ Capabilities: INTERNET&NOT_RESTRICTED&TRUSTED&NOT_VCN_MANAGED&NOT_BANDWIDTH_CONSTRAINED Uid: 10168 RequestorUid: 10168 RequestorPkg: com.google.android.youtube UnderlyingNetworks: Null] ]
12-05 07:04:28.743   695   865 D OemPaidWifiNetworkFactory: got request NetworkRequest [ REQUEST id=595, [ Capabilities: INTERNET&NOT_RESTRICTED&TRUSTED&NOT_VCN_MANAGED&NOT_BANDWIDTH_CONSTRAINED Uid: 10168 RequestorUid: 10168 RequestorPkg: com.google.android.youtube UnderlyingNetworks: Null] ]
12-05 07:04:28.743   695   865 D MultiInternetWifiNetworkFactory: got request NetworkRequest [ REQUEST id=595, [ Capabilities: INTERNET&NOT_RESTRICTED&TRUSTED&NOT_VCN_MANAGED&NOT_BANDWIDTH_CONSTRAINED Uid: 10168 RequestorUid: 10168 RequestorPkg: com.google.android.youtube UnderlyingNetworks: Null] ]
12-05 07:04:28.744   695   951 D FileUtils: Rounded bytes from 2067255296 to 4000000000
12-05 07:04:28.750 17189 17212 D AudioSystem: getService: checking for service media.audio_policy: 0x79afe532c1a0
12-05 07:04:28.758 15839 17294 I FA-SVC  : App measurement initialized, version: 253931
12-05 07:04:28.758   543   563 D NativePermissionController: checkPermission: missing 13 for 10168
12-05 07:04:28.762   543   563 D NativePermissionController: checkPermission: missing 13 for 10168
12-05 07:04:28.769   543   563 D NativePermissionController: checkPermission: missing 13 for 10168
12-05 07:04:28.769   543   563 D NativePermissionController: checkPermission: missing 13 for 10168
12-05 07:04:28.789 17189 17307 D AudioSystem: onNewServiceWithAdapter: media.audio_flinger service obtained 0x79af852faf10
12-05 07:04:28.791 17189 17307 D AudioSystem: getService: checking for service media.audio_flinger: 0x79afe532cd30
12-05 07:04:28.798   695   918 D BackgroundInstallControlService: Package event received: 0
12-05 07:04:28.801 15839 15839 D BoundBrokerSvc: onBind: Intent { act=com.google.android.gms.potokens.service.START dat=chimera-action:/... xflg=0x4 cmp=com.google.android.gms/.chimera.GmsApiService }
12-05 07:04:28.801 15839 15839 D BoundBrokerSvc: Loading bound service for intent: Intent { act=com.google.android.gms.potokens.service.START dat=chimera-action:/... xflg=0x4 cmp=com.google.android.gms/.chimera.GmsApiService }
12-05 07:04:28.805 17189 17189 E YT.mlplayer: setAudioDrc(enabled=1)
12-05 07:04:28.866  5595  5595 D BoundBrokerSvc: onRebind: Intent { act=com.google.android.gms.auth.aang.events.services.START dat=chimera-action:/... xflg=0x4 cmp=com.google.android.gms/.chimera.PersistentApiService }
12-05 07:04:28.872  5595 17177 I .gms.persistent: AssetManager2(0x79b0f52a8878) locale list changing from [] to [en-US]
12-05 07:04:28.897 15839 15870 I gle.android.gms: AssetManager2(0x79b0f529fbd8) locale list changing from [] to [en-US]
12-05 07:04:29.181 17189 17264 E DataSaving: Data saving settings were not ready. Falling back to true
12-05 07:04:29.205 17189 17267 W JobInfo : Requested important-while-foreground flag for job149 is ignored and takes no effect
12-05 07:04:29.580  1015 17086 D android.hardware.gnss-service.ranchu: GnssHwListener:consume:87 sz=64
12-05 07:04:29.583  1015 17086 D android.hardware.gnss-service.ranchu: GnssHwListener:consume:87 sz=64
12-05 07:04:29.583  1015 17086 D android.hardware.gnss-service.ranchu: Gnss:onGnssLocationCb:311
12-05 07:04:29.583  1015 17086 D android.hardware.gnss-service.ranchu: Gnss:onGnssLocationCb:321
12-05 07:04:29.844 15839 15859 I gle.android.gms: Waiting for a blocking GC ProfileSaver
12-05 07:04:29.851 15839 15859 I gle.android.gms: WaitForGcToComplete blocked ProfileSaver on Background for 6.332ms
12-05 07:04:29.868 15839 17294 D AdvertisingIdClient: Creating AdvertisingIdClient
12-05 07:04:29.868 15839 17294 D AdvertisingIdClient: AdvertisingIdClient already created.
12-05 07:04:29.868 15839 17294 D AdvertisingIdClient: AdvertisingIdClient is not bounded. Starting to bind it...
12-05 07:04:29.871 15839 17294 D AdvertisingIdClient: AdvertisingIdClient is bounded
12-05 07:04:29.876 15839 17294 I AdvertisingIdClient: shouldSendLog -1
12-05 07:04:29.877 15839 17294 I AdvertisingIdClient: GetInfoInternal elapse 8ms
12-05 07:04:29.879 15839 15839 I AdvertisingIdClient: getting error as 17: API: ClientTelemetry.API is not available on this device. Connection failed with: ConnectionResult{statusCode=API_DISABLED_FOR_CONNECTION, resolution=null, message=null, clientMethodKey=null}
12-05 07:04:30.189 17189 17267 W YouTube : Empty persistent device token received from InnerTube.
12-05 07:04:30.248   695   918 D BackgroundInstallControlService: Package event received: 0
12-05 07:04:30.249   695   796 V GrammaticalInflectionUtils: AttributionSource: android.content.AttributionSource@6e5f618d does not have READ_SYSTEM_GRAMMATICAL_GENDER permission.
12-05 07:04:30.255 17189 17208 D CompatChangeReporter: Compat change id reported: 279646685; UID 10168; state: ENABLED
12-05 07:04:30.264   474   474 D Zygote  : Forked child process 17318
12-05 07:04:30.264   695   753 I ActivityManager: Start proc 17318:com.android.chrome/u0a149 for service {com.android.chrome/org.chromium.chrome.browser.customtabs.CustomTabsConnectionService}
12-05 07:04:30.266   695   753 I ActivityManager: ProcessObserver broadcast disabled
12-05 07:04:30.268  5595  5791 I FontLog : (REDACTED) Received query %s, URI %s
12-05 07:04:30.268  5595  5791 I FontLog : (REDACTED) Query [%s] resolved to %s
12-05 07:04:30.270  5595  5791 I FontLog : (REDACTED) Fetch %s end status %s
12-05 07:04:30.276  5595  5791 I FontLog : (REDACTED) Pulling font file for id = %d, cache size = %d
12-05 07:04:30.281 17189 17267 W JobInfo : Requested important-while-foreground flag for job154 is ignored and takes no effect
12-05 07:04:30.290 17318 17318 I .android.chrome: Using CollectorTypeCC GC.
12-05 07:04:30.292 17318 17318 W .android.chrome: Unexpected CPU variant for x86: x86_64.
12-05 07:04:30.292 17318 17318 W .android.chrome: Known variants: atom, sandybridge, silvermont, goldmont, goldmont-plus, goldmont-without-sha-xsaves, tremont, kabylake, alderlake, default
12-05 07:04:30.296 17318 17318 E .android.chrome: Not starting debugger since process cannot load the jdwp agent.
12-05 07:04:30.298  5595  5791 I FontLog : (REDACTED) Pulling font file for id = %d, cache size = %d
12-05 07:04:30.306 17318 17318 D nativeloader: Load libframework-connectivity-tiramisu-jni.so using APEX ns com_android_tethering for caller /apex/com.android.tethering/javalib/framework-connectivity-t.jar: ok
12-05 07:04:30.329 17318 17318 W .android.chrome: Failed to find entry 'classes.dex': Entry not found
12-05 07:04:30.330 17318 17318 D nativeloader: Configuring clns-9 for other apk /data/app/~~-XsxkTm__HWQPdoji2g3RA==/com.google.android.trichromelibrary_744417138-6Zj3vmiw-ysdNhTKUuijHA==/base.apk. target_sdk_version=36, uses_libraries=ALL, library_path=/data/app/~~1oyoTHuItqxoe17jNVrj3g==/com.android.chrome-UZ-yuIFrOGRO--mI2dMd2g==/lib/x86_64:/data/app/~~1oyoTHuItqxoe17jNVrj3g==/com.android.chrome-UZ-yuIFrOGRO--mI2dMd2g==/base.apk!/lib/x86_64:/data/app/~~-XsxkTm__HWQPdoji2g3RA==/com.google.android.trichromelibrary_744417138-6Zj3vmiw-ysdNhTKUuijHA==/base.apk!/lib/x86_64, permitted_path=/data:/mnt/expand:/data/user/0/com.android.chrome
12-05 07:04:30.331 17318 17318 D ApplicationLoaders: Returning zygote-cached class loader: /system_ext/framework/androidx.window.extensions.jar
12-05 07:04:30.332 17318 17318 D ApplicationLoaders: Returning zygote-cached class loader: /system_ext/framework/androidx.window.sidecar.jar
12-05 07:04:30.361 17318 17318 D nativeloader: Configuring clns-10 for other apk /data/app/~~1oyoTHuItqxoe17jNVrj3g==/com.android.chrome-UZ-yuIFrOGRO--mI2dMd2g==/base.apk. target_sdk_version=36, uses_libraries=, library_path=/data/app/~~1oyoTHuItqxoe17jNVrj3g==/com.android.chrome-UZ-yuIFrOGRO--mI2dMd2g==/lib/x86_64:/data/app/~~1oyoTHuItqxoe17jNVrj3g==/com.android.chrome-UZ-yuIFrOGRO--mI2dMd2g==/base.apk!/lib/x86_64:/data/app/~~-XsxkTm__HWQPdoji2g3RA==/com.google.android.trichromelibrary_744417138-6Zj3vmiw-ysdNhTKUuijHA==/base.apk!/lib/x86_64, permitted_path=/data:/mnt/expand:/data/user/0/com.android.chrome
12-05 07:04:30.378 17318 17318 I .android.chrome: AssetManager2(0x79b0f528f558) locale list changing from [] to [en-US]
12-05 07:04:30.381 17318 17318 V GraphicsEnvironment: Currently set values for:
12-05 07:04:30.381 17318 17318 V GraphicsEnvironment:   angle_gl_driver_selection_pkgs=[]
12-05 07:04:30.381 17318 17318 V GraphicsEnvironment:   angle_gl_driver_selection_values=[]
12-05 07:04:30.381 17318 17318 V GraphicsEnvironment: com.android.chrome is not listed in per-application setting
12-05 07:04:30.381 17318 17318 V GraphicsEnvironment: ANGLE allowlist from config: 
12-05 07:04:30.381 17318 17318 V GraphicsEnvironment: com.android.chrome is not listed in ANGLE allowlist or settings, returning default
12-05 07:04:30.381 17318 17318 V GraphicsEnvironment: Neither updatable production driver nor prerelease driver is supported.
12-05 07:04:30.384 17318 17318 I LoadedApk: No resource references to update in package com.google.android.trichromelibrary
12-05 07:04:30.398 17318 17318 I cr_SplitCompatApp: version=142.0.7444.171 (744417138) minSdkVersion=29 processName=com.android.chrome isIsolatedProcess=false splits=chrome,config.en,dev_ui,on_demand,stack_unwinder,test_dummy
12-05 07:04:30.413 17318 17336 I .android.chrome: AssetManager2(0x79b0f5294cd8) locale list changing from [] to [en-US]
12-05 07:04:30.443  5595  5791 I FontLog : (REDACTED) Received query %s, URI %s
12-05 07:04:30.444  5595  5791 I FontLog : (REDACTED) Query [%s] resolved to %s
12-05 07:04:30.447  5595  5791 I FontLog : (REDACTED) Font PFD returned from cache for %s
12-05 07:04:30.451  5595  5791 I FontLog : (REDACTED) Fetch %s end status %s
12-05 07:04:30.454  5595  5791 I FontLog : (REDACTED) Pulling font file for id = %d, cache size = %d
12-05 07:04:30.457 17318 17340 I cr_LibraryLoader: Loading monochrome_64 from within /data/app/~~1oyoTHuItqxoe17jNVrj3g==/com.android.chrome-UZ-yuIFrOGRO--mI2dMd2g==/base.apk
12-05 07:04:30.467 17318 17340 D nativeloader: Load /data/app/~~1oyoTHuItqxoe17jNVrj3g==/com.android.chrome-UZ-yuIFrOGRO--mI2dMd2g==/base.apk!/lib/x86_64/libchromium_android_linker.so using class loader ns clns-10 (caller=/data/app/~~1oyoTHuItqxoe17jNVrj3g==/com.android.chrome-UZ-yuIFrOGRO--mI2dMd2g==/base.apk): ok
12-05 07:04:30.467 17318 17340 I cr_Linker: loadLibraryImplLocked: monochrome_64, relroMode=1
12-05 07:04:30.475 17318 17340 E cr_ChromiumAndroidLinker: AndroidDlopenExt: android_dlopen_ext: dlopen failed: reserved address space 12877824 smaller than 214204416 bytes needed for "/data/app/~~-XsxkTm__HWQPdoji2g3RA==/com.google.android.trichromelibrary_744417138-6Zj3vmiw-ysdNhTKUuijHA==/base.apk!/lib/x86_64/libmonochrome_64.so"
12-05 07:04:30.476 17318 17340 E cr_ChromiumAndroidLinker: LoadWithDlopenExt: android_dlopen_ext() error
12-05 07:04:30.476 17318 17340 E cr_ChromiumAndroidLinker: LoadLibrary: Failed to load native library: libmonochrome_64.so
12-05 07:04:30.476 17318 17340 E cr_Linker: Unable to load with Linker, using the system linker instead
12-05 07:04:30.479  5595  5791 I FontLog : (REDACTED) Received query %s, URI %s
12-05 07:04:30.480  5595  5791 I FontLog : (REDACTED) Query [%s] resolved to %s
12-05 07:04:30.482  5595  5791 I FontLog : (REDACTED) Font PFD returned from cache for %s
12-05 07:04:30.483  5595  5791 I FontLog : (REDACTED) Fetch %s end status %s
12-05 07:04:30.486  5595  5791 I FontLog : (REDACTED) Pulling font file for id = %d, cache size = %d
12-05 07:04:30.498  5595  5791 I FontLog : (REDACTED) Received query %s, URI %s
12-05 07:04:30.498  5595  5791 I FontLog : (REDACTED) Query [%s] resolved to %s
12-05 07:04:30.501  5595  5791 I FontLog : (REDACTED) Font PFD returned from cache for %s
12-05 07:04:30.501  5595  5791 I FontLog : (REDACTED) Fetch %s end status %s
12-05 07:04:30.504  5595  6228 I FontLog : (REDACTED) Pulling font file for id = %d, cache size = %d
12-05 07:04:30.516  5595  5791 I FontLog : (REDACTED) Received query %s, URI %s
12-05 07:04:30.517  5595  5791 I FontLog : (REDACTED) Query [%s] resolved to %s
12-05 07:04:30.518  5595  5791 I FontLog : (REDACTED) Font PFD returned from cache for %s
12-05 07:04:30.518  5595  5791 I FontLog : (REDACTED) Fetch %s end status %s
12-05 07:04:30.522  5595  6228 I FontLog : (REDACTED) Pulling font file for id = %d, cache size = %d
12-05 07:04:30.522 17318 17332 E ashmem  : Pinning is deprecated since Android Q. Please use trim or other methods.
12-05 07:04:30.528  5595  6228 I FontLog : (REDACTED) Received query %s, URI %s
12-05 07:04:30.529  5595  6228 I FontLog : (REDACTED) Query [%s] resolved to %s
12-05 07:04:30.529 17318 17318 I .android.chrome: AssetManager2(0x79b0f5297578) locale list changing from [] to [en-US]
12-05 07:04:30.529  5595  6228 I FontLog : (REDACTED) Font PFD returned from cache for %s
12-05 07:04:30.529  5595  6228 I FontLog : (REDACTED) Fetch %s end status %s
12-05 07:04:30.533 17318 17318 I .android.chrome: AssetManager2(0x79b0f5295638) locale list changing from [] to [en-US]
12-05 07:04:30.533  5595  5791 I FontLog : (REDACTED) Pulling font file for id = %d, cache size = %d
12-05 07:04:30.535 17318 17318 D DesktopModeFlags: Toggle override initialized to: OVERRIDE_UNSET
12-05 07:04:30.538 17318 17340 D nativeloader: Load /data/app/~~-XsxkTm__HWQPdoji2g3RA==/com.google.android.trichromelibrary_744417138-6Zj3vmiw-ysdNhTKUuijHA==/base.apk!/lib/x86_64/libmonochrome_64.so using class loader ns clns-10 (caller=/data/app/~~1oyoTHuItqxoe17jNVrj3g==/com.android.chrome-UZ-yuIFrOGRO--mI2dMd2g==/base.apk): ok
12-05 07:04:30.538 17318 17318 I DisplayManager: Implicitly registering for refresh rate
12-05 07:04:30.539 17318 17343 W DynamiteModule: Local module descriptor class for com.google.android.gms.googlecertificates not found.
12-05 07:04:30.566   695   918 D BackgroundInstallControlService: Package event received: 0
12-05 07:04:30.566 17318 17343 W .android.chrome: ClassLoaderContext classpath size mismatch. expected=1, found=0 (DLC[];PCL[base.apk*1865044805]{PCL[/system/framework/org.apache.http.legacy.jar*4247870504]#PCL[/system/framework/com.android.media.remotedisplay.jar*487574312]#PCL[/system/framework/com.android.location.provider.jar*1570284764]#PCL[/system_ext/framework/androidx.window.extensions.jar*1030441313]#PCL[/system_ext/framework/androidx.window.sidecar.jar*3860983653]} | DLC[];PCL[])
12-05 07:04:30.567 15839 15839 D BoundBrokerSvc: onBind: Intent { act=com.google.android.gms.safebrowsing.SafeBrowsingService.START dat=chimera-action:/... xflg=0x4 cmp=com.google.android.gms/.chimera.GmsBoundBrokerService }
12-05 07:04:30.567 15839 15839 D BoundBrokerSvc: Loading bound service for intent: Intent { act=com.google.android.gms.safebrowsing.SafeBrowsingService.START dat=chimera-action:/... xflg=0x4 cmp=com.google.android.gms/.chimera.GmsBoundBrokerService }
12-05 07:04:30.569 17318 17343 I DynamiteModule: Considering local module com.google.android.gms.googlecertificates:0 and remote module com.google.android.gms.googlecertificates:7
12-05 07:04:30.571 17318 17343 I DynamiteModule: Selected remote version of com.google.android.gms.googlecertificates, version >= 7
12-05 07:04:30.580  1015 17086 D android.hardware.gnss-service.ranchu: GnssHwListener:consume:87 sz=64
12-05 07:04:30.582 16170 16170 I AiAiTextClassifier: onDestroyTextClassificationSession = TextClassificationSessionId {703a9d29-4880-428d-bcd4-fa80c9416619}
12-05 07:04:30.584  1015 17086 D android.hardware.gnss-service.ranchu: GnssHwListener:consume:87 sz=64
12-05 07:04:30.584  1015 17086 D android.hardware.gnss-service.ranchu: Gnss:onGnssLocationCb:311
12-05 07:04:30.584  1015 17086 D android.hardware.gnss-service.ranchu: Gnss:onGnssLocationCb:321
12-05 07:04:30.585 17318 17343 W System  : ClassLoader referenced unknown path: 
12-05 07:04:30.590 17318 17343 D nativeloader: Configuring clns-11 for other apk . target_sdk_version=36, uses_libraries=, library_path=/data/app/~~21kcsqkzWLfher4AxQSc_w==/com.google.android.gms-yQeQzjbxDnV0962q_Ten6w==/lib/x86_64:/data/app/~~21kcsqkzWLfher4AxQSc_w==/com.google.android.gms-yQeQzjbxDnV0962q_Ten6w==/base.apk!/lib/x86_64, permitted_path=/data:/mnt/expand:/data/user/0/com.google.android.gms
12-05 07:04:30.593 17318 17343 I .android.chrome: AssetManager2(0x79b0f529a458) locale list changing from [] to [en-US]
12-05 07:04:30.598 16170 16170 I AiAiTextClassifier: onDestroyTextClassificationSession = TextClassificationSessionId {e79e7c77-320e-4fad-92fe-944c843d1f77}
12-05 07:04:30.601 17318 17343 W .android.chrome: ClassLoaderContext classpath element mismatch. expected=base.apk, found=/data/app/~~1oyoTHuItqxoe17jNVrj3g==/com.android.chrome-UZ-yuIFrOGRO--mI2dMd2g==/split_chrome.apk (DLC[];PCL[base.apk*1865044805]{PCL[/system/framework/org.apache.http.legacy.jar*4247870504]#PCL[/system/framework/com.android.media.remotedisplay.jar*487574312]#PCL[/system/framework/com.android.location.provider.jar*1570284764]#PCL[/system_ext/framework/androidx.window.extensions.jar*1030441313]#PCL[/system_ext/framework/androidx.window.sidecar.jar*3860983653]} | DLC[];PCL[/data/app/~~1oyoTHuItqxoe17jNVrj3g==/com.android.chrome-UZ-yuIFrOGRO--mI2dMd2g==/split_chrome.apk*3137565966];PCL[/data/app/~~1oyoTHuItqxoe17jNVrj3g==/com.android.chrome-UZ-yuIFrOGRO--mI2dMd2g==/base.apk*4171547855]{PCL[]#PCL[/system_ext/framework/androidx.window.extensions.jar*1030441313]#PCL[/system_ext/framework/androidx.window.sidecar.jar*3860983653]})
12-05 07:04:30.601   695   724 W System  : A resource failed to call release. 
12-05 07:04:30.609 17318 17343 I .android.chrome: AssetManager2(0x79b0f52981f8) locale list changing from [] to [en-US]
12-05 07:04:30.609 17318 17343 I .android.chrome: AssetManager2(0x79b0f5297bb8) locale list changing from [] to [en-US]
12-05 07:04:30.632 17318 17340 I cr_LibraryLoader: Successfully loaded native library
12-05 07:04:30.633  5595  6207 W Settings: Setting airplane_mode_on has moved from android.provider.Settings.System to android.provider.Settings.Global, returning read-only value.
12-05 07:04:30.640 17318 17340 I cr_CachingUmaRecorder: Flushed 13 samples from 12 histograms, 0 samples were dropped.
12-05 07:04:30.647  5595 17165 W SystemServiceRegistry: No service published for: wifirtt
12-05 07:04:30.679 17318 17318 I .android.chrome: AssetManager2(0x79b0f529b3f8) locale list changing from [] to [en-US]
12-05 07:04:30.734 17318 17318 I cr_CombinedPProvider: #linkNativeInternal() 0
12-05 07:04:30.734 17318 17318 I cr_PolicyProvider: #setManagerAndSource() 0
12-05 07:04:30.736 17318 17318 I cr_PolicyCacheProvider: #refresh() true
12-05 07:04:31.067 17318 17353 I PlayCore: UID: [10149]  PID: [17318] AppUpdateService : requestUpdateInfo(com.android.chrome)
12-05 07:04:31.067   695  1766 V GrammaticalInflectionUtils: AttributionSource: android.content.AttributionSource@6e5f618d does not have READ_SYSTEM_GRAMMATICAL_GENDER permission.
12-05 07:04:31.069 17318 17365 I PlayCore: UID: [10149]  PID: [17318] AppUpdateService : Initiate binding to the service.
12-05 07:04:31.073 17318 17318 I chromium: [INFO:components/enterprise/browser/controller/chrome_browser_cloud_management_controller.cc:283] Deferring CBCM Controller Initialization until it is unblocked.
12-05 07:04:31.078   695   918 D BackgroundInstallControlService: Package event received: 0
12-05 07:04:31.079   474   474 D Zygote  : Forked child process 17366
12-05 07:04:31.080   695   753 I ActivityManager: Start proc 17366:com.android.chrome:privileged_process0/u0a149 for service {com.android.chrome/org.chromium.content.app.PrivilegedProcessService0}
12-05 07:04:31.080   695   753 I ActivityManager: ProcessObserver broadcast disabled
12-05 07:04:31.094   474   474 D Zygote  : Forked child process 17367
12-05 07:04:31.095   695   753 I ActivityManager: Start proc 17367:com.android.vending/u0a145 for service {com.android.vending/com.google.android.finsky.installservice.DevTriggeredUpdateService}
12-05 07:04:31.097   695   753 I ActivityManager: ProcessObserver broadcast disabled
12-05 07:04:31.108 17367 17367 I android.vending: Using CollectorTypeCC GC.
12-05 07:04:31.109 17366 17366 I ileged_process0: Using CollectorTypeCC GC.
12-05 07:04:31.109 17366 17366 W ileged_process0: Unexpected CPU variant for x86: x86_64.
12-05 07:04:31.109 17366 17366 W ileged_process0: Known variants: atom, sandybridge, silvermont, goldmont, goldmont-plus, goldmont-without-sha-xsaves, tremont, kabylake, alderlake, default
12-05 07:04:31.110 17367 17367 W android.vending: Unexpected CPU variant for x86: x86_64.
12-05 07:04:31.110 17367 17367 W android.vending: Known variants: atom, sandybridge, silvermont, goldmont, goldmont-plus, goldmont-without-sha-xsaves, tremont, kabylake, alderlake, default
12-05 07:04:31.111 17367 17367 E android.vending: Not starting debugger since process cannot load the jdwp agent.
12-05 07:04:31.114 17366 17366 E ileged_process0: Not starting debugger since process cannot load the jdwp agent.
12-05 07:04:31.118 17367 17367 D nativeloader: Load libframework-connectivity-tiramisu-jni.so using APEX ns com_android_tethering for caller /apex/com.android.tethering/javalib/framework-connectivity-t.jar: ok
12-05 07:04:31.122 17366 17366 D nativeloader: Load libframework-connectivity-tiramisu-jni.so using APEX ns com_android_tethering for caller /apex/com.android.tethering/javalib/framework-connectivity-t.jar: ok
12-05 07:04:31.146 17367 17367 D ApplicationLoaders: Returning zygote-cached class loader: /system/framework/org.apache.http.legacy.jar
12-05 07:04:31.147 17367 17367 D ApplicationLoaders: Returning zygote-cached class loader: /system_ext/framework/androidx.window.extensions.jar
12-05 07:04:31.147 17367 17367 D ApplicationLoaders: Returning zygote-cached class loader: /system_ext/framework/androidx.window.sidecar.jar
12-05 07:04:31.151   695   918 D BackgroundInstallControlService: Package event received: 0
12-05 07:04:31.157 17366 17366 W ileged_process0: Failed to find entry 'classes.dex': Entry not found
12-05 07:04:31.158 17366 17366 D nativeloader: Configuring clns-9 for other apk /data/app/~~-XsxkTm__HWQPdoji2g3RA==/com.google.android.trichromelibrary_744417138-6Zj3vmiw-ysdNhTKUuijHA==/base.apk. target_sdk_version=36, uses_libraries=ALL, library_path=/data/app/~~1oyoTHuItqxoe17jNVrj3g==/com.android.chrome-UZ-yuIFrOGRO--mI2dMd2g==/lib/x86_64:/data/app/~~1oyoTHuItqxoe17jNVrj3g==/com.android.chrome-UZ-yuIFrOGRO--mI2dMd2g==/base.apk!/lib/x86_64:/data/app/~~-XsxkTm__HWQPdoji2g3RA==/com.google.android.trichromelibrary_744417138-6Zj3vmiw-ysdNhTKUuijHA==/base.apk!/lib/x86_64, permitted_path=/data:/mnt/expand:/data/user/0/com.android.chrome
12-05 07:04:31.158 17366 17366 D ApplicationLoaders: Returning zygote-cached class loader: /system_ext/framework/androidx.window.extensions.jar
12-05 07:04:31.158 17366 17366 D ApplicationLoaders: Returning zygote-cached class loader: /system_ext/framework/androidx.window.sidecar.jar
12-05 07:04:31.159 17318 17318 W cr_SearchEngineDelegate: ensureIsDeviceChoiceRequiredSupplier() called on ineligible device
12-05 07:04:31.164 17366 17366 D nativeloader: Configuring clns-10 for other apk /data/app/~~1oyoTHuItqxoe17jNVrj3g==/com.android.chrome-UZ-yuIFrOGRO--mI2dMd2g==/base.apk. target_sdk_version=36, uses_libraries=, library_path=/data/app/~~1oyoTHuItqxoe17jNVrj3g==/com.android.chrome-UZ-yuIFrOGRO--mI2dMd2g==/lib/x86_64:/data/app/~~1oyoTHuItqxoe17jNVrj3g==/com.android.chrome-UZ-yuIFrOGRO--mI2dMd2g==/base.apk!/lib/x86_64:/data/app/~~-XsxkTm__HWQPdoji2g3RA==/com.google.android.trichromelibrary_744417138-6Zj3vmiw-ysdNhTKUuijHA==/base.apk!/lib/x86_64, permitted_path=/data:/mnt/expand:/data/user/0/com.android.chrome
12-05 07:04:31.170 17366 17366 I ileged_process0: AssetManager2(0x79b0f528f558) locale list changing from [] to [en-US]
12-05 07:04:31.174 17318 17388 D Phlogger: Application doesn't implement PhenotypeApplication interface, falling back to globally set context. See go/phenotype-flag#process-stable-init for more info.
12-05 07:04:31.177 17366 17366 V GraphicsEnvironment: Currently set values for:
12-05 07:04:31.177 17366 17366 V GraphicsEnvironment:   angle_gl_driver_selection_pkgs=[]
12-05 07:04:31.177 17366 17366 V GraphicsEnvironment:   angle_gl_driver_selection_values=[]
12-05 07:04:31.177 17366 17366 V GraphicsEnvironment: com.android.chrome is not listed in per-application setting
12-05 07:04:31.177 17366 17366 V GraphicsEnvironment: ANGLE allowlist from config: 
12-05 07:04:31.177 17366 17366 V GraphicsEnvironment: com.android.chrome is not listed in ANGLE allowlist or settings, returning default
12-05 07:04:31.177 17366 17366 V GraphicsEnvironment: Neither updatable production driver nor prerelease driver is supported.
12-05 07:04:31.178 17318 17388 E FilePhenotypeFlags: Config package com.google.android.gms.auth_account_client#com.android.chrome cannot use FILE backing without declarative registration. See go/phenotype-android-integration#phenotype for more information. This will lead to stale flags.
12-05 07:04:31.180 17366 17366 I LoadedApk: No resource references to update in package com.google.android.trichromelibrary
12-05 07:04:31.182 17366 17366 I cr_SplitCompatApp: version=142.0.7444.171 (744417138) minSdkVersion=29 processName=com.android.chrome:privileged_process0 isIsolatedProcess=false splits=chrome,config.en,dev_ui,on_demand,stack_unwinder,test_dummy
12-05 07:04:31.196 17366 17366 I cr_ChildProcessService: Creating new ChildProcessService pid=17366
12-05 07:04:31.219   695   951 V GrammaticalInflectionUtils: AttributionSource: android.content.AttributionSource@af378927 does not have READ_SYSTEM_GRAMMATICAL_GENDER permission.
12-05 07:04:31.226 17367 17367 W android.vending: Failed to find entry 'classes.dex': Entry not found
12-05 07:04:31.228 17367 17367 W android.vending: Failed to find entry 'classes.dex': Entry not found
12-05 07:04:31.229 17367 17367 W android.vending: Failed to find entry 'classes.dex': Entry not found
12-05 07:04:31.231 17367 17367 W android.vending: Failed to find entry 'classes.dex': Entry not found
12-05 07:04:31.233   695   918 D BackgroundInstallControlService: Package event received: 0
12-05 07:04:31.233 17367 17367 W android.vending: Failed to find entry 'classes.dex': Entry not found
12-05 07:04:31.235 17367 17367 W android.vending: Failed to find entry 'classes.dex': Entry not found
12-05 07:04:31.236 17367 17367 D nativeloader: Configuring clns-9 for other apk /data/app/~~6ofDwt9pRwS5FZpklEM9pg==/com.android.vending-4sZ2-EKX7FUZH0XJM9u5Cw==/base.apk:/data/app/~~6ofDwt9pRwS5FZpklEM9pg==/com.android.vending-4sZ2-EKX7FUZH0XJM9u5Cw==/split_config.en.apk:/data/app/~~6ofDwt9pRwS5FZpklEM9pg==/com.android.vending-4sZ2-EKX7FUZH0XJM9u5Cw==/split_config.x86_64.apk:/data/app/~~6ofDwt9pRwS5FZpklEM9pg==/com.android.vending-4sZ2-EKX7FUZH0XJM9u5Cw==/split_phonesky_data_loader.apk:/data/app/~~6ofDwt9pRwS5FZpklEM9pg==/com.android.vending-4sZ2-EKX7FUZH0XJM9u5Cw==/split_phonesky_data_loader.config.x86_64.apk:/data/app/~~6ofDwt9pRwS5FZpklEM9pg==/com.android.vending-4sZ2-EKX7FUZH0XJM9u5Cw==/split_phonesky_webrtc_native_lib.apk:/data/app/~~6ofDwt9pRwS5FZpklEM9pg==/com.android.vending-4sZ2-EKX7FUZH0XJM9u5Cw==/split_phonesky_webrtc_native_lib.config.x86_64.apk. target_sdk_version=36, uses_libraries=, library_path=/data/app/~~6ofDwt9pRwS5FZpklEM9pg==/com.android.vending-4sZ2-EKX7FUZH0XJM9u5Cw==/lib/x86_64:/data/app/~~6ofDwt9pRwS5FZpklEM9pg==/com.android.ven
12-05 07:04:31.249 15839 15839 D BoundBrokerSvc: onBind: Intent { act=com.google.android.gms.auth.key.retrieval.service.START dat=chimera-action:/... xflg=0x4 cmp=com.google.android.gms/.chimera.GmsApiService }
12-05 07:04:31.249 15839 15839 D BoundBrokerSvc: Loading bound service for intent: Intent { act=com.google.android.gms.auth.key.retrieval.service.START dat=chimera-action:/... xflg=0x4 cmp=com.google.android.gms/.chimera.GmsApiService }
12-05 07:04:31.252 17366 17390 D nativeloader: Load /data/app/~~1oyoTHuItqxoe17jNVrj3g==/com.android.chrome-UZ-yuIFrOGRO--mI2dMd2g==/base.apk!/lib/x86_64/libchromium_android_linker.so using class loader ns clns-10 (caller=/data/app/~~1oyoTHuItqxoe17jNVrj3g==/com.android.chrome-UZ-yuIFrOGRO--mI2dMd2g==/base.apk): ok
12-05 07:04:31.253 17366 17390 I cr_LibraryLoader: Loading monochrome_64 from within /data/app/~~1oyoTHuItqxoe17jNVrj3g==/com.android.chrome-UZ-yuIFrOGRO--mI2dMd2g==/base.apk
12-05 07:04:31.253 17366 17390 I cr_Linker: loadLibraryImplLocked: monochrome_64, relroMode=2
12-05 07:04:31.255 17366 17390 E cr_ChromiumAndroidLinker: AndroidDlopenExt: android_dlopen_ext: dlopen failed: reserved address space 12877824 smaller than 214204416 bytes needed for "/data/app/~~-XsxkTm__HWQPdoji2g3RA==/com.google.android.trichromelibrary_744417138-6Zj3vmiw-ysdNhTKUuijHA==/base.apk!/lib/x86_64/libmonochrome_64.so"
12-05 07:04:31.255 17366 17390 E cr_ChromiumAndroidLinker: LoadWithDlopenExt: android_dlopen_ext() error
12-05 07:04:31.255 17366 17390 E cr_ChromiumAndroidLinker: LoadLibrary: Failed to load native library: libmonochrome_64.so
12-05 07:04:31.255 17366 17390 E cr_Linker: Unable to load library: libmonochrome_64.so
12-05 07:04:31.255 17366 17390 W cr_Linker: Failed to load native library with shared RELRO, retrying without
12-05 07:04:31.255 17366 17390 I cr_Linker: loadLibraryImplLocked: monochrome_64, relroMode=0
12-05 07:04:31.259 17367 17367 I android.vending: AssetManager2(0x79b0f5293a18) locale list changing from [] to [en-US]
12-05 07:04:31.263 17367 17367 V GraphicsEnvironment: Currently set values for:
12-05 07:04:31.263 17367 17367 V GraphicsEnvironment:   angle_gl_driver_selection_pkgs=[]
12-05 07:04:31.263 17367 17367 V GraphicsEnvironment:   angle_gl_driver_selection_values=[]
12-05 07:04:31.263 17367 17367 V GraphicsEnvironment: com.android.vending is not listed in per-application setting
12-05 07:04:31.263 17367 17367 V GraphicsEnvironment: ANGLE allowlist from config: 
12-05 07:04:31.263 17367 17367 V GraphicsEnvironment: com.android.vending is not listed in ANGLE allowlist or settings, returning default
12-05 07:04:31.263 17367 17367 V GraphicsEnvironment: Neither updatable production driver nor prerelease driver is supported.
12-05 07:04:31.264 17366 17390 D nativeloader: Load /data/app/~~-XsxkTm__HWQPdoji2g3RA==/com.google.android.trichromelibrary_744417138-6Zj3vmiw-ysdNhTKUuijHA==/base.apk!/lib/x86_64/libmonochrome_64.so using class loader ns clns-10 (caller=/data/app/~~1oyoTHuItqxoe17jNVrj3g==/com.android.chrome-UZ-yuIFrOGRO--mI2dMd2g==/base.apk): ok
12-05 07:04:31.264 15839 15839 D BoundBrokerSvc: onBind: Intent { act=com.google.android.gms.credential.manager.service.firstparty.START dat=chimera-action:/... xflg=0x4 cmp=com.google.android.gms/.chimera.GmsApiService }
12-05 07:04:31.264 15839 15839 D BoundBrokerSvc: Loading bound service for intent: Intent { act=com.google.android.gms.credential.manager.service.firstparty.START dat=chimera-action:/... xflg=0x4 cmp=com.google.android.gms/.chimera.GmsApiService }
12-05 07:04:31.265 17366 17390 I cr_LibraryLoader: Successfully loaded native library
12-05 07:04:31.266 17366 17390 I cr_CachingUmaRecorder: Flushed 2 samples from 2 histograms, 0 samples were dropped.
12-05 07:04:31.268 17318 17318 I chromium: [INFO:components/supervised_user/core/browser/android/content_filters_observer_bridge.cc:66] ContentFiltersObserverBridge received onChange for setting browser_content_filters_enabled with value disabled
12-05 07:04:31.268 17318 17318 I cr_SUCFiltersObserver: setting=browser_content_filters_enabled updating with false
12-05 07:04:31.271 17318 17318 I chromium: [INFO:components/supervised_user/core/browser/android/content_filters_observer_bridge.cc:66] ContentFiltersObserverBridge received onChange for setting search_content_filters_enabled with value disabled
12-05 07:04:31.271 17318 17318 I cr_SUCFiltersObserver: setting=search_content_filters_enabled updating with false
12-05 07:04:31.274 17318 17318 W chromium: [WARNING:components/gcm_driver/instance_id/instance_id_android.cc:101] Non-zero TTL requested for InstanceID token, while TTLs are not supported by Android Firebase IID API.
12-05 07:04:31.274 17318 17318 W chromium: [WARNING:components/gcm_driver/instance_id/instance_id_android.cc:101] Non-zero TTL requested for InstanceID token, while TTLs are not supported by Android Firebase IID API.
12-05 07:04:31.268   474   474 D Zygote  : Forked child process 17396
12-05 07:04:31.282   695   753 W ActivityManager: Slow operation: 62ms so far, now at startProcess: returned from zygote!
12-05 07:04:31.282   695   753 W ActivityManager: Slow operation: 62ms so far, now at startProcess: done updating battery stats
12-05 07:04:31.282   695   753 W ActivityManager: Slow operation: 62ms so far, now at startProcess: building log message
12-05 07:04:31.282   695   753 I ActivityManager: Start proc 17396:com.google.android.adservices.api/u0a187 for service {com.google.android.adservices.api/com.android.adservices.measurement.MeasurementService}
12-05 07:04:31.282   695   753 W ActivityManager: Slow operation: 62ms so far, now at startProcess: starting to update pids map
12-05 07:04:31.282   695   753 I ActivityManager: ProcessObserver broadcast disabled
12-05 07:04:31.282   695   753 W ActivityManager: Slow operation: 62ms so far, now at startProcess: done updating pids map
12-05 07:04:31.289 17318 17318 I cr_SmsProviderGms: construction successfull l5m@a499e71, i5m@c051456
