12-05 07:03:33.542  1015 17086 D android.hardware.gnss-service.ranchu: Gnss:onGnssLocationCb:311
12-05 07:03:33.542  1015 17086 D android.hardware.gnss-service.ranchu: Gnss:onGnssLocationCb:333
12-05 07:03:34.539  1015 17086 D android.hardware.gnss-service.ranchu: GnssHwListener:consume:87 sz=64
12-05 07:03:34.541  1015 17086 D android.hardware.gnss-service.ranchu: GnssHwListener:consume:87 sz=64
12-05 07:03:34.541  1015 17086 D android.hardware.gnss-service.ranchu: Gnss:onGnssLocationCb:311
12-05 07:03:34.541  1015 17086 D android.hardware.gnss-service.ranchu: Gnss:onGnssLocationCb:321
12-05 07:03:34.972  1073  1311 D SatelliteController: iisInCarrierRoamingNbIotNtn: satellite is disabled
12-05 07:03:35.540  1015 17086 D android.hardware.gnss-service.ranchu: GnssHwListener:consume:87 sz=64
12-05 07:03:35.542  1015 17086 D android.hardware.gnss-service.ranchu: GnssHwListener:consume:87 sz=64
12-05 07:03:35.542  1015 17086 D android.hardware.gnss-service.ranchu: Gnss:onGnssLocationCb:311
12-05 07:03:35.542  1015 17086 D android.hardware.gnss-service.ranchu: Gnss:onGnssLocationCb:321
12-05 07:03:36.541  1015 17086 D android.hardware.gnss-service.ranchu: GnssHwListener:consume:87 sz=64
12-05 07:03:36.543  1015 17086 D android.hardware.gnss-service.ranchu: GnssHwListener:consume:87 sz=64
12-05 07:03:36.543  1015 17086 D android.hardware.gnss-service.ranchu: Gnss:onGnssLocationCb:311
12-05 07:03:36.543  1015 17086 D android.hardware.gnss-service.ranchu: Gnss:onGnssLocationCb:321
12-05 07:03:36.909 16170 16190 I AiAiTranslate: C2T - not in a conversation
12-05 07:03:36.910   963   963 I ClipboardListener: Clipboard overlay suppressed.
12-05 07:03:36.910 16668 16712 D androidtc: Initializing SystemTextClassifier, type = System
12-05 07:03:37.065   963   963 I ClipboardListener: Clipboard overlay suppressed.
12-05 07:03:37.065 16170 16190 I AiAiTranslate: C2T - not in a conversation
12-05 07:03:37.092   695  1220 D WifiNl80211Manager: Scan result ready event
12-05 07:03:37.093   695  1220 D WifiNative: Scan result ready event
12-05 07:03:37.094  5595  5851 I WifiScanner: onFullResults
12-05 07:03:37.095  5595  6228 I WifiScanner: onFullResults
12-05 07:03:37.096  5595  5795 I WifiScanner: onFullResults
12-05 07:03:37.097   695   865 I HalDevMgr: bestIfaceCreationProposal is null, requestIface=STA, existingIface=[name=wlan0 type=STA]
12-05 07:03:37.103  5595 14659 I FrewleTileCacheManagerV: (REDACTED) Fetched %d AP models from cache
12-05 07:03:37.107  5595  6207 I ActivityScheduler: nextTriggerTime: 4951961, in 97834ms, detectorType: 39, FULL_TYPE alarmWindowMillis: 1666
12-05 07:03:37.541  1015 17086 D android.hardware.gnss-service.ranchu: GnssHwListener:consume:87 sz=64
12-05 07:03:37.544  1015 17086 D android.hardware.gnss-service.ranchu: GnssHwListener:consume:87 sz=64
12-05 07:03:37.544  1015 17086 D android.hardware.gnss-service.ranchu: Gnss:onGnssLocationCb:311
12-05 07:03:37.544  1015 17086 D android.hardware.gnss-service.ranchu: Gnss:onGnssLocationCb:321
12-05 07:03:38.544  1015 17086 D android.hardware.gnss-service.ranchu: GnssHwListener:consume:87 sz=64
12-05 07:03:38.546  1015 17086 D android.hardware.gnss-service.ranchu: GnssHwListener:consume:87 sz=64
12-05 07:03:38.546  1015 17086 D android.hardware.gnss-service.ranchu: Gnss:onGnssLocationCb:311
12-05 07:03:38.546  1015 17086 D android.hardware.gnss-service.ranchu: Gnss:onGnssLocationCb:333
12-05 07:03:39.542  1015 17086 D android.hardware.gnss-service.ranchu: GnssHwListener:consume:87 sz=64
12-05 07:03:39.543  1015 17086 D android.hardware.gnss-service.ranchu: GnssHwListener:consume:87 sz=64
12-05 07:03:39.543  1015 17086 D android.hardware.gnss-service.ranchu: Gnss:onGnssLocationCb:311
12-05 07:03:39.543  1015 17086 D android.hardware.gnss-service.ranchu: Gnss:onGnssLocationCb:321
12-05 07:03:40.543  1015 17086 D android.hardware.gnss-service.ranchu: GnssHwListener:consume:87 sz=64
12-05 07:03:40.546  1015 17086 D android.hardware.gnss-service.ranchu: GnssHwListener:consume:87 sz=64
12-05 07:03:40.546  1015 17086 D android.hardware.gnss-service.ranchu: Gnss:onGnssLocationCb:311
12-05 07:03:40.546  1015 17086 D android.hardware.gnss-service.ranchu: Gnss:onGnssLocationCb:321
12-05 07:03:41.466  5595  6207 W Settings: Setting airplane_mode_on has moved from android.provider.Settings.System to android.provider.Settings.Global, returning read-only value.
12-05 07:03:41.469  5595 14659 W SystemServiceRegistry: No service published for: wifirtt
12-05 07:03:41.543  1015 17086 D android.hardware.gnss-service.ranchu: GnssHwListener:consume:87 sz=64
12-05 07:03:41.549  1015 17086 D android.hardware.gnss-service.ranchu: GnssHwListener:consume:87 sz=64
12-05 07:03:41.552  1015 17086 D android.hardware.gnss-service.ranchu: Gnss:onGnssLocationCb:311
12-05 07:03:41.553  1015 17086 D android.hardware.gnss-service.ranchu: Gnss:onGnssLocationCb:321
12-05 07:03:42.544  1015 17086 D android.hardware.gnss-service.ranchu: GnssHwListener:consume:87 sz=64
12-05 07:03:42.547  1015 17086 D android.hardware.gnss-service.ranchu: GnssHwListener:consume:87 sz=64
12-05 07:03:42.548  1015 17086 D android.hardware.gnss-service.ranchu: Gnss:onGnssLocationCb:311
12-05 07:03:42.548  1015 17086 D android.hardware.gnss-service.ranchu: Gnss:onGnssLocationCb:321
12-05 07:03:43.546  1015 17086 D android.hardware.gnss-service.ranchu: GnssHwListener:consume:87 sz=64
12-05 07:03:43.550  1015 17086 D android.hardware.gnss-service.ranchu: GnssHwListener:consume:87 sz=64
12-05 07:03:43.550  1015 17086 D android.hardware.gnss-service.ranchu: Gnss:onGnssLocationCb:311
12-05 07:03:43.550  1015 17086 D android.hardware.gnss-service.ranchu: Gnss:onGnssLocationCb:333
12-05 07:03:44.571  1015 17086 D android.hardware.gnss-service.ranchu: GnssHwListener:consume:87 sz=64
12-05 07:03:44.575  1015 17086 D android.hardware.gnss-service.ranchu: GnssHwListener:consume:87 sz=64
12-05 07:03:44.575  1015 17086 D android.hardware.gnss-service.ranchu: Gnss:onGnssLocationCb:311
12-05 07:03:44.575  1015 17086 D android.hardware.gnss-service.ranchu: Gnss:onGnssLocationCb:321
12-05 07:03:44.971  1073  1311 D SatelliteController: iisInCarrierRoamingNbIotNtn: satellite is disabled
12-05 07:03:45.316   695  1220 D WifiNl80211Manager: Scan result ready event
12-05 07:03:45.317   695  1220 D WifiNative: Scan result ready event
12-05 07:03:45.318  5595  6228 I WifiScanner: onFullResults
12-05 07:03:45.320  5595  6228 I WifiScanner: onFullResults
12-05 07:03:45.320  5595  6228 I WifiScanner: onFullResults
12-05 07:03:45.323   695   865 I HalDevMgr: bestIfaceCreationProposal is null, requestIface=STA, existingIface=[name=wlan0 type=STA]
12-05 07:03:45.326  5595 14659 I FrewleTileCacheManagerV: (REDACTED) Fetched %d AP models from cache
12-05 07:03:45.332  5595  6207 I ActivityScheduler: nextTriggerTime: 4951961, in 89608ms, detectorType: 39, FULL_TYPE alarmWindowMillis: 1666
12-05 07:03:45.548  1015 17086 D android.hardware.gnss-service.ranchu: GnssHwListener:consume:87 sz=64
12-05 07:03:45.551  1015 17086 D android.hardware.gnss-service.ranchu: GnssHwListener:consume:87 sz=64
12-05 07:03:45.551  1015 17086 D android.hardware.gnss-service.ranchu: Gnss:onGnssLocationCb:311
12-05 07:03:45.551  1015 17086 D android.hardware.gnss-service.ranchu: Gnss:onGnssLocationCb:321
12-05 07:03:46.548  1015 17086 D android.hardware.gnss-service.ranchu: GnssHwListener:consume:87 sz=64
12-05 07:03:46.551  1015 17086 D android.hardware.gnss-service.ranchu: GnssHwListener:consume:87 sz=64
12-05 07:03:46.551  1015 17086 D android.hardware.gnss-service.ranchu: Gnss:onGnssLocationCb:311
12-05 07:03:46.551  1015 17086 D android.hardware.gnss-service.ranchu: Gnss:onGnssLocationCb:321
12-05 07:03:46.746   695   930 D androidtc: Initializing SystemTextClassifier, type = System
12-05 07:03:46.747 16170 16170 I AiAiTextClassifier: onCreateTextClassificationSession = TextClassificationSessionId {703a9d29-4880-428d-bcd4-fa80c9416619}
12-05 07:03:46.750   963   963 I ClipboardListener: Clipboard overlay suppressed.
12-05 07:03:46.751 16170 16190 I AiAiTranslate: C2T - not in a conversation
12-05 07:03:46.772   963   963 I ClipboardListener: Clipboard overlay suppressed.
12-05 07:03:47.548  1015 17086 D android.hardware.gnss-service.ranchu: GnssHwListener:consume:87 sz=64
12-05 07:03:47.551  1015 17086 D android.hardware.gnss-service.ranchu: GnssHwListener:consume:87 sz=64
12-05 07:03:47.551  1015 17086 D android.hardware.gnss-service.ranchu: Gnss:onGnssLocationCb:311
12-05 07:03:47.551  1015 17086 D android.hardware.gnss-service.ranchu: Gnss:onGnssLocationCb:321
12-05 07:03:48.549  1015 17086 D android.hardware.gnss-service.ranchu: GnssHwListener:consume:87 sz=64
12-05 07:03:48.551  1015 17086 D android.hardware.gnss-service.ranchu: GnssHwListener:consume:87 sz=64
12-05 07:03:48.551  1015 17086 D android.hardware.gnss-service.ranchu: Gnss:onGnssLocationCb:311
12-05 07:03:48.551  1015 17086 D android.hardware.gnss-service.ranchu: Gnss:onGnssLocationCb:333
12-05 07:03:49.551  1015 17086 D android.hardware.gnss-service.ranchu: GnssHwListener:consume:87 sz=64
12-05 07:03:49.557  1015 17086 D android.hardware.gnss-service.ranchu: GnssHwListener:consume:87 sz=64
12-05 07:03:49.557  1015 17086 D android.hardware.gnss-service.ranchu: Gnss:onGnssLocationCb:311
12-05 07:03:49.557  1015 17086 D android.hardware.gnss-service.ranchu: Gnss:onGnssLocationCb:321
12-05 07:03:49.663  5595  6207 W Settings: Setting airplane_mode_on has moved from android.provider.Settings.System to android.provider.Settings.Global, returning read-only value.
12-05 07:03:49.667  5595 14659 W SystemServiceRegistry: No service published for: wifirtt
12-05 07:03:50.552  1015 17086 D android.hardware.gnss-service.ranchu: GnssHwListener:consume:87 sz=64
12-05 07:03:50.555  1015 17086 D android.hardware.gnss-service.ranchu: GnssHwListener:consume:87 sz=64
12-05 07:03:50.555  1015 17086 D android.hardware.gnss-service.ranchu: Gnss:onGnssLocationCb:311
12-05 07:03:50.555  1015 17086 D android.hardware.gnss-service.ranchu: Gnss:onGnssLocationCb:321
12-05 07:03:51.560  1015 17086 D android.hardware.gnss-service.ranchu: GnssHwListener:consume:87 sz=64
12-05 07:03:51.562  1015 17086 D android.hardware.gnss-service.ranchu: GnssHwListener:consume:87 sz=64
12-05 07:03:51.563  1015 17086 D android.hardware.gnss-service.ranchu: Gnss:onGnssLocationCb:311
12-05 07:03:51.563  1015 17086 D android.hardware.gnss-service.ranchu: Gnss:onGnssLocationCb:321
12-05 07:03:52.554  1015 17086 D android.hardware.gnss-service.ranchu: GnssHwListener:consume:87 sz=64
12-05 07:03:52.556  1015 17086 D android.hardware.gnss-service.ranchu: GnssHwListener:consume:87 sz=64
12-05 07:03:52.556  1015 17086 D android.hardware.gnss-service.ranchu: Gnss:onGnssLocationCb:311
12-05 07:03:52.556  1015 17086 D android.hardware.gnss-service.ranchu: Gnss:onGnssLocationCb:321
12-05 07:03:53.493   695  1780 D WifiNl80211Manager: Scan result ready event
12-05 07:03:53.493   695  1780 D WifiNative: Scan result ready event
12-05 07:03:53.495  5595  6161 I WifiScanner: onFullResults
12-05 07:03:53.495  5595  5795 I WifiScanner: onFullResults
12-05 07:03:53.495  5595  5851 I WifiScanner: onFullResults
12-05 07:03:53.498   695   865 I HalDevMgr: bestIfaceCreationProposal is null, requestIface=STA, existingIface=[name=wlan0 type=STA]
12-05 07:03:53.501  5595 14659 I FrewleTileCacheManagerV: (REDACTED) Fetched %d AP models from cache
12-05 07:03:53.503  5595  6207 I ActivityScheduler: nextTriggerTime: 4951961, in 81438ms, detectorType: 39, FULL_TYPE alarmWindowMillis: 1666
12-05 07:03:53.554  1015 17086 D android.hardware.gnss-service.ranchu: GnssHwListener:consume:87 sz=64
12-05 07:03:53.556  1015 17086 D android.hardware.gnss-service.ranchu: GnssHwListener:consume:87 sz=64
12-05 07:03:53.556  1015 17086 D android.hardware.gnss-service.ranchu: Gnss:onGnssLocationCb:311
12-05 07:03:53.556  1015 17086 D android.hardware.gnss-service.ranchu: Gnss:onGnssLocationCb:333
12-05 07:03:54.555  1015 17086 D android.hardware.gnss-service.ranchu: GnssHwListener:consume:87 sz=64
12-05 07:03:54.556  1015 17086 D android.hardware.gnss-service.ranchu: GnssHwListener:consume:87 sz=64
12-05 07:03:54.556  1015 17086 D android.hardware.gnss-service.ranchu: Gnss:onGnssLocationCb:311
12-05 07:03:54.556  1015 17086 D android.hardware.gnss-service.ranchu: Gnss:onGnssLocationCb:321
12-05 07:03:54.972  1073  1311 D SatelliteController: iisInCarrierRoamingNbIotNtn: satellite is disabled
12-05 07:03:55.555  1015 17086 D android.hardware.gnss-service.ranchu: GnssHwListener:consume:87 sz=64
12-05 07:03:55.557  1015 17086 D android.hardware.gnss-service.ranchu: GnssHwListener:consume:87 sz=64
12-05 07:03:55.557  1015 17086 D android.hardware.gnss-service.ranchu: Gnss:onGnssLocationCb:311
12-05 07:03:55.557  1015 17086 D android.hardware.gnss-service.ranchu: Gnss:onGnssLocationCb:321
12-05 07:03:56.555  1015 17086 D android.hardware.gnss-service.ranchu: GnssHwListener:consume:87 sz=64
12-05 07:03:56.557  1015 17086 D android.hardware.gnss-service.ranchu: GnssHwListener:consume:87 sz=64
12-05 07:03:56.557  1015 17086 D android.hardware.gnss-service.ranchu: Gnss:onGnssLocationCb:311
12-05 07:03:56.557  1015 17086 D android.hardware.gnss-service.ranchu: Gnss:onGnssLocationCb:321
12-05 07:03:57.558  1015 17086 D android.hardware.gnss-service.ranchu: GnssHwListener:consume:87 sz=64
12-05 07:03:57.561  1015 17086 D android.hardware.gnss-service.ranchu: GnssHwListener:consume:87 sz=64
12-05 07:03:57.561  1015 17086 D android.hardware.gnss-service.ranchu: Gnss:onGnssLocationCb:311
12-05 07:03:57.561  1015 17086 D android.hardware.gnss-service.ranchu: Gnss:onGnssLocationCb:321
12-05 07:03:57.856  5595  6207 W Settings: Setting airplane_mode_on has moved from android.provider.Settings.System to android.provider.Settings.Global, returning read-only value.
12-05 07:03:57.858  5595 17165 W SystemServiceRegistry: No service published for: wifirtt
12-05 07:03:58.557  1015 17086 D android.hardware.gnss-service.ranchu: GnssHwListener:consume:87 sz=64
12-05 07:03:58.559  1015 17086 D android.hardware.gnss-service.ranchu: GnssHwListener:consume:87 sz=64
12-05 07:03:58.559  1015 17086 D android.hardware.gnss-service.ranchu: Gnss:onGnssLocationCb:311
12-05 07:03:58.559  1015 17086 D android.hardware.gnss-service.ranchu: Gnss:onGnssLocationCb:333
12-05 07:03:59.560  1015 17086 D android.hardware.gnss-service.ranchu: GnssHwListener:consume:87 sz=64
12-05 07:03:59.562  1015 17086 D android.hardware.gnss-service.ranchu: GnssHwListener:consume:87 sz=64
12-05 07:03:59.562  1015 17086 D android.hardware.gnss-service.ranchu: Gnss:onGnssLocationCb:311
12-05 07:03:59.562  1015 17086 D android.hardware.gnss-service.ranchu: Gnss:onGnssLocationCb:321
12-05 07:04:00.558  1015 17086 D android.hardware.gnss-service.ranchu: GnssHwListener:consume:87 sz=64
12-05 07:04:00.561  1015 17086 D android.hardware.gnss-service.ranchu: GnssHwListener:consume:87 sz=64
12-05 07:04:00.561  1015 17086 D android.hardware.gnss-service.ranchu: Gnss:onGnssLocationCb:311
12-05 07:04:00.561  1015 17086 D android.hardware.gnss-service.ranchu: Gnss:onGnssLocationCb:321
12-05 07:04:01.558  1015 17086 D android.hardware.gnss-service.ranchu: GnssHwListener:consume:87 sz=64
12-05 07:04:01.560  1015 17086 D android.hardware.gnss-service.ranchu: GnssHwListener:consume:87 sz=64
12-05 07:04:01.560  1015 17086 D android.hardware.gnss-service.ranchu: Gnss:onGnssLocationCb:311
12-05 07:04:01.560  1015 17086 D android.hardware.gnss-service.ranchu: Gnss:onGnssLocationCb:321
12-05 07:04:01.673   695  1803 D WifiNl80211Manager: Scan result ready event
12-05 07:04:01.673   695  1803 D WifiNative: Scan result ready event
12-05 07:04:01.674  5595  5791 I WifiScanner: onFullResults
12-05 07:04:01.675  5595  5791 I WifiScanner: onFullResults
12-05 07:04:01.677  5595  5855 I WifiScanner: onFullResults
12-05 07:04:01.678   695   865 I HalDevMgr: bestIfaceCreationProposal is null, requestIface=STA, existingIface=[name=wlan0 type=STA]
12-05 07:04:01.682  5595 17165 I FrewleTileCacheManagerV: (REDACTED) Fetched %d AP models from cache
12-05 07:04:01.683  5595  6207 I ActivityScheduler: nextTriggerTime: 4951961, in 73258ms, detectorType: 39, FULL_TYPE alarmWindowMillis: 1666
12-05 07:04:02.559  1015 17086 D android.hardware.gnss-service.ranchu: GnssHwListener:consume:87 sz=64
12-05 07:04:02.562  1015 17086 D android.hardware.gnss-service.ranchu: GnssHwListener:consume:87 sz=64
12-05 07:04:02.562  1015 17086 D android.hardware.gnss-service.ranchu: Gnss:onGnssLocationCb:311
12-05 07:04:02.562  1015 17086 D android.hardware.gnss-service.ranchu: Gnss:onGnssLocationCb:321
12-05 07:04:03.561  1015 17086 D android.hardware.gnss-service.ranchu: GnssHwListener:consume:87 sz=64
12-05 07:04:03.562  1015 17086 D android.hardware.gnss-service.ranchu: GnssHwListener:consume:87 sz=64
12-05 07:04:03.562  1015 17086 D android.hardware.gnss-service.ranchu: Gnss:onGnssLocationCb:311
12-05 07:04:03.562  1015 17086 D android.hardware.gnss-service.ranchu: Gnss:onGnssLocationCb:333
12-05 07:04:04.562  1015 17086 D android.hardware.gnss-service.ranchu: GnssHwListener:consume:87 sz=64
12-05 07:04:04.565  1015 17086 D android.hardware.gnss-service.ranchu: GnssHwListener:consume:87 sz=64
12-05 07:04:04.565  1015 17086 D android.hardware.gnss-service.ranchu: Gnss:onGnssLocationCb:311
12-05 07:04:04.565  1015 17086 D android.hardware.gnss-service.ranchu: Gnss:onGnssLocationCb:321
12-05 07:04:04.972  1073  1311 D SatelliteController: iisInCarrierRoamingNbIotNtn: satellite is disabled
12-05 07:04:05.562  1015 17086 D android.hardware.gnss-service.ranchu: GnssHwListener:consume:87 sz=64
12-05 07:04:05.564  1015 17086 D android.hardware.gnss-service.ranchu: GnssHwListener:consume:87 sz=64
12-05 07:04:05.564  1015 17086 D android.hardware.gnss-service.ranchu: Gnss:onGnssLocationCb:311
12-05 07:04:05.564  1015 17086 D android.hardware.gnss-service.ranchu: Gnss:onGnssLocationCb:321
12-05 07:04:06.051  5595  6207 W Settings: Setting airplane_mode_on has moved from android.provider.Settings.System to android.provider.Settings.Global, returning read-only value.
12-05 07:04:06.054  5595 17165 W SystemServiceRegistry: No service published for: wifirtt
12-05 07:04:06.564  1015 17086 D android.hardware.gnss-service.ranchu: GnssHwListener:consume:87 sz=64
12-05 07:04:06.566  1015 17086 D android.hardware.gnss-service.ranchu: GnssHwListener:consume:87 sz=64
12-05 07:04:06.566  1015 17086 D android.hardware.gnss-service.ranchu: Gnss:onGnssLocationCb:311
12-05 07:04:06.566  1015 17086 D android.hardware.gnss-service.ranchu: Gnss:onGnssLocationCb:321
12-05 07:04:07.564  1015 17086 D android.hardware.gnss-service.ranchu: GnssHwListener:consume:87 sz=64
12-05 07:04:07.567  1015 17086 D android.hardware.gnss-service.ranchu: GnssHwListener:consume:87 sz=64
12-05 07:04:07.567  1015 17086 D android.hardware.gnss-service.ranchu: Gnss:onGnssLocationCb:311
12-05 07:04:07.567  1015 17086 D android.hardware.gnss-service.ranchu: Gnss:onGnssLocationCb:321
12-05 07:04:07.923   695   930 D androidtc: Initializing SystemTextClassifier, type = System
12-05 07:04:07.925 16170 16170 I AiAiTextClassifier: onCreateTextClassificationSession = TextClassificationSessionId {7e97906a-8a2b-4fe9-9170-a5b5edbe455b}
12-05 07:04:07.927   963   963 I ClipboardListener: Clipboard overlay suppressed.
12-05 07:04:07.929 16170 16190 I AiAiTranslate: C2T - not in a conversation
12-05 07:04:07.930 16170 16194 I AiAiTextClassifier: GenerateLinks did not find valid links, returning empty result
12-05 07:04:07.933   963   963 I ClipboardListener: Clipboard overlay suppressed.
12-05 07:04:07.935 16170 16194 I AiAiTextClassifier: GenerateLinks did not find valid links, returning empty result
12-05 07:04:08.565  1015 17086 D android.hardware.gnss-service.ranchu: GnssHwListener:consume:87 sz=64
12-05 07:04:08.566  1015 17086 D android.hardware.gnss-service.ranchu: GnssHwListener:consume:87 sz=64
12-05 07:04:08.566  1015 17086 D android.hardware.gnss-service.ranchu: Gnss:onGnssLocationCb:311
12-05 07:04:08.566  1015 17086 D android.hardware.gnss-service.ranchu: Gnss:onGnssLocationCb:333
12-05 07:04:09.200   695   778 W PackageManager: Not removing package com.google.android.trichromelibrary hosting lib com.google.android.trichromelibrary version 733920738 used by [VersionedPackage[com.google.android.webview/733920738]] for user 0
12-05 07:04:09.200   695   778 W PackageManager: Not removing package com.google.android.trichromelibrary hosting lib com.google.android.trichromelibrary version 744417138 used by [VersionedPackage[com.android.chrome/744417138]] for user 0
12-05 07:04:09.566  1015 17086 D android.hardware.gnss-service.ranchu: GnssHwListener:consume:87 sz=64
12-05 07:04:09.568  1015 17086 D android.hardware.gnss-service.ranchu: GnssHwListener:consume:87 sz=64
12-05 07:04:09.568  1015 17086 D android.hardware.gnss-service.ranchu: Gnss:onGnssLocationCb:311
12-05 07:04:09.568  1015 17086 D android.hardware.gnss-service.ranchu: Gnss:onGnssLocationCb:321
12-05 07:04:09.861   695  1220 D WifiNl80211Manager: Scan result ready event
12-05 07:04:09.861   695  1220 D WifiNative: Scan result ready event
12-05 07:04:09.863  5595  6228 I WifiScanner: onFullResults
12-05 07:04:09.863  5595  5791 I WifiScanner: onFullResults
12-05 07:04:09.863  5595  5851 I WifiScanner: onFullResults
12-05 07:04:09.865   695   865 I HalDevMgr: bestIfaceCreationProposal is null, requestIface=STA, existingIface=[name=wlan0 type=STA]
12-05 07:04:09.869  5595 17165 I FrewleTileCacheManagerV: (REDACTED) Fetched %d AP models from cache
12-05 07:04:09.871  5595  6207 I ActivityScheduler: nextTriggerTime: 4951961, in 65069ms, detectorType: 39, FULL_TYPE alarmWindowMillis: 1666
12-05 07:04:10.567  1015 17086 D android.hardware.gnss-service.ranchu: GnssHwListener:consume:87 sz=64
12-05 07:04:10.570  1015 17086 D android.hardware.gnss-service.ranchu: GnssHwListener:consume:87 sz=64
12-05 07:04:10.570  1015 17086 D android.hardware.gnss-service.ranchu: Gnss:onGnssLocationCb:311
12-05 07:04:10.570  1015 17086 D android.hardware.gnss-service.ranchu: Gnss:onGnssLocationCb:321
12-05 07:04:11.567  1015 17086 D android.hardware.gnss-service.ranchu: GnssHwListener:consume:87 sz=64
12-05 07:04:11.572  1015 17086 D android.hardware.gnss-service.ranchu: GnssHwListener:consume:87 sz=64
12-05 07:04:11.572  1015 17086 D android.hardware.gnss-service.ranchu: Gnss:onGnssLocationCb:311
12-05 07:04:11.572  1015 17086 D android.hardware.gnss-service.ranchu: Gnss:onGnssLocationCb:321
12-05 07:04:12.569  1015 17086 D android.hardware.gnss-service.ranchu: GnssHwListener:consume:87 sz=64
12-05 07:04:12.572  1015 17086 D android.hardware.gnss-service.ranchu: GnssHwListener:consume:87 sz=64
12-05 07:04:12.572  1015 17086 D android.hardware.gnss-service.ranchu: Gnss:onGnssLocationCb:311
12-05 07:04:12.572  1015 17086 D android.hardware.gnss-service.ranchu: Gnss:onGnssLocationCb:321
12-05 07:04:13.569  1015 17086 D android.hardware.gnss-service.ranchu: GnssHwListener:consume:87 sz=64
12-05 07:04:13.572  1015 17086 D android.hardware.gnss-service.ranchu: GnssHwListener:consume:87 sz=64
12-05 07:04:13.572  1015 17086 D android.hardware.gnss-service.ranchu: Gnss:onGnssLocationCb:311
12-05 07:04:13.572  1015 17086 D android.hardware.gnss-service.ranchu: Gnss:onGnssLocationCb:333
12-05 07:04:14.243  5595  6207 W Settings: Setting airplane_mode_on has moved from android.provider.Settings.System to android.provider.Settings.Global, returning read-only value.
12-05 07:04:14.246  5595 17169 W SystemServiceRegistry: No service published for: wifirtt
12-05 07:04:14.569  1015 17086 D android.hardware.gnss-service.ranchu: GnssHwListener:consume:87 sz=64
12-05 07:04:14.574  1015 17086 D android.hardware.gnss-service.ranchu: GnssHwListener:consume:87 sz=64
12-05 07:04:14.574  1015 17086 D android.hardware.gnss-service.ranchu: Gnss:onGnssLocationCb:311
12-05 07:04:14.574  1015 17086 D android.hardware.gnss-service.ranchu: Gnss:onGnssLocationCb:321
12-05 07:04:14.974  1073  1311 D SatelliteController: iisInCarrierRoamingNbIotNtn: satellite is disabled
12-05 07:04:15.571  1015 17086 D android.hardware.gnss-service.ranchu: GnssHwListener:consume:87 sz=64
12-05 07:04:15.574  1015 17086 D android.hardware.gnss-service.ranchu: GnssHwListener:consume:87 sz=64
12-05 07:04:15.574  1015 17086 D android.hardware.gnss-service.ranchu: Gnss:onGnssLocationCb:311
12-05 07:04:15.574  1015 17086 D android.hardware.gnss-service.ranchu: Gnss:onGnssLocationCb:321
12-05 07:04:15.944 16980 17182 I m140.buq: Request m140.jam failed with Status bzb{errorCode=REQUEST_TIMEOUT, description=last attempt state: REQUIREMENT_START, cause=m140.hcg: m140.hlv: Timed out: m140.hjf@ad044bb[status=PENDING, info=[inputFuture=[m140.hjg@3406dd8[status=PENDING, info=[inputFuture=[m140.hju@f6c531[status=PENDING, info=[futures=[m140.hlr@37c7493[status=SUCCESS, result=[m140.bys@4349cd0]], m140.hkx@e0d1416[status=SUCCESS, result=[{connectivity, true}]], m140.hks@6b47197[status=PENDING, info=[delegate=[m140.hlr@91e7485[status=PENDING]]]]]]]], function=[m140.byg@73a8f84]]]], function=[m140.buh@fc1836d]]]
12-05 07:04:15.944 16980 17182 I m140.buq: 	at m140.hcn.a(:com.google.android.gms.policy_maps_core_dynamite@253425407@253425402032.797495247.797495247:189)
12-05 07:04:15.944 16980 17182 I m140.buq: 	at m140.hiw.d(:com.google.android.gms.policy_maps_core_dynamite@253425407@253425402032.797495247.797495247:3)
12-05 07:04:15.944 16980 17182 I m140.buq: 	at m140.hiy.run(:com.google.android.gms.policy_maps_core_dynamite@253425407@253425402032.797495247.797495247:130)
12-05 07:04:15.944 16980 17182 I m140.buq: 	at java.util.concurrent.Executors$RunnableAdapter.call(Executors.java:524)
12-05 07:04:15.944 16980 17182 I m140.buq: 	at m140.bpp$a.run(:com.google.android.gms.policy_maps_core_dynamite@253425407@253425402032.797495247.797495247:23)
12-05 07:04:15.944 16980 17182 I m140.buq: 	at java.util.concurrent.ThreadPoolExecutor.runWorker(ThreadPoolExecutor.java:1156)
12-05 07:04:15.944 16980 17182 I m140.buq: 	at java.util.concurrent.ThreadPoolExecutor$Worker.run(ThreadPoolExecutor.java:651)
12-05 07:04:15.944 16980 17182 I m140.buq: 	at m140.bqe.run(:com.google.android.gms.policy_maps_core_dynamite@253425407@253425402032.797495247.797495247:40)
12-05 07:04:15.944 16980 17182 I m140.buq: 	at java.lang.Thread.run(Thread.java:1119)
12-05 07:04:15.944 16980 17182 I m140.buq: Caused by: m140.hlv: Timed out: m140.hjf@ad044bb[status=PENDING, info=[inputFuture=[m140.hjg@3406dd8[status=PENDING, info=[inputFuture=[m140.hju@f6c531[status=PENDING, info=[futures=[m140.hlr@37c7493[status=SUCCESS, result=[m140.bys@4349cd0]], m140.hkx@e0d1416[status=SUCCESS, result=[{connectivity, true}]], m140.hks@6b47197[status=PENDING, info=[delegate=[m140.hlr@91e7485[status=PENDING]]]]]]]], function=[m140.byg@73a8f84]]]], function=[m140.buh@fc1836d]]]
12-05 07:04:15.944 16980 17182 I m140.buq: , errorDetails=} , attempts 2
12-05 07:04:15.944 16980 17182 W m140.bnv: Failed client parameters RPC response.  failure=bzb{errorCode=REQUEST_TIMEOUT, description=last attempt state: REQUIREMENT_START, cause=m140.hcg: m140.hlv: Timed out: m140.hjf@ad044bb[status=PENDING, info=[inputFuture=[m140.hjg@3406dd8[status=PENDING, info=[inputFuture=[m140.hju@f6c531[status=PENDING, info=[futures=[m140.hlr@37c7493[status=SUCCESS, result=[m140.bys@4349cd0]], m140.hkx@e0d1416[status=SUCCESS, result=[{connectivity, true}]], m140.hks@6b47197[status=PENDING, info=[delegate=[m140.hlr@91e7485[status=PENDING]]]]]]]], function=[m140.byg@73a8f84]]]], function=[m140.buh@fc1836d]]]
12-05 07:04:15.944 16980 17182 W m140.bnv: 	at m140.hcn.a(:com.google.android.gms.policy_maps_core_dynamite@253425407@253425402032.797495247.797495247:189)
12-05 07:04:15.944 16980 17182 W m140.bnv: 	at m140.hiw.d(:com.google.android.gms.policy_maps_core_dynamite@253425407@253425402032.797495247.797495247:3)
12-05 07:04:15.944 16980 17182 W m140.bnv: 	at m140.hiy.run(:com.google.android.gms.policy_maps_core_dynamite@253425407@253425402032.797495247.797495247:130)
12-05 07:04:15.944 16980 17182 W m140.bnv: 	at java.util.concurrent.Executors$RunnableAdapter.call(Executors.java:524)
12-05 07:04:15.944 16980 17182 W m140.bnv: 	at m140.bpp$a.run(:com.google.android.gms.policy_maps_core_dynamite@253425407@253425402032.797495247.797495247:23)
12-05 07:04:15.944 16980 17182 W m140.bnv: 	at java.util.concurrent.ThreadPoolExecutor.runWorker(ThreadPoolExecutor.java:1156)
12-05 07:04:15.944 16980 17182 W m140.bnv: 	at java.util.concurrent.ThreadPoolExecutor$Worker.run(ThreadPoolExecutor.java:651)
12-05 07:04:15.944 16980 17182 W m140.bnv: 	at m140.bqe.run(:com.google.android.gms.policy_maps_core_dynamite@253425407@253425402032.797495247.797495247:40)
12-05 07:04:15.944 16980 17182 W m140.bnv: 	at java.lang.Thread.run(Thread.java:1119)
12-05 07:04:15.944 16980 17182 W m140.bnv: Caused by: m140.hlv: Timed out: m140.hjf@ad044bb[status=PENDING, info=[inputFuture=[m140.hjg@3406dd8[status=PENDING, info=[inputFuture=[m140.hju@f6c531[status=PENDING, info=[futures=[m140.hlr@37c7493[status=SUCCESS, result=[m140.bys@4349cd0]], m140.hkx@e0d1416[status=SUCCESS, result=[{connectivity, true}]], m140.hks@6b47197[status=PENDING, info=[delegate=[m140.hlr@91e7485[status=PENDING]]]]]]]], function=[m140.byg@73a8f84]]]], function=[m140.buh@fc1836d]]]
12-05 07:04:15.944 16980 17182 W m140.bnv: , errorDetails=}
12-05 07:04:15.944 16980 17182 I m140.boj: Got failed parameters response!
12-05 07:04:15.944 16980 17182 W m140.boj: Failed to get a successful parameters response, bzb{errorCode=REQUEST_TIMEOUT, description=last attempt state: REQUIREMENT_START, cause=m140.hcg: m140.hlv: Timed out: m140.hjf@ad044bb[status=PENDING, info=[inputFuture=[m140.hjg@3406dd8[status=PENDING, info=[inputFuture=[m140.hju@f6c531[status=PENDING, info=[futures=[m140.hlr@37c7493[status=SUCCESS, result=[m140.bys@4349cd0]], m140.hkx@e0d1416[status=SUCCESS, result=[{connectivity, true}]], m140.hks@6b47197[status=PENDING, info=[delegate=[m140.hlr@91e7485[status=PENDING]]]]]]]], function=[m140.byg@73a8f84]]]], function=[m140.buh@fc1836d]]]
12-05 07:04:15.944 16980 17182 W m140.boj: 	at m140.hcn.a(:com.google.android.gms.policy_maps_core_dynamite@253425407@253425402032.797495247.797495247:189)
12-05 07:04:15.944 16980 17182 W m140.boj: 	at m140.hiw.d(:com.google.android.gms.policy_maps_core_dynamite@253425407@253425402032.797495247.797495247:3)
12-05 07:04:15.944 16980 17182 W m140.boj: 	at m140.hiy.run(:com.google.android.gms.policy_maps_core_dynamite@253425407@253425402032.797495247.797495247:130)
12-05 07:04:15.944 16980 17182 W m140.boj: 	at java.util.concurrent.Executors$RunnableAdapter.call(Executors.java:524)
12-05 07:04:15.944 16980 17182 W m140.boj: 	at m140.bpp$a.run(:com.google.android.gms.policy_maps_core_dynamite@253425407@253425402032.797495247.797495247:23)
12-05 07:04:15.944 16980 17182 W m140.boj: 	at java.util.concurrent.ThreadPoolExecutor.runWorker(ThreadPoolExecutor.java:1156)
12-05 07:04:15.944 16980 17182 W m140.boj: 	at java.util.concurrent.ThreadPoolExecutor$Worker.run(ThreadPoolExecutor.java:651)
12-05 07:04:15.944 16980 17182 W m140.boj: 	at m140.bqe.run(:com.google.android.gms.policy_maps_core_dynamite@253425407@253425402032.797495247.797495247:40)
12-05 07:04:15.944 16980 17182 W m140.boj: 	at java.lang.Thread.run(Thread.java:1119)
12-05 07:04:15.944 16980 17182 W m140.boj: Caused by: m140.hlv: Timed out: m140.hjf@ad044bb[status=PENDING, info=[inputFuture=[m140.hjg@3406dd8[status=PENDING, info=[inputFuture=[m140.hju@f6c531[status=PENDING, info=[futures=[m140.hlr@37c7493[status=SUCCESS, result=[m140.bys@4349cd0]], m140.hkx@e0d1416[status=SUCCESS, result=[{connectivity, true}]], m140.hks@6b47197[status=PENDING, info=[delegate=[m140.hlr@91e7485[status=PENDING]]]]]]]], function=[m140.byg@73a8f84]]]], function=[m140.buh@fc1836d]]]
12-05 07:04:15.944 16980 17182 W m140.boj: , errorDetails=}
12-05 07:04:15.944 16980 17182 W m140.boj: m140.hcg: m140.hlv: Timed out: m140.hjf@ad044bb[status=PENDING, info=[inputFuture=[m140.hjg@3406dd8[status=PENDING, info=[inputFuture=[m140.hju@f6c531[status=PENDING, info=[futures=[m140.hlr@37c7493[status=SUCCESS, result=[m140.bys@4349cd0]], m140.hkx@e0d1416[status=SUCCESS, result=[{connectivity, true}]], m140.hks@6b47197[status=PENDING, info=[delegate=[m140.hlr@91e7485[status=PENDING]]]]]]]], function=[m140.byg@73a8f84]]]], function=[m140.buh@fc1836d]]]
12-05 07:04:15.944 16980 17182 W m140.boj: 	at m140.hcn.a(:com.google.android.gms.policy_maps_core_dynamite@253425407@253425402032.797495247.797495247:189)
12-05 07:04:15.944 16980 17182 W m140.boj: 	at m140.hiw.d(:com.google.android.gms.policy_maps_core_dynamite@253425407@253425402032.797495247.797495247:3)
12-05 07:04:15.944 16980 17182 W m140.boj: 	at m140.hiy.run(:com.google.android.gms.policy_maps_core_dynamite@253425407@253425402032.797495247.797495247:130)
12-05 07:04:15.944 16980 17182 W m140.boj: 	at java.util.concurrent.Executors$RunnableAdapter.call(Executors.java:524)
12-05 07:04:15.944 16980 17182 W m140.boj: 	at m140.bpp$a.run(:com.google.android.gms.policy_maps_core_dynamite@253425407@253425402032.797495247.797495247:23)
12-05 07:04:15.944 16980 17182 W m140.boj: 	at java.util.concurrent.ThreadPoolExecutor.runWorker(ThreadPoolExecutor.java:1156)
12-05 07:04:15.944 16980 17182 W m140.boj: 	at java.util.concurrent.ThreadPoolExecutor$Worker.run(ThreadPoolExecutor.java:651)
12-05 07:04:15.944 16980 17182 W m140.boj: 	at m140.bqe.run(:com.google.android.gms.policy_maps_core_dynamite@253425407@253425402032.797495247.797495247:40)
12-05 07:04:15.944 16980 17182 W m140.boj: 	at java.lang.Thread.run(Thread.java:1119)
12-05 07:04:15.944 16980 17182 W m140.boj: Caused by: m140.hlv: Timed out: m140.hjf@ad044bb[status=PENDING, info=[inputFuture=[m140.hjg@3406dd8[status=PENDING, info=[inputFuture=[m140.hju@f6c531[status=PENDING, info=[futures=[m140.hlr@37c7493[status=SUCCESS, result=[m140.bys@4349cd0]], m140.hkx@e0d1416[status=SUCCESS, result=[{connectivity, true}]], m140.hks@6b47197[status=PENDING, info=[delegate=[m140.hlr@91e7485[status=PENDING]]]]]]]], function=[m140.byg@73a8f84]]]], function=[m140.buh@fc1836d]]]
12-05 07:04:15.944 16980 17182 I m140.boj: P/H: Scheduling next update in 10.000000 seconds: retry
12-05 07:04:16.576  1015 17086 D android.hardware.gnss-service.ranchu: GnssHwListener:consume:87 sz=64
12-05 07:04:16.578  1015 17086 D android.hardware.gnss-service.ranchu: GnssHwListener:consume:87 sz=64
12-05 07:04:16.578  1015 17086 D android.hardware.gnss-service.ranchu: Gnss:onGnssLocationCb:311
12-05 07:04:16.578  1015 17086 D android.hardware.gnss-service.ranchu: Gnss:onGnssLocationCb:321
12-05 07:04:17.572  1015 17086 D android.hardware.gnss-service.ranchu: GnssHwListener:consume:87 sz=64
12-05 07:04:17.574  1015 17086 D android.hardware.gnss-service.ranchu: GnssHwListener:consume:87 sz=64
12-05 07:04:17.574  1015 17086 D android.hardware.gnss-service.ranchu: Gnss:onGnssLocationCb:311
12-05 07:04:17.574  1015 17086 D android.hardware.gnss-service.ranchu: Gnss:onGnssLocationCb:321
12-05 07:04:18.070   695  1766 D WifiNl80211Manager: Scan result ready event
12-05 07:04:18.070   695  1766 D WifiNative: Scan result ready event
12-05 07:04:18.074  5595  5855 I WifiScanner: onFullResults
12-05 07:04:18.074  5595  6228 I WifiScanner: onFullResults
12-05 07:04:18.075  5595  5851 I WifiScanner: onFullResults
12-05 07:04:18.077   695   865 I HalDevMgr: bestIfaceCreationProposal is null, requestIface=STA, existingIface=[name=wlan0 type=STA]
12-05 07:04:18.080  5595 17169 I FrewleTileCacheManagerV: (REDACTED) Fetched %d AP models from cache
12-05 07:04:18.082  5595  6207 I ActivityScheduler: nextTriggerTime: 4951961, in 56859ms, detectorType: 39, FULL_TYPE alarmWindowMillis: 1666
12-05 07:04:18.572  1015 17086 D android.hardware.gnss-service.ranchu: GnssHwListener:consume:87 sz=64
12-05 07:04:18.574  1015 17086 D android.hardware.gnss-service.ranchu: GnssHwListener:consume:87 sz=64
12-05 07:04:18.574  1015 17086 D android.hardware.gnss-service.ranchu: Gnss:onGnssLocationCb:311
12-05 07:04:18.574  1015 17086 D android.hardware.gnss-service.ranchu: Gnss:onGnssLocationCb:333
12-05 07:04:19.575  1015 17086 D android.hardware.gnss-service.ranchu: GnssHwListener:consume:87 sz=64
12-05 07:04:19.578  1015 17086 D android.hardware.gnss-service.ranchu: GnssHwListener:consume:87 sz=64
12-05 07:04:19.578  1015 17086 D android.hardware.gnss-service.ranchu: Gnss:onGnssLocationCb:311
12-05 07:04:19.578  1015 17086 D android.hardware.gnss-service.ranchu: Gnss:onGnssLocationCb:321
12-05 07:04:20.573  1015 17086 D android.hardware.gnss-service.ranchu: GnssHwListener:consume:87 sz=64
12-05 07:04:20.576  1015 17086 D android.hardware.gnss-service.ranchu: GnssHwListener:consume:87 sz=64
12-05 07:04:20.576  1015 17086 D android.hardware.gnss-service.ranchu: Gnss:onGnssLocationCb:311
12-05 07:04:20.576  1015 17086 D android.hardware.gnss-service.ranchu: Gnss:onGnssLocationCb:321
12-05 07:04:21.573  1015 17086 D android.hardware.gnss-service.ranchu: GnssHwListener:consume:87 sz=64
12-05 07:04:21.576  1015 17086 D android.hardware.gnss-service.ranchu: GnssHwListener:consume:87 sz=64
12-05 07:04:21.577  1015 17086 D android.hardware.gnss-service.ranchu: Gnss:onGnssLocationCb:311
12-05 07:04:21.577  1015 17086 D android.hardware.gnss-service.ranchu: Gnss:onGnssLocationCb:321
12-05 07:04:22.438  5595  6207 W Settings: Setting airplane_mode_on has moved from android.provider.Settings.System to android.provider.Settings.Global, returning read-only value.
12-05 07:04:22.441  5595 17169 W SystemServiceRegistry: No service published for: wifirtt
12-05 07:04:22.576  1015 17086 D android.hardware.gnss-service.ranchu: GnssHwListener:consume:87 sz=64
12-05 07:04:22.578  1015 17086 D android.hardware.gnss-service.ranchu: GnssHwListener:consume:87 sz=64
12-05 07:04:22.578  1015 17086 D android.hardware.gnss-service.ranchu: Gnss:onGnssLocationCb:311
12-05 07:04:22.578  1015 17086 D android.hardware.gnss-service.ranchu: Gnss:onGnssLocationCb:321
12-05 07:04:23.576  1015 17086 D android.hardware.gnss-service.ranchu: GnssHwListener:consume:87 sz=64
12-05 07:04:23.578  1015 17086 D android.hardware.gnss-service.ranchu: GnssHwListener:consume:87 sz=64
12-05 07:04:23.578  1015 17086 D android.hardware.gnss-service.ranchu: Gnss:onGnssLocationCb:311
12-05 07:04:23.578  1015 17086 D android.hardware.gnss-service.ranchu: Gnss:onGnssLocationCb:333
12-05 07:04:24.577  1015 17086 D android.hardware.gnss-service.ranchu: GnssHwListener:consume:87 sz=64
12-05 07:04:24.579  1015 17086 D android.hardware.gnss-service.ranchu: GnssHwListener:consume:87 sz=64
12-05 07:04:24.579  1015 17086 D android.hardware.gnss-service.ranchu: Gnss:onGnssLocationCb:311
12-05 07:04:24.579  1015 17086 D android.hardware.gnss-service.ranchu: Gnss:onGnssLocationCb:321
12-05 07:04:24.974  1073  1311 D SatelliteController: iisInCarrierRoamingNbIotNtn: satellite is disabled
12-05 07:04:25.576  1015 17086 D android.hardware.gnss-service.ranchu: GnssHwListener:consume:87 sz=64
12-05 07:04:25.577  1015 17086 D android.hardware.gnss-service.ranchu: GnssHwListener:consume:87 sz=64
12-05 07:04:25.577  1015 17086 D android.hardware.gnss-service.ranchu: Gnss:onGnssLocationCb:311
12-05 07:04:25.577  1015 17086 D android.hardware.gnss-service.ranchu: Gnss:onGnssLocationCb:321
12-05 07:04:25.977 16980 17184 I m140.boj: P/H: Running update task for account Account {name=signedout@, type=com.google.android.apps.maps} , locale en_US
12-05 07:04:25.977 16980 17184 I m140.boj: P/H: Running update task via GWS.
12-05 07:04:25.978 16980 17184 I m140.cba: Requested experimentIds= []
12-05 07:04:25.978 16980 17184 I m140.bnv: Fetching new client parameters: Account {name=signedout@, type=com.google.android.apps.maps}  en_US
12-05 07:04:26.266   695  1220 D WifiNl80211Manager: Scan result ready event
12-05 07:04:26.266   695  1220 D WifiNative: Scan result ready event
12-05 07:04:26.269  5595  5791 I WifiScanner: onFullResults
12-05 07:04:26.269  5595  5851 I WifiScanner: onFullResults
12-05 07:04:26.270  5595  6228 I WifiScanner: onFullResults
12-05 07:04:26.278   695   865 I HalDevMgr: bestIfaceCreationProposal is null, requestIface=STA, existingIface=[name=wlan0 type=STA]
12-05 07:04:26.289  5595 17169 I FrewleTileCacheManagerV: (REDACTED) Fetched %d AP models from cache
12-05 07:04:26.294  5595  6207 I ActivityScheduler: nextTriggerTime: 4951961, in 48647ms, detectorType: 39, FULL_TYPE alarmWindowMillis: 1666
12-05 07:04:26.586  1015 17086 D android.hardware.gnss-service.ranchu: GnssHwListener:consume:87 sz=64
12-05 07:04:26.591  1015 17086 D android.hardware.gnss-service.ranchu: GnssHwListener:consume:87 sz=64
12-05 07:04:26.591  1015 17086 D android.hardware.gnss-service.ranchu: Gnss:onGnssLocationCb:311
12-05 07:04:26.591  1015 17086 D android.hardware.gnss-service.ranchu: Gnss:onGnssLocationCb:321
12-05 07:04:27.578  1015 17086 D android.hardware.gnss-service.ranchu: GnssHwListener:consume:87 sz=64
12-05 07:04:27.581  1015 17086 D android.hardware.gnss-service.ranchu: GnssHwListener:consume:87 sz=64
12-05 07:04:27.581  1015 17086 D android.hardware.gnss-service.ranchu: Gnss:onGnssLocationCb:311
12-05 07:04:27.581  1015 17086 D android.hardware.gnss-service.ranchu: Gnss:onGnssLocationCb:321
12-05 07:04:27.595   695   813 V GrammaticalInflectionUtils: AttributionSource: android.content.AttributionSource@8ecb755a does not have READ_SYSTEM_GRAMMATICAL_GENDER permission.
12-05 07:04:27.596   695   813 D CompatChangeReporter: Compat change id reported: 151861875; UID 10168; state: ENABLED
12-05 07:04:27.599   695   918 D BackgroundInstallControlService: Package event received: 0
12-05 07:04:27.602   695   918 D BackgroundInstallControlService: Package event received: 0
12-05 07:04:27.602   695   918 D BackgroundInstallControlService: Package event received: 0
12-05 07:04:27.602   695   918 D BackgroundInstallControlService: Package event received: 0
12-05 07:04:27.602   695   918 D BackgroundInstallControlService: Package event received: 0
12-05 07:04:27.602   695   918 D BackgroundInstallControlService: Package event received: 0
12-05 07:04:27.607   474   474 D Zygote  : Forked child process 17189
12-05 07:04:27.609   695   753 I ActivityManager: Start proc 17189:com.google.android.youtube/u0a168 for service {com.google.android.youtube/androidx.work.impl.background.systemjob.SystemJobService}
12-05 07:04:27.610   695   753 I ActivityManager: ProcessObserver broadcast disabled
12-05 07:04:27.630 17189 17189 I android.youtube: Using CollectorTypeCC GC.
12-05 07:04:27.631 17189 17189 W android.youtube: Unexpected CPU variant for x86: x86_64.
12-05 07:04:27.631 17189 17189 W android.youtube: Known variants: atom, sandybridge, silvermont, goldmont, goldmont-plus, goldmont-without-sha-xsaves, tremont, kabylake, alderlake, default
12-05 07:04:27.634 17189 17189 E android.youtube: Not starting debugger since process cannot load the jdwp agent.
12-05 07:04:27.638 17189 17189 D nativeloader: Load libframework-connectivity-tiramisu-jni.so using APEX ns com_android_tethering for caller /apex/com.android.tethering/javalib/framework-connectivity-t.jar: ok
12-05 07:04:27.650 17189 17189 D ApplicationLoaders: Returning zygote-cached class loader: /system/framework/org.apache.http.legacy.jar
12-05 07:04:27.650 17189 17189 D ApplicationLoaders: Returning zygote-cached class loader: /system_ext/framework/androidx.window.extensions.jar
12-05 07:04:27.650 17189 17189 D ApplicationLoaders: Returning zygote-cached class loader: /system_ext/framework/androidx.window.sidecar.jar
12-05 07:04:27.696 17189 17189 W android.youtube: Failed to find entry 'classes.dex': Entry not found
12-05 07:04:27.698 17189 17189 W android.youtube: Failed to find entry 'classes.dex': Entry not found
12-05 07:04:27.700 17189 17189 W android.youtube: Failed to find entry 'classes.dex': Entry not found
12-05 07:04:27.701 17189 17189 D nativeloader: Configuring clns-9 for other apk /data/app/~~pZxl6KRCMGUXjNjF-Thjsw==/com.google.android.youtube-GGIkErekq25YV4JrTtCmXA==/base.apk:/data/app/~~pZxl6KRCMGUXjNjF-Thjsw==/com.google.android.youtube-GGIkErekq25YV4JrTtCmXA==/split_config.en.apk:/data/app/~~pZxl6KRCMGUXjNjF-Thjsw==/com.google.android.youtube-GGIkErekq25YV4JrTtCmXA==/split_config.x86_64.apk:/data/app/~~pZxl6KRCMGUXjNjF-Thjsw==/com.google.android.youtube-GGIkErekq25YV4JrTtCmXA==/split_config.xxhdpi.apk. target_sdk_version=35, uses_libraries=, library_path=/data/app/~~pZxl6KRCMGUXjNjF-Thjsw==/com.google.android.youtube-GGIkErekq25YV4JrTtCmXA==/lib/x86_64:/data/app/~~pZxl6KRCMGUXjNjF-Thjsw==/com.google.android.youtube-GGIkErekq25YV4JrTtCmXA==/base.apk!/lib/x86_64:/data/app/~~pZxl6KRCMGUXjNjF-Thjsw==/com.google.android.youtube-GGIkErekq25YV4JrTtCmXA==/split_config.en.apk!/lib/x86_64:/data/app/~~pZxl6KRCMGUXjNjF-Thjsw==/com.google.android.youtube-GGIkErekq25YV4JrTtCmXA==/split_config.x86_64.apk!/lib/x86_64:/data/app/~~pZxl6KRCMGUXjNjF-Thjsw==/com.google
12-05 07:04:27.705 17189 17189 D CompatChangeReporter: Compat change id reported: 202956589; UID 10168; state: ENABLED
12-05 07:04:27.725 17189 17189 I android.youtube: AssetManager2(0x79b0f5293a18) locale list changing from [] to [en-US]
12-05 07:04:27.729 17189 17189 V GraphicsEnvironment: Currently set values for:
12-05 07:04:27.729 17189 17189 V GraphicsEnvironment:   angle_gl_driver_selection_pkgs=[]
12-05 07:04:27.729 17189 17189 V GraphicsEnvironment:   angle_gl_driver_selection_values=[]
12-05 07:04:27.729 17189 17189 V GraphicsEnvironment: com.google.android.youtube is not listed in per-application setting
12-05 07:04:27.729 17189 17189 V GraphicsEnvironment: ANGLE allowlist from config: 
12-05 07:04:27.729 17189 17189 V GraphicsEnvironment: com.google.android.youtube is not listed in ANGLE allowlist or settings, returning default
12-05 07:04:27.729 17189 17189 V GraphicsEnvironment: Neither updatable production driver nor prerelease driver is supported.
12-05 07:04:27.878 17189 17206 D nativeloader: Load /data/app/~~pZxl6KRCMGUXjNjF-Thjsw==/com.google.android.youtube-GGIkErekq25YV4JrTtCmXA==/split_config.x86_64.apk!/lib/x86_64/libnative_crash_handler_jni.so using class loader ns clns-9 (caller=/data/app/~~pZxl6KRCMGUXjNjF-Thjsw==/com.google.android.youtube-GGIkErekq25YV4JrTtCmXA==/base.apk!classes4.dex): ok
12-05 07:04:27.948   695   813 W JobServiceContext: Sending onNetworkChanged for a job that isn't started. JobStatus{4f83f84 androidx.work.systemjobscheduler:u0a168/148 @androidx.work.systemjobscheduler@com.google.android.youtube/androidx.work.impl.background.systemjob.SystemJobService u=0 s=10168 TIME=-50s7ms:none NET READY}
12-05 07:04:27.973   695  1766 D FileUtils: Rounded bytes from 2067255296 to 4000000000
12-05 07:04:28.112 17189 17211 D nativeloader: Load /data/app/~~pZxl6KRCMGUXjNjF-Thjsw==/com.google.android.youtube-GGIkErekq25YV4JrTtCmXA==/split_config.x86_64.apk!/lib/x86_64/libelements.so using class loader ns clns-9 (caller=/data/app/~~pZxl6KRCMGUXjNjF-Thjsw==/com.google.android.youtube-GGIkErekq25YV4JrTtCmXA==/base.apk!classes2.dex): ok
12-05 07:04:28.115   695  1766 D ConnectivityService: requestNetwork for uid/pid:10168/17189 activeRequest: null callbackRequest: 585 [NetworkRequest [ REQUEST id=586, [ Capabilities: INTERNET&NOT_RESTRICTED&TRUSTED&NOT_VCN_MANAGED&NOT_BANDWIDTH_CONSTRAINED Uid: 10168 RequestorUid: 10168 RequestorPkg: com.google.android.youtube UnderlyingNetworks: Null] ]] callback flags: 0 order: 2147483647 isUidTracked: false declaredMethods: AVAIL|NC|BLK
12-05 07:04:28.117   695   871 D ConnectivityService: NetReassign [586 : null â†’ 100] [c 1] [a 1] [i 0]
12-05 07:04:28.119   695   865 D WifiNetworkFactory: got request NetworkRequest [ REQUEST id=586, [ Capabilities: INTERNET&NOT_RESTRICTED&TRUSTED&NOT_VCN_MANAGED&NOT_BANDWIDTH_CONSTRAINED Uid: 10168 RequestorUid: 10168 RequestorPkg: com.google.android.youtube UnderlyingNetworks: Null] ]
12-05 07:04:28.121   695   865 D UntrustedWifiNetworkFactory: got request NetworkRequest [ REQUEST id=586, [ Capabilities: INTERNET&NOT_RESTRICTED&TRUSTED&NOT_VCN_MANAGED&NOT_BANDWIDTH_CONSTRAINED Uid: 10168 RequestorUid: 10168 RequestorPkg: com.google.android.youtube UnderlyingNetworks: Null] ]
12-05 07:04:28.122   695   865 D OemPaidWifiNetworkFactory: got request NetworkRequest [ REQUEST id=586, [ Capabilities: INTERNET&NOT_RESTRICTED&TRUSTED&NOT_VCN_MANAGED&NOT_BANDWIDTH_CONSTRAINED Uid: 10168 RequestorUid: 10168 RequestorPkg: com.google.android.youtube UnderlyingNetworks: Null] ]
12-05 07:04:28.123   695   865 D MultiInternetWifiNetworkFactory: got request NetworkRequest [ REQUEST id=586, [ Capabilities: INTERNET&NOT_RESTRICTED&TRUSTED&NOT_VCN_MANAGED&NOT_BANDWIDTH_CONSTRAINED Uid: 10168 RequestorUid: 10168 RequestorPkg: com.google.android.youtube UnderlyingNetworks: Null] ]
12-05 07:04:28.131   695  1220 D ConnectivityService: requestNetwork for uid/pid:10168/17189 activeRequest: null callbackRequest: 587 [NetworkRequest [ REQUEST id=588, [ Capabilities: INTERNET&NOT_RESTRICTED&TRUSTED&NOT_VCN_MANAGED&NOT_BANDWIDTH_CONSTRAINED Uid: 10168 RequestorUid: 10168 RequestorPkg: com.google.android.youtube UnderlyingNetworks: Null] ]] callback flags: 0 order: 2147483647 isUidTracked: false declaredMethods: AVAIL|LOST|NC|LP
12-05 07:04:28.137   695  1766 D CompatChangeReporter: Compat change id reported: 319212206; UID 10168; state: ENABLED
12-05 07:04:28.137 17189 17203 E ashmem  : Pinning is deprecated since Android Q. Please use trim or other methods.
12-05 07:04:28.142 17189 17219 D CompatChangeReporter: Compat change id reported: 312399441; UID 10168; state: ENABLED
12-05 07:04:28.148  5595  5595 D BoundBrokerSvc: onRebind: Intent { act=com.google.android.gms.common.telemetry.service.START dat=chimera-action:/... xflg=0x4 cmp=com.google.android.gms/.chimera.PersistentApiService }
12-05 07:04:28.148   695   871 D ConnectivityService: NetReassign [588 : null â†’ 100] [c 0] [a 13] [i 2]
